Component: Arm Compiler for Embedded 6.22 Tool: armlink [5ee90200]

==============================================================================

Section Cross References

    app_main.o(.text.main) refers to gd32l23x_fwdgt.o(.text.fwdgt_config) for fwdgt_config
    app_main.o(.text.main) refers to gd32l23x_fwdgt.o(.text.fwdgt_enable) for fwdgt_enable
    app_main.o(.text.main) refers to bsp_port.o(.text.bsp_port_init) for bsp_port_init
    app_main.o(.text.main) refers to bsp_port.o(.text.bsp_port_toggle) for bsp_port_toggle
    app_main.o(.text.main) refers to port_config.o(.text.watch_delay) for watch_delay
    app_main.o(.text.main) refers to bsp.fwdgt.o(.text.feed_fwdgt) for feed_fwdgt
    app_main.o(.text.main) refers to app_main.o(.rodata.str1.1) for .L.str
    app_main.o(.text.main) refers to bsp_log.o(.text.segger_rtt_init) for segger_rtt_init
    app_main.o(.text.main) refers to gd32l23x_rcu.o(.text.rcu_flag_get) for rcu_flag_get
    app_main.o(.text.main) refers to bsp_log.o(.text.print_log) for print_log
    app_main.o(.text.main) refers to bsp_cpu.o(.text.enter_critical_section) for enter_critical_section
    app_main.o(.text.main) refers to spq_function.o(.text.init_args) for init_args
    app_main.o(.text.main) refers to spq_function.o(.text.reg_handler) for reg_handler
    app_main.o(.text.main) refers to app_main.o(.bss.pcBuf) for pcBuf
    app_main.o(.text.main) refers to queque.o(.text.S_QueueEmpty) for S_QueueEmpty
    app_main.o(.text.main) refers to app_main.o(.bss.keyBuf) for keyBuf
    app_main.o(.text.main) refers to app_main.o(.text.bsp_config) for bsp_config
    app_main.o(.text.main) refers to port_config.o(.text.send_buff_clear) for send_buff_clear
    app_main.o(.text.main) refers to bsp_cpu.o(.text.exit_critical_section) for exit_critical_section
    app_main.o(.text.main) refers to actuator.o(.text.actuator_init) for actuator_init
    app_main.o(.text.main) refers to key_test.o(.text.key_status_init) for key_status_init
    app_main.o(.text.main) refers to actuator.o(.text.actuator_poll) for actuator_poll
    app_main.o(.text.main) refers to port_config.o(.text.send_buff_start) for send_buff_start
    app_main.o(.text.main) refers to delay.o(.bss.count_10ms) for count_10ms
    app_main.o(.text.main) refers to queque.o(.text.S_QueueDataLen) for S_QueueDataLen
    app_main.o(.text.main) refers to queque.o(.text.S_QueueDataOut) for S_QueueDataOut
    app_main.o(.text.main) refers to spq_function.o(.text.handle_pc_data) for handle_pc_data
    app_main.o(.text.main) refers to spq_function.o(.text.handle_key_data) for handle_key_data
    app_main.o(.text.main) refers to bsp_cpu.o(.text.enter_low_power) for enter_low_power
    app_main.o(.ARM.exidx.text.main) refers to app_main.o(.text.main) for [Anonymous Symbol]
    app_main.o(.text.bsp_config) refers to bsp_cpu.o(.text.clear_reset_flag) for clear_reset_flag
    app_main.o(.text.bsp_config) refers to bsp_port.o(.text.bsp_port_init) for bsp_port_init
    app_main.o(.text.bsp_config) refers to bsp_port.o(.text.bsp_port_set) for bsp_port_set
    app_main.o(.text.bsp_config) refers to bsp_port.o(.text.bsp_port_toggle) for bsp_port_toggle
    app_main.o(.text.bsp_config) refers to port_config.o(.text.watch_delay) for watch_delay
    app_main.o(.text.bsp_config) refers to bsp.fwdgt.o(.text.feed_fwdgt) for feed_fwdgt
    app_main.o(.text.bsp_config) refers to bsp_uart.o(.text.bsp_uart_init) for bsp_uart_init
    app_main.o(.text.bsp_config) refers to app_main.o(.text.key_rx_handler) for key_rx_handler
    app_main.o(.text.bsp_config) refers to bsp_uart.o(.text.uart_register_callback) for uart_register_callback
    app_main.o(.text.bsp_config) refers to app_main.o(.text.pc_rx_handler) for pc_rx_handler
    app_main.o(.text.bsp_config) refers to delay.o(.text.delay_ms) for delay_ms
    app_main.o(.text.bsp_config) refers to bsp_port.o(.text.bsp_exti_init) for bsp_exti_init
    app_main.o(.text.bsp_config) refers to app_main.o(.text.duanlu_exti_handler) for duanlu_exti_handler
    app_main.o(.text.bsp_config) refers to bsp_port.o(.text.exti_register_callback) for exti_register_callback
    app_main.o(.text.bsp_config) refers to bsp_timer.o(.text.bsp_timer_init) for bsp_timer_init
    app_main.o(.text.bsp_config) refers to app_main.o(.text.led_state_timer_handler) for led_state_timer_handler
    app_main.o(.text.bsp_config) refers to bsp_timer.o(.text.timer_register_callback) for timer_register_callback
    app_main.o(.text.bsp_config) refers to app_main.o(.text.key_state_timer_handler) for key_state_timer_handler
    app_main.o(.ARM.exidx.text.bsp_config) refers to app_main.o(.text.bsp_config) for [Anonymous Symbol]
    app_main.o(.text.key_state_timer_handler) refers to bsp_cpu.o(.text.exit_low_power) for exit_low_power
    app_main.o(.text.key_state_timer_handler) refers to delay.o(.bss.count_10ms) for count_10ms
    app_main.o(.text.key_state_timer_handler) refers to bsp_port.o(.text.bsp_port_toggle) for bsp_port_toggle
[...]
    [Anonymous Symbol]                       0x080061b2   Section        0  gd32l23x_rcu.o(.text.rcu_flag_get)
    [Anonymous Symbol]                       0x080061ec   Section        0  gd32l23x_rcu.o(.text.rcu_periph_clock_enable)
    [Anonymous Symbol]                       0x08006214   Section        0  gd32l23x_rcu.o(.text.rcu_periph_reset_disable)
    [Anonymous Symbol]                       0x0800623c   Section        0  gd32l23x_rcu.o(.text.rcu_periph_reset_enable)
    [Anonymous Symbol]                       0x08006264   Section        0  spq_function.o(.text.reg_handler)
    [Anonymous Symbol]                       0x080063c2   Section        0  bsp_log.o(.text.segger_rtt_init)
    [Anonymous Symbol]                       0x080063d6   Section        0  spq_function.o(.text.send_ack_from_package)
    [Anonymous Symbol]                       0x0800642c   Section        0  port_config.o(.text.send_buff_clear)
    [Anonymous Symbol]                       0x08006454   Section        0  port_config.o(.text.send_buff_start)
    [Anonymous Symbol]                       0x0800653c   Section        0  spq_function.o(.text.send_nack_from_package)
    [Anonymous Symbol]                       0x08006594   Section        0  port_config.o(.text.send_to_key)
    [Anonymous Symbol]                       0x08006604   Section        0  port_config.o(.text.send_to_pc)
    [Anonymous Symbol]                       0x08006674   Section        0  gd32l23x_syscfg.o(.text.syscfg_exti_line_config)
    system_clock_64m_hxtal                   0x0800672f   Thumb Code   322  system_gd32l23x.o(.text.system_clock_64m_hxtal)
    [Anonymous Symbol]                       0x0800672e   Section        0  system_gd32l23x.o(.text.system_clock_64m_hxtal)
    system_clock_config                      0x08006871   Thumb Code     8  system_gd32l23x.o(.text.system_clock_config)
    [Anonymous Symbol]                       0x08006870   Section        0  system_gd32l23x.o(.text.system_clock_config)
    [Anonymous Symbol]                       0x08006878   Section        0  gd32l23x_timer.o(.text.timer_auto_reload_shadow_enable)
    [Anonymous Symbol]                       0x0800688a   Section        0  gd32l23x_timer.o(.text.timer_deinit)
    [Anonymous Symbol]                       0x08006960   Section        0  gd32l23x_timer.o(.text.timer_enable)
    [Anonymous Symbol]                       0x08006972   Section        0  gd32l23x_timer.o(.text.timer_init)
    [Anonymous Symbol]                       0x08006a14   Section        0  gd32l23x_timer.o(.text.timer_interrupt_enable)
    [Anonymous Symbol]                       0x08006a28   Section        0  gd32l23x_timer.o(.text.timer_interrupt_flag_clear)
    [Anonymous Symbol]                       0x08006a3a   Section        0  gd32l23x_timer.o(.text.timer_interrupt_flag_get)
    [Anonymous Symbol]                       0x08006a74   Section        0  bsp_timer.o(.text.timer_register_callback)
    [Anonymous Symbol]                       0x08006aa8   Section        0  gd32l23x_timer.o(.text.timer_struct_para_init)
    [Anonymous Symbol]                       0x08006aca   Section        0  bsp_uart.o(.text.uart_register_callback)
    [Anonymous Symbol]                       0x08006afe   Section        0  port_config.o(.text.uart_send)
    [Anonymous Symbol]                       0x08006b8c   Section        0  gd32l23x_usart.o(.text.usart_baudrate_set)
    [Anonymous Symbol]                       0x08006c7c   Section        0  gd32l23x_usart.o(.text.usart_data_receive)
    [Anonymous Symbol]                       0x08006c8e   Section        0  gd32l23x_usart.o(.text.usart_data_transmit)
    [Anonymous Symbol]                       0x08006ca6   Section        0  gd32l23x_usart.o(.text.usart_deinit)
    [Anonymous Symbol]                       0x08006d3c   Section        0  gd32l23x_usart.o(.text.usart_enable)
    [Anonymous Symbol]                       0x08006d4e   Section        0  gd32l23x_usart.o(.text.usart_flag_get)
    [Anonymous Symbol]                       0x08006d8a   Section        0  gd32l23x_usart.o(.text.usart_interrupt_disable)
    [Anonymous Symbol]                       0x08006dac   Section        0  gd32l23x_usart.o(.text.usart_interrupt_enable)
    [Anonymous Symbol]                       0x08006dce   Section        0  gd32l23x_usart.o(.text.usart_interrupt_flag_clear)
    [Anonymous Symbol]                       0x08006e14   Section        0  gd32l23x_usart.o(.text.usart_interrupt_flag_get)
    [Anonymous Symbol]                       0x08006e76   Section        0  gd32l23x_usart.o(.text.usart_parity_config)
    [Anonymous Symbol]                       0x08006ea4   Section        0  gd32l23x_usart.o(.text.usart_receive_config)
    [Anonymous Symbol]                       0x08006ec2   Section        0  gd32l23x_usart.o(.text.usart_stop_bit_set)
    [Anonymous Symbol]                       0x08006ef0   Section        0  gd32l23x_usart.o(.text.usart_transmit_config)
    [Anonymous Symbol]                       0x08006f0e   Section        0  gd32l23x_usart.o(.text.usart_word_length_set)
    [Anonymous Symbol]                       0x08006f3c   Section        0  gd32l23x_vref.o(.text.vref_deinit)
    [Anonymous Symbol]                       0x08006f4a   Section        0  gd32l23x_vref.o(.text.vref_enable)
    [Anonymous Symbol]                       0x08006f5c   Section        0  gd32l23x_vref.o(.text.vref_high_impedance_mode_disable)
    [Anonymous Symbol]                       0x08006f6e   Section        0  hall.o(.text.vref_init)
    [Anonymous Symbol]                       0x08006f94   Section        0  gd32l23x_vref.o(.text.vref_status_get)
    [Anonymous Symbol]                       0x08006fc0   Section        0  port_config.o(.text.watch_delay)
    [Anonymous Symbol]                       0x08006fe8   Section        0  iap.o(.text.write_update_flag)
    i.__scatterload_copy                     0x0800700c   Section       14  handlers.o(i.__scatterload_copy)
    i.__scatterload_null                     0x0800701a   Section        2  handlers.o(i.__scatterload_null)
    i.__scatterload_zeroinit                 0x0800701c   Section       14  handlers.o(i.__scatterload_zeroinit)
    EXTI_GPIO                                0x0800702c   Data           4  bsp_port.o(.rodata.EXTI_GPIO)
    [Anonymous Symbol]                       0x0800702c   Section        0  bsp_port.o(.rodata.EXTI_GPIO)
    EXTI_GPIO_CLK                            0x08007030   Data           2  bsp_port.o(.rodata.EXTI_GPIO_CLK)
    [Anonymous Symbol]                       0x08007030   Section        0  bsp_port.o(.rodata.EXTI_GPIO_CLK)
    EXTI_IRQn                                0x08007032   Data           1  bsp_port.o(.rodata.EXTI_IRQn)
    [Anonymous Symbol]                       0x08007032   Section        0  bsp_port.o(.rodata.EXTI_IRQn)
    EXTI_LINE                                0x08007034   Data           4  bsp_port.o(.rodata.EXTI_LINE)
    [Anonymous Symbol]                       0x08007034   Section        0  bsp_port.o(.rodata.EXTI_LINE)
    EXTI_PIN                                 0x08007038   Data           4  bsp_port.o(.rodata.EXTI_PIN)
    [Anonymous Symbol]                       0x08007038   Section        0  bsp_port.o(.rodata.EXTI_PIN)
    EXTI_PIN_SOURCE                          0x0800703c   Data           1  bsp_port.o(.rodata.EXTI_PIN_SOURCE)
    [Anonymous Symbol]                       0x0800703c   Section        0  bsp_port.o(.rodata.EXTI_PIN_SOURCE)
    EXTI_PORT_SOURCE                         0x0800703d   Data           1  bsp_port.o(.rodata.EXTI_PORT_SOURCE)
    [Anonymous Symbol]                       0x0800703d   Section        0  bsp_port.o(.rodata.EXTI_PORT_SOURCE)
    PORT_CLK                                 0x0800703e   Data          18  bsp_port.o(.rodata.PORT_CLK)
    [Anonymous Symbol]                       0x0800703e   Section        0  bsp_port.o(.rodata.PORT_CLK)
    PORT_GPIO                                0x08007050   Data          36  bsp_port.o(.rodata.PORT_GPIO)
    [Anonymous Symbol]                       0x08007050   Section        0  bsp_port.o(.rodata.PORT_GPIO)
    PORT_PIN                                 0x08007074   Data          36  bsp_port.o(.rodata.PORT_PIN)
    [Anonymous Symbol]                       0x08007074   Section        0  bsp_port.o(.rodata.PORT_PIN)
    TIMER_CLK                                0x08007098   Data           4  bsp_timer.o(.rodata.TIMER_CLK)
    [Anonymous Symbol]                       0x08007098   Section        0  bsp_timer.o(.rodata.TIMER_CLK)
    TIMER_ID                                 0x0800709c   Data           8  bsp_timer.o(.rodata.TIMER_ID)
    [Anonymous Symbol]                       0x0800709c   Section        0  bsp_timer.o(.rodata.TIMER_ID)
    TIMER_IRQn                               0x080070a4   Data           2  bsp_timer.o(.rodata.TIMER_IRQn)
    [Anonymous Symbol]                       0x080070a4   Section        0  bsp_timer.o(.rodata.TIMER_IRQn)
    USART_AF                                 0x080070a8   Data           8  bsp_uart.o(.rodata.USART_AF)
    [Anonymous Symbol]                       0x080070a8   Section        0  bsp_uart.o(.rodata.USART_AF)
    USART_CLK                                0x080070b0   Data           4  bsp_uart.o(.rodata.USART_CLK)
    [Anonymous Symbol]                       0x080070b0   Section        0  bsp_uart.o(.rodata.USART_CLK)
    USART_GPIO_CLK                           0x080070b4   Data           4  bsp_uart.o(.rodata.USART_GPIO_CLK)
    [Anonymous Symbol]                       0x080070b4   Section        0  bsp_uart.o(.rodata.USART_GPIO_CLK)
    USART_GPIO_PORT                          0x080070b8   Data           8  bsp_uart.o(.rodata.USART_GPIO_PORT)
    [Anonymous Symbol]                       0x080070b8   Section        0  bsp_uart.o(.rodata.USART_GPIO_PORT)
    USART_ID                                 0x080070c0   Data           8  bsp_uart.o(.rodata.USART_ID)
    [Anonymous Symbol]                       0x080070c0   Section        0  bsp_uart.o(.rodata.USART_ID)
    USART_IRQ                                0x080070c8   Data           2  bsp_uart.o(.rodata.USART_IRQ)
    [Anonymous Symbol]                       0x080070c8   Section        0  bsp_uart.o(.rodata.USART_IRQ)
    USART_RX_PIN                             0x080070cc   Data           8  bsp_uart.o(.rodata.USART_RX_PIN)
    [Anonymous Symbol]                       0x080070cc   Section        0  bsp_uart.o(.rodata.USART_RX_PIN)
    USART_TX_PIN                             0x080070d4   Data           8  bsp_uart.o(.rodata.USART_TX_PIN)
    [Anonymous Symbol]                       0x080070d4   Section        0  bsp_uart.o(.rodata.USART_TX_PIN)
    _DoInit._aInitStr                        0x080070dc   Data          17  segger_rtt.o(.rodata._DoInit._aInitStr)
    [Anonymous Symbol]                       0x080070dc   Section        0  segger_rtt.o(.rodata._DoInit._aInitStr)
    _PrintUnsigned._aV2C                     0x080070ed   Data          16  segger_rtt_printf.o(.rodata._PrintUnsigned._aV2C)
    [Anonymous Symbol]                       0x080070ed   Section        0  segger_rtt_printf.o(.rodata._PrintUnsigned._aV2C)
    .L.str                                   0x080070fd   Data          15  app_main.o(.rodata.str1.1)
    [Anonymous Symbol]                       0x080070fd   Section        0  app_main.o(.rodata.str1.1)
    .L.str.2                                 0x0800710c   Data          13  app_main.o(.rodata.str1.1)
    .L.str.1                                 0x08007119   Data          27  app_main.o(.rodata.str1.1)
    .L.str.2                                 0x08007134   Data          18  spq_function.o(.rodata.str1.1)
    [Anonymous Symbol]                       0x08007134   Section        0  spq_function.o(.rodata.str1.1)
    .L.str.1                                 0x08007146   Data          19  spq_function.o(.rodata.str1.1)
    .L.str.2                                 0x08007157   Data           2  spq_function.o(.rodata.str1.1)
    .L.str                                   0x08007159   Data           6  spq_function.o(.rodata.str1.1)
    .L.str.1                                 0x08007159   Data           6  spq_function.o(.rodata.str1.1)
    .L.str.1                                 0x0800715f   Data          16  pc_cmd_handle.o(.rodata.str1.1)
    [Anonymous Symbol]                       0x0800715f   Section        0  pc_cmd_handle.o(.rodata.str1.1)
    .L.str                                   0x0800716f   Data          18  pc_cmd_handle.o(.rodata.str1.1)
    .L.str.3                                 0x08007181   Data          14  port_config.o(.rodata.str1.1)
    [Anonymous Symbol]                       0x08007181   Section        0  port_config.o(.rodata.str1.1)
    .L.str                                   0x0800718f   Data          18  port_config.o(.rodata.str1.1)
    .L.str.4                                 0x080071a1   Data          15  port_config.o(.rodata.str1.1)
    .L.str                                   0x080071b0   Data           9  segger_rtt.o(.rodata.str1.1)
    [Anonymous Symbol]                       0x080071b0   Section        0  segger_rtt.o(.rodata.str1.1)
    .L.str                                   0x080071b9   Data           7  segger_rtt_printf.o(.rodata.str1.1)
    [Anonymous Symbol]                       0x080071b9   Section        0  segger_rtt_printf.o(.rodata.str1.1)
    .L.str.1                                 0x080071c0   Data           7  actuator.o(.rodata.str1.1)
    [Anonymous Symbol]                       0x080071c0   Section        0  actuator.o(.rodata.str1.1)
    .L.str                                   0x080071c7   Data           6  actuator.o(.rodata.str1.1)
    .L.str                                   0x080071cd   Data           8  key_test.o(.rodata.str1.1)
    [Anonymous Symbol]                       0x080071cd   Section        0  key_test.o(.rodata.str1.1)
    .L.str.1                                 0x080071d0   Data           5  key_test.o(.rodata.str1.1)
    .L.str.5                                 0x080071d5   Data           9  key_test.o(.rodata.str1.1)
    .L.str.4                                 0x080071de   Data          13  key_test.o(.rodata.str1.1)
    .L.str.3                                 0x080071eb   Data           8  key_test.o(.rodata.str1.1)
    .L.str.2                                 0x080071ee   Data           5  key_test.o(.rodata.str1.1)
    .L.str.6                                 0x080071fd   Data           7  key_test.o(.rodata.str1.1)
    .L.str.7                                 0x08007204   Data           4  key_test.o(.rodata.str1.1)
    .L.str.8                                 0x08007208   Data           2  key_test.o(.rodata.str1.1)
    handle_key_state.first_start             0x20000026   Data           1  spq_function.o(.data.handle_key_state.first_start)
    [Anonymous Symbol]                       0x20000026   Section        0  spq_function.o(.data.handle_key_state.first_start)
    _acDownBuffer                            0x200000dc   Data          16  segger_rtt.o(.bss._acDownBuffer)
    [Anonymous Symbol]                       0x200000dc   Section        0  segger_rtt.o(.bss._acDownBuffer)
    _acUpBuffer                              0x200000ec   Data        1024  segger_rtt.o(.bss._acUpBuffer)
    [Anonymous Symbol]                       0x200000ec   Section        0  segger_rtt.o(.bss._acUpBuffer)
    key_status_poll.mac                      0x20000ea8   Data           1  key_test.o(.bss.key_status_poll.mac)
    [Anonymous Symbol]                       0x20000ea8   Section        0  key_test.o(.bss.key_status_poll.mac)
    on_update_program.data_buff              0x20000ea9   Data           4  pc_cmd_handle.o(.bss.on_update_program.data_buff)
    [Anonymous Symbol]                       0x20000ea9   Section        0  pc_cmd_handle.o(.bss.on_update_program.data_buff)
    on_update_program.data_len               0x20000ead   Data           1  pc_cmd_handle.o(.bss.on_update_program.data_len)
    [Anonymous Symbol]                       0x20000ead   Section        0  pc_cmd_handle.o(.bss.on_update_program.data_len)
    STACK                                    0x200014e8   Section     1024  startup_gd32l233xx.o(STACK)

    Global Symbols

    Symbol Name                              Value     Ov Type        Size  Object(Section)

    BuildAttributes$$THM_ISAv3M$S$8M$PE$A:L22$X:L11$S22$IEEE1$IW$~IW$USESV6$~STKCKD$USESV7$~SHL$OSPACE$EBA8$MICROLIB$REQ8$PRES8$EABIv2 0x00000000   Number         0  anon$$obj.o ABSOLUTE
    __cpp_initialize__aeabi_                  - Undefined Weak Reference
    __cxa_finalize                            - Undefined Weak Reference
    __decompress                              - Undefined Weak Reference
    _clock_init                               - Undefined Weak Reference
    _microlib_exit                            - Undefined Weak Reference
    __Vectors_Size                           0x00000154   Number         0  startup_gd32l233xx.o ABSOLUTE
    __Vectors                                0x08000000   Data           4  startup_gd32l233xx.o(RESET)
    __Vectors_End                            0x08000154   Data           0  startup_gd32l233xx.o(RESET)
    __main                                   0x08000155   Thumb Code     0  entry.o(.ARM.Collect$$$$00000000)
    _main_stk                                0x08000155   Thumb Code     0  entry2.o(.ARM.Collect$$$$00000001)
    _main_scatterload                        0x08000159   Thumb Code     0  entry5.o(.ARM.Collect$$$$00000004)
    __main_after_scatterload                 0x0800015d   Thumb Code     0  entry5.o(.ARM.Collect$$$$00000004)
    _main_clock                              0x0800015d   Thumb Code     0  entry7b.o(.ARM.Collect$$$$00000008)
    _main_cpp_init                           0x0800015d   Thumb Code     0  entry8b.o(.ARM.Collect$$$$0000000A)
    _main_init                               0x0800015d   Thumb Code     0  entry9a.o(.ARM.Collect$$$$0000000B)
    __rt_final_cpp                           0x08000165   Thumb Code     0  entry10a.o(.ARM.Collect$$$$0000000D)
    __rt_final_exit                          0x08000165   Thumb Code     0  entry11a.o(.ARM.Collect$$$$0000000F)
    Reset_Handler                            0x08000169   Thumb Code     8  startup_gd32l233xx.o(.text)
    NMI_Handler                              0x08000171   Thumb Code     2  startup_gd32l233xx.o(.text)
    HardFault_Handler                        0x08000173   Thumb Code     2  startup_gd32l233xx.o(.text)
    SVC_Handler                              0x08000175   Thumb Code     2  startup_gd32l233xx.o(.text)
    PendSV_Handler                           0x08000177   Thumb Code     2  startup_gd32l233xx.o(.text)
    SysTick_Handler                          0x08000179   Thumb Code     2  startup_gd32l233xx.o(.text)
    ADC_IRQHandler                           0x0800017b   Thumb Code     0  startup_gd32l233xx.o(.text)
    CAU_IRQHandler                           0x0800017b   Thumb Code     0  startup_gd32l233xx.o(.text)
    CMP0_IRQHandler                          0x0800017b   Thumb Code     0  startup_gd32l233xx.o(.text)
    CMP1_IRQHandler                          0x0800017b   Thumb Code     0  startup_gd32l233xx.o(.text)
    DAC_IRQHandler                           0x0800017b   Thumb Code     0  startup_gd32l233xx.o(.text)
    DMAMUX_IRQHandler                        0x0800017b   Thumb Code     0  startup_gd32l233xx.o(.text)
    DMA_Channel0_IRQHandler                  0x0800017b   Thumb Code     0  startup_gd32l233xx.o(.text)
    DMA_Channel1_IRQHandler                  0x0800017b   Thumb Code     0  startup_gd32l233xx.o(.text)
    DMA_Channel2_IRQHandler                  0x0800017b   Thumb Code     0  startup_gd32l233xx.o(.text)
    DMA_Channel3_IRQHandler                  0x0800017b   Thumb Code     0  startup_gd32l233xx.o(.text)
    DMA_Channel4_IRQHandler                  0x0800017b   Thumb Code     0  startup_gd32l233xx.o(.text)
    DMA_Channel5_IRQHandler                  0x0800017b   Thumb Code     0  startup_gd32l233xx.o(.text)
    DMA_Channel6_IRQHandler                  0x0800017b   Thumb Code     0  startup_gd32l233xx.o(.text)
    EXTI0_IRQHandler                         0x0800017b   Thumb Code     0  startup_gd32l233xx.o(.text)
    EXTI1_IRQHandler                         0x0800017b   Thumb Code     0  startup_gd32l233xx.o(.text)
    EXTI2_IRQHandler                         0x0800017b   Thumb Code     0  startup_gd32l233xx.o(.text)
    EXTI3_IRQHandler                         0x0800017b   Thumb Code     0  startup_gd32l233xx.o(.text)
    EXTI4_IRQHandler                         0x0800017b   Thumb Code     0  startup_gd32l233xx.o(.text)
    EXTI5_9_IRQHandler                       0x0800017b   Thumb Code     0  startup_gd32l233xx.o(.text)
    FMC_IRQHandler                           0x0800017b   Thumb Code     0  startup_gd32l233xx.o(.text)
    I2C0_ER_IRQHandler                       0x0800017b   Thumb Code     0  startup_gd32l233xx.o(.text)
    I2C0_EV_IRQHandler                       0x0800017b   Thumb Code     0  startup_gd32l233xx.o(.text)
    I2C0_WKUP_IRQHandler                     0x0800017b   Thumb Code     0  startup_gd32l233xx.o(.text)
    I2C1_ER_IRQHandler                       0x0800017b   Thumb Code     0  startup_gd32l233xx.o(.text)
    I2C1_EV_IRQHandler                       0x0800017b   Thumb Code     0  startup_gd32l233xx.o(.text)
    I2C1_WKUP_IRQHandler                     0x0800017b   Thumb Code     0  startup_gd32l233xx.o(.text)
    I2C2_ER_IRQHandler                       0x0800017b   Thumb Code     0  startup_gd32l233xx.o(.text)
    I2C2_EV_IRQHandler                       0x0800017b   Thumb Code     0  startup_gd32l233xx.o(.text)
    I2C2_WKUP_IRQHandler                     0x0800017b   Thumb Code     0  startup_gd32l233xx.o(.text)
    LPTIMER_IRQHandler                       0x0800017b   Thumb Code     0  startup_gd32l233xx.o(.text)
    LPUART_IRQHandler                        0x0800017b   Thumb Code     0  startup_gd32l233xx.o(.text)
    LPUART_WKUP_IRQHandler                   0x0800017b   Thumb Code     0  startup_gd32l233xx.o(.text)
    LVD_IRQHandler                           0x0800017b   Thumb Code     0  startup_gd32l233xx.o(.text)
    RCU_CTC_IRQHandler                       0x0800017b   Thumb Code     0  startup_gd32l233xx.o(.text)
    RTC_Alarm_IRQHandler                     0x0800017b   Thumb Code     0  startup_gd32l233xx.o(.text)
    RTC_WKUP_IRQHandler                      0x0800017b   Thumb Code     0  startup_gd32l233xx.o(.text)
    SLCD_IRQHandler                          0x0800017b   Thumb Code     0  startup_gd32l233xx.o(.text)
    SPI0_IRQHandler                          0x0800017b   Thumb Code     0  startup_gd32l233xx.o(.text)
    SPI1_IRQHandler                          0x0800017b   Thumb Code     0  startup_gd32l233xx.o(.text)
    TAMPER_STAMP_IRQHandler                  0x0800017b   Thumb Code     0  startup_gd32l233xx.o(.text)
    TIMER11_IRQHandler                       0x0800017b   Thumb Code     0  startup_gd32l233xx.o(.text)
    TIMER1_IRQHandler                        0x0800017b   Thumb Code     0  startup_gd32l233xx.o(.text)
    TIMER2_IRQHandler                        0x0800017b   Thumb Code     0  startup_gd32l233xx.o(.text)
    TIMER8_IRQHandler                        0x0800017b   Thumb Code     0  startup_gd32l233xx.o(.text)
    TRNG_IRQHandler                          0x0800017b   Thumb Code     0  startup_gd32l233xx.o(.text)
    UART3_IRQHandler                         0x0800017b   Thumb Code     0  startup_gd32l233xx.o(.text)
    USART0_WKUP_IRQHandler                   0x0800017b   Thumb Code     0  startup_gd32l233xx.o(.text)
    USART1_IRQHandler                        0x0800017b   Thumb Code     0  startup_gd32l233xx.o(.text)
    USART1_WKUP_IRQHandler                   0x0800017b   Thumb Code     0  startup_gd32l233xx.o(.text)
    USBD_HP_IRQHandler                       0x0800017b   Thumb Code     0  startup_gd32l233xx.o(.text)
    USBD_LP_IRQHandler                       0x0800017b   Thumb Code     0  startup_gd32l233xx.o(.text)
    USBD_WKUP_IRQHandler                     0x0800017b   Thumb Code     0  startup_gd32l233xx.o(.text)
    WWDGT_IRQHandler                         0x0800017b   Thumb Code     0  startup_gd32l233xx.o(.text)
    __aeabi_uldivmod                         0x08000185   Thumb Code    96  uldiv.o(.text)
    __aeabi_memcpy                           0x080001e5   Thumb Code    36  memcpya.o(.text)
    __aeabi_memcpy4                          0x080001e5   Thumb Code     0  memcpya.o(.text)
    __aeabi_memcpy8                          0x080001e5   Thumb Code     0  memcpya.o(.text)
    __aeabi_memset                           0x08000209   Thumb Code    14  memseta.o(.text)
    __aeabi_memset4                          0x08000209   Thumb Code     0  memseta.o(.text)
    __aeabi_memset8                          0x08000209   Thumb Code     0  memseta.o(.text)
    __aeabi_memclr                           0x08000217   Thumb Code     4  memseta.o(.text)
    __aeabi_memclr4                          0x08000217   Thumb Code     0  memseta.o(.text)
    __aeabi_memclr8                          0x08000217   Thumb Code     0  memseta.o(.text)
    _memset$wrapper                          0x0800021b   Thumb Code    18  memseta.o(.text)
    __aeabi_llsl                             0x0800022d   Thumb Code    32  llshl.o(.text)
    _ll_shift_l                              0x0800022d   Thumb Code     0  llshl.o(.text)
    __aeabi_llsr                             0x0800024d   Thumb Code    34  llushr.o(.text)
    _ll_ushift_r                             0x0800024d   Thumb Code     0  llushr.o(.text)
    __scatterload                            0x08000271   Thumb Code    38  init.o(.text)
    __scatterload_rt2                        0x08000271   Thumb Code     0  init.o(.text)
    EXTI10_15_IRQHandler                     0x080002a1   Thumb Code    66  bsp_port.o(.text.EXTI10_15_IRQHandler)
    OPEN_FMQ                                 0x080002e3   Thumb Code    62  spq_function.o(.text.OPEN_FMQ)
    SEGGER_RTT_Init                          0x08000321   Thumb Code     8  segger_rtt.o(.text.SEGGER_RTT_Init)
    SEGGER_RTT_Write                         0x08000329   Thumb Code    76  segger_rtt.o(.text.SEGGER_RTT_Write)
    SEGGER_RTT_WriteNoLock                   0x08000375   Thumb Code   174  segger_rtt.o(.text.SEGGER_RTT_WriteNoLock)
    SEGGER_RTT_vprintf                       0x08000425   Thumb Code   916  segger_rtt_printf.o(.text.SEGGER_RTT_vprintf)
    S_QueueDataIn                            0x080007b9   Thumb Code   186  queque.o(.text.S_QueueDataIn)
    S_QueueDataLen                           0x08000873   Thumb Code    90  queque.o(.text.S_QueueDataLen)
    S_QueueDataOut                           0x080008cd   Thumb Code   122  queque.o(.text.S_QueueDataOut)
    S_QueueEmpty                             0x08000947   Thumb Code    24  queque.o(.text.S_QueueEmpty)
    SystemInit                               0x0800095f   Thumb Code   338  system_gd32l23x.o(.text.SystemInit)
    TIMER5_IRQHandler                        0x08000ab1   Thumb Code    78  bsp_timer.o(.text.TIMER5_IRQHandler)
    TIMER6_IRQHandler                        0x08000aff   Thumb Code    78  bsp_timer.o(.text.TIMER6_IRQHandler)
    UART4_IRQHandler                         0x08000b4d   Thumb Code   102  bsp_uart.o(.text.UART4_IRQHandler)
    USART0_IRQHandler                        0x08000bb3   Thumb Code   102  bsp_uart.o(.text.USART0_IRQHandler)
    actuator_init                            0x08001365   Thumb Code    24  actuator.o(.text.actuator_init)
    actuator_lock                            0x0800137d   Thumb Code    14  actuator.o(.text.actuator_lock)
    actuator_poll                            0x080013f7   Thumb Code    88  actuator.o(.text.actuator_poll)
    actuator_unlock                          0x08001561   Thumb Code    14  actuator.o(.text.actuator_unlock)
    adc_calibration_enable                   0x080015db   Thumb Code    78  gd32l23x_adc.o(.text.adc_calibration_enable)
    adc_channel_length_config                0x08001629   Thumb Code   166  gd32l23x_adc.o(.text.adc_channel_length_config)
    adc_charge_pulse_width_counter           0x080016cf   Thumb Code    26  gd32l23x_adc.o(.text.adc_charge_pulse_width_counter)
    adc_data_alignment_config                0x080016e9   Thumb Code    58  gd32l23x_adc.o(.text.adc_data_alignment_config)
    adc_enable                               0x08001723   Thumb Code    46  gd32l23x_adc.o(.text.adc_enable)
    adc_external_trigger_config              0x08001751   Thumb Code   156  gd32l23x_adc.o(.text.adc_external_trigger_config)
    adc_external_trigger_source_config       0x080017ed   Thumb Code    98  gd32l23x_adc.o(.text.adc_external_trigger_source_config)
    adc_flag_clear                           0x0800184f   Thumb Code    24  gd32l23x_adc.o(.text.adc_flag_clear)
    adc_flag_get                             0x08001867   Thumb Code    44  gd32l23x_adc.o(.text.adc_flag_get)
    adc_routine_channel_config               0x08001893   Thumb Code   342  gd32l23x_adc.o(.text.adc_routine_channel_config)
    adc_routine_data_read                    0x080019e9   Thumb Code    14  gd32l23x_adc.o(.text.adc_routine_data_read)
    adc_software_trigger_enable              0x080019f7   Thumb Code    72  gd32l23x_adc.o(.text.adc_software_trigger_enable)
    bsp_exti_init                            0x08001b6f   Thumb Code   174  bsp_port.o(.text.bsp_exti_init)
    bsp_get_port_value                       0x08001c1d   Thumb Code    42  bsp_port.o(.text.bsp_get_port_value)
    bsp_get_uart_rx_io_status                0x08001c47   Thumb Code    42  bsp_uart.o(.text.bsp_get_uart_rx_io_status)
    bsp_port_init                            0x08001c71   Thumb Code   112  bsp_port.o(.text.bsp_port_init)
    bsp_port_set                             0x08001ce1   Thumb Code    86  bsp_port.o(.text.bsp_port_set)
    bsp_port_toggle                          0x08001d37   Thumb Code    42  bsp_port.o(.text.bsp_port_toggle)
    bsp_timer_init                           0x08001d61   Thumb Code   226  bsp_timer.o(.text.bsp_timer_init)
    bsp_uart_init                            0x08001e43   Thumb Code   396  bsp_uart.o(.text.bsp_uart_init)
    bsp_usart_send_byte                      0x08001fcf   Thumb Code    72  bsp_uart.o(.text.bsp_usart_send_byte)
    clear_reset_flag                         0x08002017   Thumb Code     8  bsp_cpu.o(.text.clear_reset_flag)
    delay_2_5us                              0x0800201f   Thumb Code    32  delay.o(.text.delay_2_5us)
    delay_ms                                 0x0800205f   Thumb Code    64  delay.o(.text.delay_ms)
    delay_us                                 0x0800209f   Thumb Code    46  delay.o(.text.delay_us)
    do_nothing                               0x080020cd   Thumb Code     2  pc_cmd_handle.o(.text.do_nothing)
    duanlu_exti_handler                      0x080020cf   Thumb Code    26  app_main.o(.text.duanlu_exti_handler)
    enter_critical_section                   0x080020e9   Thumb Code    26  bsp_cpu.o(.text.enter_critical_section)
    enter_low_power                          0x08002103   Thumb Code    14  bsp_cpu.o(.text.enter_low_power)
    exit_critical_section                    0x08002111   Thumb Code    24  bsp_cpu.o(.text.exit_critical_section)
    exit_low_power                           0x08002129   Thumb Code    24  bsp_cpu.o(.text.exit_low_power)
    exti_init                                0x08002141   Thumb Code   278  gd32l23x_exti.o(.text.exti_init)
    exti_interrupt_flag_clear                0x08002257   Thumb Code    20  gd32l23x_exti.o(.text.exti_interrupt_flag_clear)
    exti_interrupt_flag_get                  0x0800226b   Thumb Code    46  gd32l23x_exti.o(.text.exti_interrupt_flag_get)
    exti_register_callback                   0x08002299   Thumb Code    52  bsp_port.o(.text.exti_register_callback)
    feed_fwdgt                               0x080022cd   Thumb Code     8  bsp.fwdgt.o(.text.feed_fwdgt)
    fmc_contiune_write                       0x080022d5   Thumb Code   110  port_config.o(.text.fmc_contiune_write)
    fmc_erase_pages                          0x08002343   Thumb Code   126  bsp_flash.o(.text.fmc_erase_pages)
    fmc_flag_clear                           0x080023c1   Thumb Code    36  gd32l23x_fmc.o(.text.fmc_flag_clear)
    fmc_lock                                 0x08002409   Thumb Code    18  gd32l23x_fmc.o(.text.fmc_lock)
    fmc_page_erase                           0x0800241b   Thumb Code    98  gd32l23x_fmc.o(.text.fmc_page_erase)
    fmc_unlock                               0x0800256f   Thumb Code    50  gd32l23x_fmc.o(.text.fmc_unlock)
    fmc_word_program                         0x080025a1   Thumb Code    84  gd32l23x_fmc.o(.text.fmc_word_program)
    fmc_write_word                           0x080025f5   Thumb Code   116  bsp_flash.o(.text.fmc_write_word)
    fwdgt_config                             0x08002669   Thumb Code   248  gd32l23x_fwdgt.o(.text.fwdgt_config)
    fwdgt_counter_reload                     0x08002761   Thumb Code    16  gd32l23x_fwdgt.o(.text.fwdgt_counter_reload)
    fwdgt_enable                             0x08002771   Thumb Code    16  gd32l23x_fwdgt.o(.text.fwdgt_enable)
    get_actuator_hall_value                  0x08002781   Thumb Code    86  actuator.o(.text.get_actuator_hall_value)
    get_key_handler                          0x08002b79   Thumb Code    42  key_cmd_handle.o(.text.get_key_handler)
    get_package_data                         0x08002ba3   Thumb Code   210  spq_function.o(.text.get_package_data)
    get_package_direction                    0x08002c75   Thumb Code   142  spq_function.o(.text.get_package_direction)
    gpio_af_set                              0x08002d4b   Thumb Code   192  gd32l23x_gpio.o(.text.gpio_af_set)
    gpio_bit_reset                           0x08002e0b   Thumb Code    16  gd32l23x_gpio.o(.text.gpio_bit_reset)
    gpio_bit_set                             0x08002e1b   Thumb Code    16  gd32l23x_gpio.o(.text.gpio_bit_set)
    gpio_bit_toggle                          0x08002e2b   Thumb Code    16  gd32l23x_gpio.o(.text.gpio_bit_toggle)
    gpio_input_bit_get                       0x08002e3b   Thumb Code    42  gd32l23x_gpio.o(.text.gpio_input_bit_get)
    gpio_mode_set                            0x08002e65   Thumb Code   142  gd32l23x_gpio.o(.text.gpio_mode_set)
    gpio_output_options_set                  0x08002ef3   Thumb Code   138  gd32l23x_gpio.o(.text.gpio_output_options_set)
    hall_adc_get                             0x08002f7d   Thumb Code    50  hall.o(.text.hall_adc_get)
    hall_adc_init                            0x08002faf   Thumb Code   104  hall.o(.text.hall_adc_init)
    handle_duanlu                            0x08003017   Thumb Code    74  spq_function.o(.text.handle_duanlu)
    handle_key_data                          0x08003061   Thumb Code  1198  spq_function.o(.text.handle_key_data)
    handle_key_state                         0x08003511   Thumb Code  1834  spq_function.o(.text.handle_key_state)
    handle_led_state                         0x08003c3b   Thumb Code   564  spq_function.o(.text.handle_led_state)
    handle_pc_data                           0x08003e71   Thumb Code  1182  spq_function.o(.text.handle_pc_data)
    init_args                                0x0800430f   Thumb Code    44  spq_function.o(.text.init_args)
    key_state_timer_handler                  0x08004379   Thumb Code    40  app_main.o(.text.key_state_timer_handler)
    key_status_init                          0x080043a1   Thumb Code    74  key_test.o(.text.key_status_init)
    key_status_poll                          0x080043ed   Thumb Code   388  key_test.o(.text.key_status_poll)
    led_state_timer_handler                  0x08004571   Thumb Code    26  app_main.o(.text.led_state_timer_handler)
    main                                     0x0800458b   Thumb Code   422  app_main.o(.text.main)
    mcu_software_reset                       0x08004731   Thumb Code    16  bsp_cpu.o(.text.mcu_software_reset)
    motor_init                               0x08004741   Thumb Code    84  motor.o(.text.motor_init)
    motor_off                                0x08004795   Thumb Code    32  motor.o(.text.motor_off)
    motor_right_on_pwm                       0x080047b5   Thumb Code   112  motor.o(.text.motor_right_on_pwm)
    nvic_irq_enable                          0x08004825   Thumb Code    44  gd32l23x_misc.o(.text.nvic_irq_enable)
    nvic_vector_table_set                    0x08004851   Thumb Code    40  gd32l23x_misc.o(.text.nvic_vector_table_set)
    on_get_device_info                       0x08004879   Thumb Code   148  pc_cmd_handle.o(.text.on_get_device_info)
    on_get_key_state                         0x0800490d   Thumb Code   234  pc_cmd_handle.o(.text.on_get_key_state)
    on_key_response_package                  0x080049f7   Thumb Code   136  key_cmd_handle.o(.text.on_key_response_package)
    on_key_response_state                    0x08004a7f   Thumb Code   190  key_cmd_handle.o(.text.on_key_response_state)
    on_kiss_adapter_id                       0x08004b3d   Thumb Code   382  pc_cmd_handle.o(.text.on_kiss_adapter_id)
    on_opera_actuator                        0x08004cbb   Thumb Code   202  pc_cmd_handle.o(.text.on_opera_actuator)
    on_other_command                         0x08004d85   Thumb Code   292  pc_cmd_handle.o(.text.on_other_command)
    on_reset_adapter_id                      0x08004ea9   Thumb Code    68  pc_cmd_handle.o(.text.on_reset_adapter_id)
    on_set_adapter_address                   0x08004eed   Thumb Code   256  pc_cmd_handle.o(.text.on_set_adapter_address)
    on_set_key_address                       0x08004fed   Thumb Code   160  pc_cmd_handle.o(.text.on_set_key_address)
    on_set_key_id                            0x0800508d   Thumb Code   108  pc_cmd_handle.o(.text.on_set_key_id)
    on_set_mode                              0x080050f9   Thumb Code    80  pc_cmd_handle.o(.text.on_set_mode)
    on_sync_end                              0x08005149   Thumb Code    96  pc_cmd_handle.o(.text.on_sync_end)
    on_update_command                        0x080051a9   Thumb Code   384  pc_cmd_handle.o(.text.on_update_command)
    on_update_interrupt_table                0x08005329   Thumb Code   226  pc_cmd_handle.o(.text.on_update_interrupt_table)
    on_update_program                        0x0800540b   Thumb Code   876  pc_cmd_handle.o(.text.on_update_program)
    pmu_to_sleepmode                         0x080057b5   Thumb Code   100  gd32l23x_pmu.o(.text.pmu_to_sleepmode)
    print_log                                0x08005819   Thumb Code    40  bsp_log.o(.text.print_log)
    rcu_adc_clock_config                     0x080058a3   Thumb Code   144  gd32l23x_rcu.o(.text.rcu_adc_clock_config)
    rcu_all_reset_flag_clear                 0x08005933   Thumb Code    20  gd32l23x_rcu.o(.text.rcu_all_reset_flag_clear)
    rcu_clock_freq_get                       0x08005949   Thumb Code  2154  gd32l23x_rcu.o(.text.rcu_clock_freq_get)
    rcu_flag_get                             0x080061b3   Thumb Code    58  gd32l23x_rcu.o(.text.rcu_flag_get)
    rcu_periph_clock_enable                  0x080061ed   Thumb Code    40  gd32l23x_rcu.o(.text.rcu_periph_clock_enable)
    rcu_periph_reset_disable                 0x08006215   Thumb Code    40  gd32l23x_rcu.o(.text.rcu_periph_reset_disable)
    rcu_periph_reset_enable                  0x0800623d   Thumb Code    40  gd32l23x_rcu.o(.text.rcu_periph_reset_enable)
    reg_handler                              0x08006265   Thumb Code   350  spq_function.o(.text.reg_handler)
    segger_rtt_init                          0x080063c3   Thumb Code    20  bsp_log.o(.text.segger_rtt_init)
    send_ack_from_package                    0x080063d7   Thumb Code    86  spq_function.o(.text.send_ack_from_package)
    send_buff_clear                          0x0800642d   Thumb Code    40  port_config.o(.text.send_buff_clear)
    send_buff_start                          0x08006455   Thumb Code   232  port_config.o(.text.send_buff_start)
    send_nack_from_package                   0x0800653d   Thumb Code    88  spq_function.o(.text.send_nack_from_package)
    send_to_key                              0x08006595   Thumb Code   112  port_config.o(.text.send_to_key)
    send_to_pc                               0x08006605   Thumb Code   112  port_config.o(.text.send_to_pc)
    syscfg_exti_line_config                  0x08006675   Thumb Code   186  gd32l23x_syscfg.o(.text.syscfg_exti_line_config)
    timer_auto_reload_shadow_enable          0x08006879   Thumb Code    18  gd32l23x_timer.o(.text.timer_auto_reload_shadow_enable)
    timer_deinit                             0x0800688b   Thumb Code   214  gd32l23x_timer.o(.text.timer_deinit)
    timer_enable                             0x08006961   Thumb Code    18  gd32l23x_timer.o(.text.timer_enable)
    timer_init                               0x08006973   Thumb Code   162  gd32l23x_timer.o(.text.timer_init)
    timer_interrupt_enable                   0x08006a15   Thumb Code    20  gd32l23x_timer.o(.text.timer_interrupt_enable)
    timer_interrupt_flag_clear               0x08006a29   Thumb Code    18  gd32l23x_timer.o(.text.timer_interrupt_flag_clear)
    timer_interrupt_flag_get                 0x08006a3b   Thumb Code    58  gd32l23x_timer.o(.text.timer_interrupt_flag_get)
    timer_register_callback                  0x08006a75   Thumb Code    52  bsp_timer.o(.text.timer_register_callback)
    timer_struct_para_init                   0x08006aa9   Thumb Code    34  gd32l23x_timer.o(.text.timer_struct_para_init)
    uart_register_callback                   0x08006acb   Thumb Code    52  bsp_uart.o(.text.uart_register_callback)
    uart_send                                0x08006aff   Thumb Code   142  port_config.o(.text.uart_send)
    usart_baudrate_set                       0x08006b8d   Thumb Code   240  gd32l23x_usart.o(.text.usart_baudrate_set)
    usart_data_receive                       0x08006c7d   Thumb Code    18  gd32l23x_usart.o(.text.usart_data_receive)
    usart_data_transmit                      0x08006c8f   Thumb Code    24  gd32l23x_usart.o(.text.usart_data_transmit)
    usart_deinit                             0x08006ca7   Thumb Code   150  gd32l23x_usart.o(.text.usart_deinit)
    usart_enable                             0x08006d3d   Thumb Code    18  gd32l23x_usart.o(.text.usart_enable)
    usart_flag_get                           0x08006d4f   Thumb Code    60  gd32l23x_usart.o(.text.usart_flag_get)
    usart_interrupt_disable                  0x08006d8b   Thumb Code    34  gd32l23x_usart.o(.text.usart_interrupt_disable)
    usart_interrupt_enable                   0x08006dad   Thumb Code    34  gd32l23x_usart.o(.text.usart_interrupt_enable)
    usart_interrupt_flag_clear               0x08006dcf   Thumb Code    70  gd32l23x_usart.o(.text.usart_interrupt_flag_clear)
    usart_interrupt_flag_get                 0x08006e15   Thumb Code    98  gd32l23x_usart.o(.text.usart_interrupt_flag_get)
    usart_parity_config                      0x08006e77   Thumb Code    46  gd32l23x_usart.o(.text.usart_parity_config)
    usart_receive_config                     0x08006ea5   Thumb Code    30  gd32l23x_usart.o(.text.usart_receive_config)
    usart_stop_bit_set                       0x08006ec3   Thumb Code    46  gd32l23x_usart.o(.text.usart_stop_bit_set)
    usart_transmit_config                    0x08006ef1   Thumb Code    30  gd32l23x_usart.o(.text.usart_transmit_config)
    usart_word_length_set                    0x08006f0f   Thumb Code    46  gd32l23x_usart.o(.text.usart_word_length_set)
    vref_deinit                              0x08006f3d   Thumb Code    14  gd32l23x_vref.o(.text.vref_deinit)
    vref_enable                              0x08006f4b   Thumb Code    18  gd32l23x_vref.o(.text.vref_enable)
    vref_high_impedance_mode_disable         0x08006f5d   Thumb Code    18  gd32l23x_vref.o(.text.vref_high_impedance_mode_disable)
    vref_init                                0x08006f6f   Thumb Code    38  hall.o(.text.vref_init)
    vref_status_get                          0x08006f95   Thumb Code    44  gd32l23x_vref.o(.text.vref_status_get)
    watch_delay                              0x08006fc1   Thumb Code    40  port_config.o(.text.watch_delay)
    write_update_flag                        0x08006fe9   Thumb Code    36  iap.o(.text.write_update_flag)
    __scatterload_copy                       0x0800700d   Thumb Code    14  handlers.o(i.__scatterload_copy)
    __scatterload_null                       0x0800701b   Thumb Code     2  handlers.o(i.__scatterload_null)
    __scatterload_zeroinit                   0x0800701d   Thumb Code    14  handlers.o(i.__scatterload_zeroinit)
    Region$$Table$$Base                      0x080071fc   Number         0  anon$$obj.o(Region$$Table)
    Region$$Table$$Limit                     0x0800721c   Number         0  anon$$obj.o(Region$$Table)
    g_blink                                  0x20000000   Data           2  spq_function.o(.data.g_blink)
    g_disable_charging_time                  0x20000002   Data           2  spq_function.o(.data.g_disable_charging_time)
    g_key_address                            0x20000004   Data           2  spq_function.o(.data.g_key_address)
    g_key_id                                 0x20000008   Data           4  spq_function.o(.data.g_key_id)
    g_key_state_data                         0x2000000c   Data          21  spq_function.o(.data.g_key_state_data)
    g_on_new_state                           0x20000022   Data           2  spq_function.o(.data.g_on_new_state)
    g_update_index                           0x20000024   Data           2  spq_function.o(.data.g_update_index)
    send_delay_from_uart1                    0x20000028   Data           2  spq_function.o(.data.send_delay_from_uart1)
    RxData0                                  0x20000030   Data           1  spq_function.o(.bss.RxData0)
    RxData1                                  0x20000031   Data           1  spq_function.o(.bss.RxData1)
    _SEGGER_RTT                              0x20000034   Data         168  segger_rtt.o(.bss._SEGGER_RTT)
    count_10ms                               0x200004ec   Data           4  delay.o(.bss.count_10ms)
    dataIndex0                               0x200004f0   Data           2  spq_function.o(.bss.dataIndex0)
    dataIndex1                               0x200004f2   Data           2  spq_function.o(.bss.dataIndex1)
    dataLen0                                 0x200004f4   Data           4  spq_function.o(.bss.dataLen0)
    dataLen1                                 0x200004f8   Data           4  spq_function.o(.bss.dataLen1)
    exti_handlers                            0x200004fc   Data           4  bsp_port.o(.bss.exti_handlers)
    g_actuator_action                        0x20000500   Data           1  actuator.o(.bss.g_actuator_action)
    g_buf                                    0x20000501   Data         256  spq_function.o(.bss.g_buf)
    g_check_key_flag                         0x20000602   Data           2  spq_function.o(.bss.g_check_key_flag)
    g_checking_key_state                     0x20000604   Data           2  spq_function.o(.bss.g_checking_key_state)
    g_comm_port_error                        0x20000606   Data           2  spq_function.o(.bss.g_comm_port_error)
    g_current_package_index                  0x20000608   Data           2  spq_function.o(.bss.g_current_package_index)
    g_default_pc_handler                     0x2000060c   Data           4  spq_function.o(.bss.g_default_pc_handler)
    g_key_charge_state                       0x20000610   Data           2  spq_function.o(.bss.g_key_charge_state)
    g_key_flags                              0x20000612   Data           1  spq_function.o(.bss.g_key_flags)
    g_key_sync                               0x20000614   Data           2  spq_function.o(.bss.g_key_sync)
    g_last_checking_time                     0x20000616   Data           8  spq_function.o(.bss.g_last_checking_time)
    g_last_time                              0x2000061e   Data           8  spq_function.o(.bss.g_last_time)
    g_mode                                   0x20000626   Data           2  spq_function.o(.bss.g_mode)
    g_now_time                               0x20000628   Data           8  spq_function.o(.bss.g_now_time)
    g_p35_high_count                         0x20000630   Data           2  spq_function.o(.bss.g_p35_high_count)
    g_p_new_uart0                            0x20000632   Data           2  spq_function.o(.bss.g_p_new_uart0)
    g_p_new_uart1                            0x20000634   Data           2  spq_function.o(.bss.g_p_new_uart1)
    g_p_old_uart0                            0x20000636   Data           2  spq_function.o(.bss.g_p_old_uart0)
    g_p_old_uart1                            0x20000638   Data           2  spq_function.o(.bss.g_p_old_uart1)
    g_package                                0x2000063c   Data          16  spq_function.o(.bss.g_package)
    g_pc_handler                             0x2000064c   Data        1024  spq_function.o(.bss.g_pc_handler)
    g_port1_error                            0x20000a4c   Data           2  spq_function.o(.bss.g_port1_error)
    g_query_key_timeout                      0x20000a4e   Data           2  spq_function.o(.bss.g_query_key_timeout)
    g_recv_key_state                         0x20000a50   Data           2  spq_function.o(.bss.g_recv_key_state)
    g_recv_key_time                          0x20000a52   Data           8  spq_function.o(.bss.g_recv_key_time)
    g_recv_task_flag                         0x20000a5a   Data           2  spq_function.o(.bss.g_recv_task_flag)
    g_temp_char                              0x20000a5c   Data           1  spq_function.o(.bss.g_temp_char)
    g_temp_uchar                             0x20000a5d   Data           1  spq_function.o(.bss.g_temp_uchar)
    g_temp_uint                              0x20000a5e   Data           2  spq_function.o(.bss.g_temp_uint)
    g_timerA_tick                            0x20000a60   Data           2  spq_function.o(.bss.g_timerA_tick)
    g_timerB_tick                            0x20000a62   Data           2  spq_function.o(.bss.g_timerB_tick)
    g_uart_data_flags                        0x20000a64   Data           2  spq_function.o(.bss.g_uart_data_flags)
    g_uart_package0                          0x20000a68   Data          16  spq_function.o(.bss.g_uart_package0)
    g_uart_package1                          0x20000a78   Data          16  spq_function.o(.bss.g_uart_package1)
    g_update_step                            0x20000a88   Data           2  spq_function.o(.bss.g_update_step)
    gc_check_full_count                      0x20000a8a   Data           2  spq_function.o(.bss.gc_check_full_count)
    gc_query_key_count                       0x20000a8c   Data           2  spq_function.o(.bss.gc_query_key_count)
    headerFlag0                              0x20000a8e   Data           1  spq_function.o(.bss.headerFlag0)
    headerFlag1                              0x20000a8f   Data           1  spq_function.o(.bss.headerFlag1)
    keyBuf                                   0x20000a90   Data         524  app_main.o(.bss.keyBuf)
    keyTxBuf                                 0x20000c9c   Data         524  port_config.o(.bss.keyTxBuf)
    pcBuf                                    0x20000eb0   Data         524  app_main.o(.bss.pcBuf)
    pcTxBuf                                  0x200010bc   Data         524  port_config.o(.bss.pcTxBuf)
    primask                                  0x200012c8   Data           4  bsp_cpu.o(.bss.primask)
    sum0                                     0x200012cc   Data           2  spq_function.o(.bss.sum0)
    sum1                                     0x200012ce   Data           2  spq_function.o(.bss.sum1)
    tempUartUint0                            0x200012d0   Data           2  spq_function.o(.bss.tempUartUint0)
    tempUartUint1                            0x200012d2   Data           2  spq_function.o(.bss.tempUartUint1)
    timer_handlers                           0x200012d4   Data           8  bsp_timer.o(.bss.timer_handlers)
    uartData0                                0x200012dc   Data         256  spq_function.o(.bss.uartData0)
    uartData1                                0x200013dc   Data         256  spq_function.o(.bss.uartData1)
    usart_handlers                           0x200014dc   Data           8  bsp_uart.o(.bss.usart_handlers)
    __initial_sp                             0x200018e8   Data           0  startup_gd32l233xx.o(STACK)



==============================================================================

Memory Map of the image

  Image Entry point : 0x08000155

  Load Region LR_IROM1 (Base: 0x08000000, Size: 0x00007250, Max: 0x00010000, ABSOLUTE)

    Execution Region ER_IROM1 (Exec base: 0x08000000, Load base: 0x08000000, Size: 0x0000721c, Max: 0x00010000, ABSOLUTE)

    Exec Addr    Load Addr    Size         Type   Attr      Idx    E Section Name        Object

    0x08000000   0x08000000   0x00000154   Data   RO          971    RESET               startup_gd32l233xx.o
    0x08000154   0x08000154   0x00000000   Code   RO         1568  * .ARM.Collect$$$$00000000  mc_p.l(entry.o)
    0x08000154   0x08000154   0x00000004   Code   RO         1581    .ARM.Collect$$$$00000001  mc_p.l(entry2.o)
    0x08000158   0x08000158   0x00000004   Code   RO         1584    .ARM.Collect$$$$00000004  mc_p.l(entry5.o)
    0x0800015c   0x0800015c   0x00000000   Code   RO         1586    .ARM.Collect$$$$00000008  mc_p.l(entry7b.o)
    0x0800015c   0x0800015c   0x00000000   Code   RO         1588    .ARM.Collect$$$$0000000A  mc_p.l(entry8b.o)
    0x0800015c   0x0800015c   0x00000008   Code   RO         1589    .ARM.Collect$$$$0000000B  mc_p.l(entry9a.o)
    0x08000164   0x08000164   0x00000000   Code   RO         1591    .ARM.Collect$$$$0000000D  mc_p.l(entry10a.o)
    0x08000164   0x08000164   0x00000000   Code   RO         1593    .ARM.Collect$$$$0000000F  mc_p.l(entry11a.o)
    0x08000164   0x08000164   0x00000004   Code   RO         1582    .ARM.Collect$$$$00002712  mc_p.l(entry2.o)
    0x08000168   0x08000168   0x0000001c   Code   RO          972    .text               startup_gd32l233xx.o
    0x08000184   0x08000184   0x00000060   Code   RO         1571    .text               mc_p.l(uldiv.o)
    0x080001e4   0x080001e4   0x00000024   Code   RO         1573    .text               mc_p.l(memcpya.o)
    0x08000208   0x08000208   0x00000024   Code   RO         1575    .text               mc_p.l(memseta.o)
    0x0800022c   0x0800022c   0x00000020   Code   RO         1595    .text               mc_p.l(llshl.o)
    0x0800024c   0x0800024c   0x00000022   Code   RO         1597    .text               mc_p.l(llushr.o)
    0x0800026e   0x0800026e   0x00000002   PAD
    0x08000270   0x08000270   0x00000030   Code   RO         1599    .text               mc_p.l(init.o)
    0x080002a0   0x080002a0   0x00000042   Code   RO         1087    .text.EXTI10_15_IRQHandler  bsp_port.o
    0x080002e2   0x080002e2   0x0000003e   Code   RO         1177    .text.OPEN_FMQ      spq_function.o
    0x08000320   0x08000320   0x00000008   Code   RO         1412    .text.SEGGER_RTT_Init  segger_rtt.o
    0x08000328   0x08000328   0x0000004c   Code   RO         1376    .text.SEGGER_RTT_Write  segger_rtt.o
    0x08000374   0x08000374   0x000000ae   Code   RO         1372    .text.SEGGER_RTT_WriteNoLock  segger_rtt.o
    0x08000422   0x08000422   0x00000002   PAD
    0x08000424   0x08000424   0x00000394   Code   RO         1438    .text.SEGGER_RTT_vprintf  segger_rtt_printf.o
    0x080007b8   0x080007b8   0x000000ba   Code   RO         1337    .text.S_QueueDataIn  queque.o
    0x08000872   0x08000872   0x0000005a   Code   RO         1341    .text.S_QueueDataLen  queque.o
    0x080008cc   0x080008cc   0x0000007a   Code   RO         1339    .text.S_QueueDataOut  queque.o
    0x08000946   0x08000946   0x00000018   Code   RO         1335    .text.S_QueueEmpty  queque.o
    0x0800095e   0x0800095e   0x00000152   Code   RO           27    .text.SystemInit    system_gd32l23x.o
    0x08000ab0   0x08000ab0   0x0000004e   Code   RO         1045    .text.TIMER5_IRQHandler  bsp_timer.o
    0x08000afe   0x08000afe   0x0000004e   Code   RO         1047    .text.TIMER6_IRQHandler  bsp_timer.o
    0x08000b4c   0x08000b4c   0x00000066   Code   RO         1023    .text.UART4_IRQHandler  bsp_uart.o
    0x08000bb2   0x08000bb2   0x00000066   Code   RO         1021    .text.USART0_IRQHandler  bsp_uart.o
    0x08000c18   0x08000c18   0x000000a4   Code   RO         1352    .text._DoInit       segger_rtt.o
    0x08000cbc   0x08000cbc   0x0000003e   Code   RO         1366    .text._GetAvailWriteSpace  segger_rtt.o
    0x08000cfa   0x08000cfa   0x000001cc   Code   RO         1442    .text._PrintInt     segger_rtt_printf.o
    0x08000ec6   0x08000ec6   0x000001b6   Code   RO         1444    .text._PrintUnsigned  segger_rtt_printf.o
    0x0800107c   0x0800107c   0x00000074   Code   RO         1440    .text._StoreChar    segger_rtt_printf.o
    0x080010f0   0x080010f0   0x000000e4   Code   RO         1370    .text._WriteBlocking  segger_rtt.o
    0x080011d4   0x080011d4   0x0000008c   Code   RO         1368    .text._WriteNoCheck  segger_rtt.o
    0x08001260   0x08001260   0x00000036   Code   RO          120    .text.__NVIC_EnableIRQ  gd32l23x_misc.o
    0x08001296   0x08001296   0x00000088   Code   RO          118    .text.__NVIC_SetPriority  gd32l23x_misc.o
    0x0800131e   0x0800131e   0x00000020   Code   RO         1113    .text.__NVIC_SystemReset  bsp_cpu.o
    0x0800133e   0x0800133e   0x00000026   Code   RO           29    .text._soft_delay_  system_gd32l23x.o
    0x08001364   0x08001364   0x00000018   Code   RO         1477    .text.actuator_init  actuator.o
    0x0800137c   0x0800137c   0x0000000e   Code   RO         1489    .text.actuator_lock  actuator.o
    0x0800138a   0x0800138a   0x0000006c   Code   RO         1485    .text.actuator_lock_process_test  actuator.o
    0x080013f6   0x080013f6   0x00000058   Code   RO         1481    .text.actuator_poll  actuator.o
    0x0800144e   0x0800144e   0x00000112   Code   RO         1491    .text.actuator_state_anlysis  actuator.o
    0x08001560   0x08001560   0x0000000e   Code   RO         1487    .text.actuator_unlock  actuator.o
    0x0800156e   0x0800156e   0x0000006c   Code   RO         1483    .text.actuator_unlock_process_test  actuator.o
    0x080015da   0x080015da   0x0000004e   Code   RO          878    .text.adc_calibration_enable  gd32l23x_adc.o
    0x08001628   0x08001628   0x000000a6   Code   RO          892    .text.adc_channel_length_config  gd32l23x_adc.o
    0x080016ce   0x080016ce   0x0000001a   Code   RO          874    .text.adc_charge_pulse_width_counter  gd32l23x_adc.o
    0x080016e8   0x080016e8   0x0000003a   Code   RO          890    .text.adc_data_alignment_config  gd32l23x_adc.o
    0x08001722   0x08001722   0x0000002e   Code   RO          872    .text.adc_enable    gd32l23x_adc.o
    0x08001750   0x08001750   0x0000009c   Code   RO          900    .text.adc_external_trigger_config  gd32l23x_adc.o
    0x080017ec   0x080017ec   0x00000062   Code   RO          902    .text.adc_external_trigger_source_config  gd32l23x_adc.o
    0x0800184e   0x0800184e   0x00000018   Code   RO          930    .text.adc_flag_clear  gd32l23x_adc.o
    0x08001866   0x08001866   0x0000002c   Code   RO          928    .text.adc_flag_get  gd32l23x_adc.o
    0x08001892   0x08001892   0x00000156   Code   RO          894    .text.adc_routine_channel_config  gd32l23x_adc.o
    0x080019e8   0x080019e8   0x0000000e   Code   RO          906    .text.adc_routine_data_read  gd32l23x_adc.o
    0x080019f6   0x080019f6   0x00000048   Code   RO          904    .text.adc_software_trigger_enable  gd32l23x_adc.o
    0x08001a3e   0x08001a3e   0x00000130   Code   RO            4    .text.bsp_config    app_main.o
    0x08001b6e   0x08001b6e   0x000000ae   Code   RO         1083    .text.bsp_exti_init  bsp_port.o
    0x08001c1c   0x08001c1c   0x0000002a   Code   RO         1081    .text.bsp_get_port_value  bsp_port.o
    0x08001c46   0x08001c46   0x0000002a   Code   RO         1017    .text.bsp_get_uart_rx_io_status  bsp_uart.o
    0x08001c70   0x08001c70   0x00000070   Code   RO         1075    .text.bsp_port_init  bsp_port.o
    0x08001ce0   0x08001ce0   0x00000056   Code   RO         1077    .text.bsp_port_set  bsp_port.o
    0x08001d36   0x08001d36   0x0000002a   Code   RO         1079    .text.bsp_port_toggle  bsp_port.o
    0x08001d60   0x08001d60   0x000000e2   Code   RO         1041    .text.bsp_timer_init  bsp_timer.o
    0x08001e42   0x08001e42   0x0000018c   Code   RO         1013    .text.bsp_uart_init  bsp_uart.o
    0x08001fce   0x08001fce   0x00000048   Code   RO         1015    .text.bsp_usart_send_byte  bsp_uart.o
    0x08002016   0x08002016   0x00000008   Code   RO         1115    .text.clear_reset_flag  bsp_cpu.o
    0x0800201e   0x0800201e   0x00000020   Code   RO         1508    .text.delay_2_5us   delay.o
    0x0800203e   0x0800203e   0x00000020   Code   RO         1175    .text.delay_2_5us_optimized  spq_function.o
    0x0800205e   0x0800205e   0x00000040   Code   RO         1502    .text.delay_ms      delay.o
    0x0800209e   0x0800209e   0x0000002e   Code   RO         1510    .text.delay_us      delay.o
    0x080020cc   0x080020cc   0x00000002   Code   RO         1286    .text.do_nothing    pc_cmd_handle.o
    0x080020ce   0x080020ce   0x0000001a   Code   RO           10    .text.duanlu_exti_handler  app_main.o
    0x080020e8   0x080020e8   0x0000001a   Code   RO         1117    .text.enter_critical_section  bsp_cpu.o
    0x08002102   0x08002102   0x0000000e   Code   RO         1107    .text.enter_low_power  bsp_cpu.o
    0x08002110   0x08002110   0x00000018   Code   RO         1119    .text.exit_critical_section  bsp_cpu.o
    0x08002128   0x08002128   0x00000018   Code   RO         1109    .text.exit_low_power  bsp_cpu.o
    0x08002140   0x08002140   0x00000116   Code   RO           50    .text.exti_init     gd32l23x_exti.o
    0x08002256   0x08002256   0x00000014   Code   RO           70    .text.exti_interrupt_flag_clear  gd32l23x_exti.o
    0x0800226a   0x0800226a   0x0000002e   Code   RO           68    .text.exti_interrupt_flag_get  gd32l23x_exti.o
    0x08002298   0x08002298   0x00000034   Code   RO         1085    .text.exti_register_callback  bsp_port.o
    0x080022cc   0x080022cc   0x00000008   Code   RO         1142    .text.feed_fwdgt    bsp.fwdgt.o
    0x080022d4   0x080022d4   0x0000006e   Code   RO         1323    .text.fmc_contiune_write  port_config.o
    0x08002342   0x08002342   0x0000007e   Code   RO         1060    .text.fmc_erase_pages  bsp_flash.o
    0x080023c0   0x080023c0   0x00000024   Code   RO          499    .text.fmc_flag_clear  gd32l23x_fmc.o
    0x080023e4   0x080023e4   0x00000024   Code   RO         1062    .text.fmc_flags_clear  bsp_flash.o
    0x08002408   0x08002408   0x00000012   Code   RO          437    .text.fmc_lock      gd32l23x_fmc.o
    0x0800241a   0x0800241a   0x00000062   Code   RO          449    .text.fmc_page_erase  gd32l23x_fmc.o
    0x0800247c   0x0800247c   0x0000005a   Code   RO          451    .text.fmc_ready_wait  gd32l23x_fmc.o
    0x080024d6   0x080024d6   0x00000098   Code   RO          509    .text.fmc_state_get  gd32l23x_fmc.o
    0x0800256e   0x0800256e   0x00000032   Code   RO          435    .text.fmc_unlock    gd32l23x_fmc.o
    0x080025a0   0x080025a0   0x00000054   Code   RO          455    .text.fmc_word_program  gd32l23x_fmc.o
    0x080025f4   0x080025f4   0x00000074   Code   RO         1066    .text.fmc_write_word  bsp_flash.o
    0x08002668   0x08002668   0x000000f8   Code   RO          859    .text.fwdgt_config  gd32l23x_fwdgt.o
    0x08002760   0x08002760   0x00000010   Code   RO          857    .text.fwdgt_counter_reload  gd32l23x_fwdgt.o
    0x08002770   0x08002770   0x00000010   Code   RO          849    .text.fwdgt_enable  gd32l23x_fwdgt.o
    0x08002780   0x08002780   0x00000056   Code   RO         1479    .text.get_actuator_hall_value  actuator.o
    0x080027d6   0x080027d6   0x000001f2   Code   RO         1179    .text.get_current_charging_state  spq_function.o
    0x080029c8   0x080029c8   0x000001b0   Code   RO         1185    .text.get_current_key_state  spq_function.o
    0x08002b78   0x08002b78   0x0000002a   Code   RO         1302    .text.get_key_handler  key_cmd_handle.o
    0x08002ba2   0x08002ba2   0x000000d2   Code   RO         1153    .text.get_package_data  spq_function.o
    0x08002c74   0x08002c74   0x0000008e   Code   RO         1167    .text.get_package_direction  spq_function.o
    0x08002d02   0x08002d02   0x00000048   Code   RO         1165    .text.get_sum       spq_function.o
    0x08002d4a   0x08002d4a   0x000000c0   Code   RO          101    .text.gpio_af_set   gd32l23x_gpio.o
    0x08002e0a   0x08002e0a   0x00000010   Code   RO           87    .text.gpio_bit_reset  gd32l23x_gpio.o
    0x08002e1a   0x08002e1a   0x00000010   Code   RO           85    .text.gpio_bit_set  gd32l23x_gpio.o
    0x08002e2a   0x08002e2a   0x00000010   Code   RO          105    .text.gpio_bit_toggle  gd32l23x_gpio.o
    0x08002e3a   0x08002e3a   0x0000002a   Code   RO           93    .text.gpio_input_bit_get  gd32l23x_gpio.o
    0x08002e64   0x08002e64   0x0000008e   Code   RO           81    .text.gpio_mode_set  gd32l23x_gpio.o
    0x08002ef2   0x08002ef2   0x0000008a   Code   RO           83    .text.gpio_output_options_set  gd32l23x_gpio.o
    0x08002f7c   0x08002f7c   0x00000032   Code   RO         1524    .text.hall_adc_get  hall.o
    0x08002fae   0x08002fae   0x00000068   Code   RO         1522    .text.hall_adc_init  hall.o
    0x08003016   0x08003016   0x0000004a   Code   RO         1183    .text.handle_duanlu  spq_function.o
    0x08003060   0x08003060   0x000004ae   Code   RO         1169    .text.handle_key_data  spq_function.o
    0x0800350e   0x0800350e   0x00000002   PAD
    0x08003510   0x08003510   0x0000072a   Code   RO         1173    .text.handle_key_state  spq_function.o
    0x08003c3a   0x08003c3a   0x00000234   Code   RO         1181    .text.handle_led_state  spq_function.o
    0x08003e6e   0x08003e6e   0x00000002   PAD
    0x08003e70   0x08003e70   0x0000049e   Code   RO         1171    .text.handle_pc_data  spq_function.o
    0x0800430e   0x0800430e   0x0000002c   Code   RO         1161    .text.init_args     spq_function.o
    0x0800433a   0x0800433a   0x0000003e   Code   RO           12    .text.key_rx_handler  app_main.o
    0x08004378   0x08004378   0x00000028   Code   RO            6    .text.key_state_timer_handler  app_main.o
    0x080043a0   0x080043a0   0x0000004a   Code   RO         1535    .text.key_status_init  key_test.o
    0x080043ea   0x080043ea   0x00000002   PAD
    0x080043ec   0x080043ec   0x00000184   Code   RO         1533    .text.key_status_poll  key_test.o
    0x08004570   0x08004570   0x0000001a   Code   RO            8    .text.led_state_timer_handler  app_main.o
    0x0800458a   0x0800458a   0x000001a6   Code   RO            2    .text.main          app_main.o
    0x08004730   0x08004730   0x00000010   Code   RO         1111    .text.mcu_software_reset  bsp_cpu.o
    0x08004740   0x08004740   0x00000054   Code   RO         1548    .text.motor_init    motor.o
    0x08004794   0x08004794   0x00000020   Code   RO         1550    .text.motor_off     motor.o
    0x080047b4   0x080047b4   0x00000070   Code   RO         1556    .text.motor_right_on_pwm  motor.o
    0x08004824   0x08004824   0x0000002c   Code   RO          116    .text.nvic_irq_enable  gd32l23x_misc.o
    0x08004850   0x08004850   0x00000028   Code   RO          130    .text.nvic_vector_table_set  gd32l23x_misc.o
    0x08004878   0x08004878   0x00000094   Code   RO         1278    .text.on_get_device_info  pc_cmd_handle.o
    0x0800490c   0x0800490c   0x000000ea   Code   RO         1274    .text.on_get_key_state  pc_cmd_handle.o
    0x080049f6   0x080049f6   0x00000088   Code   RO         1300    .text.on_key_response_package  key_cmd_handle.o
    0x08004a7e   0x08004a7e   0x000000be   Code   RO         1298    .text.on_key_response_state  key_cmd_handle.o
    0x08004b3c   0x08004b3c   0x0000017e   Code   RO         1260    .text.on_kiss_adapter_id  pc_cmd_handle.o
    0x08004cba   0x08004cba   0x000000ca   Code   RO         1284    .text.on_opera_actuator  pc_cmd_handle.o
    0x08004d84   0x08004d84   0x00000124   Code   RO         1280    .text.on_other_command  pc_cmd_handle.o
    0x08004ea8   0x08004ea8   0x00000044   Code   RO         1262    .text.on_reset_adapter_id  pc_cmd_handle.o
    0x08004eec   0x08004eec   0x00000100   Code   RO         1258    .text.on_set_adapter_address  pc_cmd_handle.o
    0x08004fec   0x08004fec   0x000000a0   Code   RO         1270    .text.on_set_key_address  pc_cmd_handle.o
    0x0800508c   0x0800508c   0x0000006c   Code   RO         1272    .text.on_set_key_id  pc_cmd_handle.o
    0x080050f8   0x080050f8   0x00000050   Code   RO         1282    .text.on_set_mode   pc_cmd_handle.o
    0x08005148   0x08005148   0x00000060   Code   RO         1276    .text.on_sync_end   pc_cmd_handle.o
    0x080051a8   0x080051a8   0x00000180   Code   RO         1264    .text.on_update_command  pc_cmd_handle.o
    0x08005328   0x08005328   0x000000e2   Code   RO         1268    .text.on_update_interrupt_table  pc_cmd_handle.o
    0x0800540a   0x0800540a   0x0000036c   Code   RO         1266    .text.on_update_program  pc_cmd_handle.o
    0x08005776   0x08005776   0x0000003e   Code   RO           14    .text.pc_rx_handler  app_main.o
    0x080057b4   0x080057b4   0x00000064   Code   RO          669    .text.pmu_to_sleepmode  gd32l23x_pmu.o
    0x08005818   0x08005818   0x00000028   Code   RO         1129    .text.print_log     bsp_log.o
    0x08005840   0x08005840   0x00000062   Code   RO         1187    .text.query_key_charging_state  spq_function.o
    0x080058a2   0x080058a2   0x00000090   Code   RO          173    .text.rcu_adc_clock_config  gd32l23x_rcu.o
    0x08005932   0x08005932   0x00000014   Code   RO          225    .text.rcu_all_reset_flag_clear  gd32l23x_rcu.o
    0x08005946   0x08005946   0x00000002   PAD
    0x08005948   0x08005948   0x0000086a   Code   RO          223    .text.rcu_clock_freq_get  gd32l23x_rcu.o
    0x080061b2   0x080061b2   0x0000003a   Code   RO          201    .text.rcu_flag_get  gd32l23x_rcu.o
    0x080061ec   0x080061ec   0x00000028   Code   RO          147    .text.rcu_periph_clock_enable  gd32l23x_rcu.o
    0x08006214   0x08006214   0x00000028   Code   RO          157    .text.rcu_periph_reset_disable  gd32l23x_rcu.o
    0x0800623c   0x0800623c   0x00000028   Code   RO          155    .text.rcu_periph_reset_enable  gd32l23x_rcu.o
    0x08006264   0x08006264   0x0000015e   Code   RO         1163    .text.reg_handler   spq_function.o
    0x080063c2   0x080063c2   0x00000014   Code   RO         1131    .text.segger_rtt_init  bsp_log.o
    0x080063d6   0x080063d6   0x00000056   Code   RO         1151    .text.send_ack_from_package  spq_function.o
    0x0800642c   0x0800642c   0x00000028   Code   RO         1315    .text.send_buff_clear  port_config.o
    0x08006454   0x08006454   0x000000e8   Code   RO         1317    .text.send_buff_start  port_config.o
    0x0800653c   0x0800653c   0x00000058   Code   RO         1157    .text.send_nack_from_package  spq_function.o
    0x08006594   0x08006594   0x00000070   Code   RO         1321    .text.send_to_key   port_config.o
    0x08006604   0x08006604   0x00000070   Code   RO         1319    .text.send_to_pc    port_config.o
    0x08006674   0x08006674   0x000000ba   Code   RO          246    .text.syscfg_exti_line_config  gd32l23x_syscfg.o
    0x0800672e   0x0800672e   0x00000142   Code   RO           37    .text.system_clock_64m_hxtal  system_gd32l23x.o
    0x08006870   0x08006870   0x00000008   Code   RO           31    .text.system_clock_config  system_gd32l23x.o
    0x08006878   0x08006878   0x00000012   Code   RO          730    .text.timer_auto_reload_shadow_enable  gd32l23x_timer.o
    0x0800688a   0x0800688a   0x000000d6   Code   RO          720    .text.timer_deinit  gd32l23x_timer.o
    0x08006960   0x08006960   0x00000012   Code   RO          726    .text.timer_enable  gd32l23x_timer.o
    0x08006972   0x08006972   0x000000a2   Code   RO          724    .text.timer_init    gd32l23x_timer.o
    0x08006a14   0x08006a14   0x00000014   Code   RO          830    .text.timer_interrupt_enable  gd32l23x_timer.o
    0x08006a28   0x08006a28   0x00000012   Code   RO          836    .text.timer_interrupt_flag_clear  gd32l23x_timer.o
    0x08006a3a   0x08006a3a   0x0000003a   Code   RO          834    .text.timer_interrupt_flag_get  gd32l23x_timer.o
    0x08006a74   0x08006a74   0x00000034   Code   RO         1043    .text.timer_register_callback  bsp_timer.o
    0x08006aa8   0x08006aa8   0x00000022   Code   RO          722    .text.timer_struct_para_init  gd32l23x_timer.o
    0x08006aca   0x08006aca   0x00000034   Code   RO         1019    .text.uart_register_callback  bsp_uart.o
    0x08006afe   0x08006afe   0x0000008e   Code   RO         1311    .text.uart_send     port_config.o
    0x08006b8c   0x08006b8c   0x000000f0   Code   RO          269    .text.usart_baudrate_set  gd32l23x_usart.o
    0x08006c7c   0x08006c7c   0x00000012   Code   RO          305    .text.usart_data_receive  gd32l23x_usart.o
    0x08006c8e   0x08006c8e   0x00000018   Code   RO          303    .text.usart_data_transmit  gd32l23x_usart.o
    0x08006ca6   0x08006ca6   0x00000096   Code   RO          267    .text.usart_deinit  gd32l23x_usart.o
    0x08006d3c   0x08006d3c   0x00000012   Code   RO          277    .text.usart_enable  gd32l23x_usart.o
    0x08006d4e   0x08006d4e   0x0000003c   Code   RO          397    .text.usart_flag_get  gd32l23x_usart.o
    0x08006d8a   0x08006d8a   0x00000022   Code   RO          403    .text.usart_interrupt_disable  gd32l23x_usart.o
    0x08006dac   0x08006dac   0x00000022   Code   RO          401    .text.usart_interrupt_enable  gd32l23x_usart.o
    0x08006dce   0x08006dce   0x00000046   Code   RO          407    .text.usart_interrupt_flag_clear  gd32l23x_usart.o
    0x08006e14   0x08006e14   0x00000062   Code   RO          405    .text.usart_interrupt_flag_get  gd32l23x_usart.o
    0x08006e76   0x08006e76   0x0000002e   Code   RO          271    .text.usart_parity_config  gd32l23x_usart.o
    0x08006ea4   0x08006ea4   0x0000001e   Code   RO          283    .text.usart_receive_config  gd32l23x_usart.o
    0x08006ec2   0x08006ec2   0x0000002e   Code   RO          275    .text.usart_stop_bit_set  gd32l23x_usart.o
    0x08006ef0   0x08006ef0   0x0000001e   Code   RO          281    .text.usart_transmit_config  gd32l23x_usart.o
    0x08006f0e   0x08006f0e   0x0000002e   Code   RO          273    .text.usart_word_length_set  gd32l23x_usart.o
    0x08006f3c   0x08006f3c   0x0000000e   Code   RO          947    .text.vref_deinit   gd32l23x_vref.o
    0x08006f4a   0x08006f4a   0x00000012   Code   RO          949    .text.vref_enable   gd32l23x_vref.o
    0x08006f5c   0x08006f5c   0x00000012   Code   RO          955    .text.vref_high_impedance_mode_disable  gd32l23x_vref.o
    0x08006f6e   0x08006f6e   0x00000026   Code   RO         1520    .text.vref_init     hall.o
    0x08006f94   0x08006f94   0x0000002c   Code   RO          957    .text.vref_status_get  gd32l23x_vref.o
    0x08006fc0   0x08006fc0   0x00000028   Code   RO         1313    .text.watch_delay   port_config.o
    0x08006fe8   0x08006fe8   0x00000024   Code   RO         1457    .text.write_update_flag  iap.o
    0x0800700c   0x0800700c   0x0000000e   Code   RO         1603    i.__scatterload_copy  mc_p.l(handlers.o)
    0x0800701a   0x0800701a   0x00000002   Code   RO         1604    i.__scatterload_null  mc_p.l(handlers.o)
    0x0800701c   0x0800701c   0x0000000e   Code   RO         1605    i.__scatterload_zeroinit  mc_p.l(handlers.o)
    0x0800702a   0x0800702a   0x00000002   PAD
    0x0800702c   0x0800702c   0x00000004   Data   RO         1094    .rodata.EXTI_GPIO   bsp_port.o
    0x08007030   0x08007030   0x00000002   Data   RO         1093    .rodata.EXTI_GPIO_CLK  bsp_port.o
    0x08007032   0x08007032   0x00000001   Data   RO         1096    .rodata.EXTI_IRQn   bsp_port.o
    0x08007033   0x08007033   0x00000001   PAD
    0x08007034   0x08007034   0x00000004   Data   RO         1099    .rodata.EXTI_LINE   bsp_port.o
    0x08007038   0x08007038   0x00000004   Data   RO         1095    .rodata.EXTI_PIN    bsp_port.o
    0x0800703c   0x0800703c   0x00000001   Data   RO         1098    .rodata.EXTI_PIN_SOURCE  bsp_port.o
    0x0800703d   0x0800703d   0x00000001   Data   RO         1097    .rodata.EXTI_PORT_SOURCE  bsp_port.o
    0x0800703e   0x0800703e   0x00000012   Data   RO         1090    .rodata.PORT_CLK    bsp_port.o
    0x08007050   0x08007050   0x00000024   Data   RO         1091    .rodata.PORT_GPIO   bsp_port.o
    0x08007074   0x08007074   0x00000024   Data   RO         1092    .rodata.PORT_PIN    bsp_port.o
    0x08007098   0x08007098   0x00000004   Data   RO         1051    .rodata.TIMER_CLK   bsp_timer.o
    0x0800709c   0x0800709c   0x00000008   Data   RO         1052    .rodata.TIMER_ID    bsp_timer.o
    0x080070a4   0x080070a4   0x00000002   Data   RO         1050    .rodata.TIMER_IRQn  bsp_timer.o
    0x080070a6   0x080070a6   0x00000002   PAD
    0x080070a8   0x080070a8   0x00000008   Data   RO         1030    .rodata.USART_AF    bsp_uart.o
    0x080070b0   0x080070b0   0x00000004   Data   RO         1028    .rodata.USART_CLK   bsp_uart.o
    0x080070b4   0x080070b4   0x00000004   Data   RO         1027    .rodata.USART_GPIO_CLK  bsp_uart.o
    0x080070b8   0x080070b8   0x00000008   Data   RO         1029    .rodata.USART_GPIO_PORT  bsp_uart.o
    0x080070c0   0x080070c0   0x00000008   Data   RO         1033    .rodata.USART_ID    bsp_uart.o
    0x080070c8   0x080070c8   0x00000002   Data   RO         1026    .rodata.USART_IRQ   bsp_uart.o
    0x080070ca   0x080070ca   0x00000002   PAD
    0x080070cc   0x080070cc   0x00000008   Data   RO         1032    .rodata.USART_RX_PIN  bsp_uart.o
    0x080070d4   0x080070d4   0x00000008   Data   RO         1031    .rodata.USART_TX_PIN  bsp_uart.o
    0x080070dc   0x080070dc   0x00000011   Data   RO         1427    .rodata._DoInit._aInitStr  segger_rtt.o
    0x080070ed   0x080070ed   0x00000010   Data   RO         1449    .rodata._PrintUnsigned._aV2C  segger_rtt_printf.o
    0x080070fd   0x080070fd   0x00000037   Data   RO           16    .rodata.str1.1      app_main.o
    0x08007134   0x08007134   0x0000002b   Data   RO         1245    .rodata.str1.1      spq_function.o
    0x0800715f   0x0800715f   0x00000022   Data   RO         1288    .rodata.str1.1      pc_cmd_handle.o
    0x08007181   0x08007181   0x0000002f   Data   RO         1325    .rodata.str1.1      port_config.o
    0x080071b0   0x080071b0   0x00000009   Data   RO         1428    .rodata.str1.1      segger_rtt.o
    0x080071b9   0x080071b9   0x00000007   Data   RO         1448    .rodata.str1.1      segger_rtt_printf.o
    0x080071c0   0x080071c0   0x0000000d   Data   RO         1494    .rodata.str1.1      actuator.o
    0x080071cd   0x080071cd   0x0000002d   Data   RO         1540    .rodata.str1.1      key_test.o
    0x080071fa   0x080071fa   0x00000002   PAD
    0x080071fc   0x080071fc   0x00000020   Data   RO         1602    Region$$Table       anon$$obj.o


    Execution Region RW_IRAM1 (Exec base: 0x20000000, Load base: 0x08007220, Size: 0x000018e8, Max: 0x00007000, ABSOLUTE)

    Exec Addr    Load Addr    Size         Type   Attr      Idx    E Section Name        Object

    0x20000000   0x08007220   0x00000002   Data   RW         1198    .data.g_blink       spq_function.o
    0x20000002   0x08007222   0x00000002   Data   RW         1235    .data.g_disable_charging_time  spq_function.o
    0x20000004   0x08007224   0x00000002   Data   RW         1194    .data.g_key_address  spq_function.o
    0x20000006   0x08007226   0x00000002   PAD
    0x20000008   0x08007228   0x00000004   Data   RW         1196    .data.g_key_id      spq_function.o
    0x2000000c   0x0800722c   0x00000015   Data   RW         1193    .data.g_key_state_data  spq_function.o
    0x20000021   0x08007241   0x00000001   PAD
    0x20000022   0x08007242   0x00000002   Data   RW         1210    .data.g_on_new_state  spq_function.o
    0x20000024   0x08007244   0x00000002   Data   RW         1233    .data.g_update_index  spq_function.o
    0x20000026   0x08007246   0x00000001   Data   RW         1248    .data.handle_key_state.first_start  spq_function.o
    0x20000027   0x08007247   0x00000001   PAD
    0x20000028   0x08007248   0x00000002   Data   RW         1236    .data.send_delay_from_uart1  spq_function.o
    0x2000002a   0x0800724a   0x00000006   PAD
    0x20000030        -       0x00000001   Zero   RW         1217    .bss.RxData0        spq_function.o
    0x20000031        -       0x00000001   Zero   RW         1225    .bss.RxData1        spq_function.o
    0x20000032   0x0800724a   0x00000002   PAD
    0x20000034        -       0x000000a8   Zero   RW         1424    .bss._SEGGER_RTT    segger_rtt.o
    0x200000dc        -       0x00000010   Zero   RW         1430    .bss._acDownBuffer  segger_rtt.o
    0x200000ec        -       0x00000400   Zero   RW         1429    .bss._acUpBuffer    segger_rtt.o
    0x200004ec        -       0x00000004   Zero   RW         1512    .bss.count_10ms     delay.o
    0x200004f0        -       0x00000002   Zero   RW         1243    .bss.dataIndex0     spq_function.o
    0x200004f2        -       0x00000002   Zero   RW         1246    .bss.dataIndex1     spq_function.o
    0x200004f4        -       0x00000004   Zero   RW         1221    .bss.dataLen0       spq_function.o
    0x200004f8        -       0x00000004   Zero   RW         1229    .bss.dataLen1       spq_function.o
    0x200004fc        -       0x00000004   Zero   RW         1089    .bss.exti_handlers  bsp_port.o
    0x20000500        -       0x00000001   Zero   RW         1493    .bss.g_actuator_action  actuator.o
    0x20000501        -       0x00000100   Zero   RW         1202    .bss.g_buf          spq_function.o
    0x20000601   0x0800724a   0x00000001   PAD
    0x20000602        -       0x00000002   Zero   RW         1208    .bss.g_check_key_flag  spq_function.o
    0x20000604        -       0x00000002   Zero   RW         1209    .bss.g_checking_key_state  spq_function.o
    0x20000606        -       0x00000002   Zero   RW         1237    .bss.g_comm_port_error  spq_function.o
    0x20000608        -       0x00000002   Zero   RW         1234    .bss.g_current_package_index  spq_function.o
    0x2000060a   0x0800724a   0x00000002   PAD
    0x2000060c        -       0x00000004   Zero   RW         1239    .bss.g_default_pc_handler  spq_function.o
    0x20000610        -       0x00000002   Zero   RW         1195    .bss.g_key_charge_state  spq_function.o
    0x20000612        -       0x00000001   Zero   RW         1206    .bss.g_key_flags    spq_function.o
    0x20000613   0x0800724a   0x00000001   PAD
    0x20000614        -       0x00000002   Zero   RW         1215    .bss.g_key_sync     spq_function.o
    0x20000616        -       0x00000008   Zero   RW         1249    .bss.g_last_checking_time  spq_function.o
    0x2000061e        -       0x00000008   Zero   RW         1242    .bss.g_last_time    spq_function.o
    0x20000626        -       0x00000002   Zero   RW         1205    .bss.g_mode         spq_function.o
    0x20000628        -       0x00000008   Zero   RW         1241    .bss.g_now_time     spq_function.o
    0x20000630        -       0x00000002   Zero   RW         1211    .bss.g_p35_high_count  spq_function.o
    0x20000632        -       0x00000002   Zero   RW         1222    .bss.g_p_new_uart0  spq_function.o
    0x20000634        -       0x00000002   Zero   RW         1230    .bss.g_p_new_uart1  spq_function.o
    0x20000636        -       0x00000002   Zero   RW         1223    .bss.g_p_old_uart0  spq_function.o
    0x20000638        -       0x00000002   Zero   RW         1231    .bss.g_p_old_uart1  spq_function.o
    0x2000063a   0x0800724a   0x00000002   PAD
    0x2000063c        -       0x00000010   Zero   RW         1240    .bss.g_package      spq_function.o
    0x2000064c        -       0x00000400   Zero   RW         1238    .bss.g_pc_handler   spq_function.o
    0x20000a4c        -       0x00000002   Zero   RW         1203    .bss.g_port1_error  spq_function.o
    0x20000a4e        -       0x00000002   Zero   RW         1201    .bss.g_query_key_timeout  spq_function.o
    0x20000a50        -       0x00000002   Zero   RW         1212    .bss.g_recv_key_state  spq_function.o
    0x20000a52        -       0x00000008   Zero   RW         1250    .bss.g_recv_key_time  spq_function.o
    0x20000a5a        -       0x00000002   Zero   RW         1197    .bss.g_recv_task_flag  spq_function.o
    0x20000a5c        -       0x00000001   Zero   RW         1192    .bss.g_temp_char    spq_function.o
    0x20000a5d        -       0x00000001   Zero   RW         1190    .bss.g_temp_uchar   spq_function.o
    0x20000a5e        -       0x00000002   Zero   RW         1189    .bss.g_temp_uint    spq_function.o
    0x20000a60        -       0x00000002   Zero   RW         1199    .bss.g_timerA_tick  spq_function.o
    0x20000a62        -       0x00000002   Zero   RW         1200    .bss.g_timerB_tick  spq_function.o
    0x20000a64        -       0x00000002   Zero   RW         1207    .bss.g_uart_data_flags  spq_function.o
    0x20000a66   0x0800724a   0x00000002   PAD
    0x20000a68        -       0x00000010   Zero   RW         1244    .bss.g_uart_package0  spq_function.o
    0x20000a78        -       0x00000010   Zero   RW         1247    .bss.g_uart_package1  spq_function.o
    0x20000a88        -       0x00000002   Zero   RW         1232    .bss.g_update_step  spq_function.o
    0x20000a8a        -       0x00000002   Zero   RW         1213    .bss.gc_check_full_count  spq_function.o
    0x20000a8c        -       0x00000002   Zero   RW         1214    .bss.gc_query_key_count  spq_function.o
    0x20000a8e        -       0x00000001   Zero   RW         1216    .bss.headerFlag0    spq_function.o
    0x20000a8f        -       0x00000001   Zero   RW         1224    .bss.headerFlag1    spq_function.o
    0x20000a90        -       0x0000020c   Zero   RW           18    .bss.keyBuf         app_main.o
    0x20000c9c        -       0x0000020c   Zero   RW         1327    .bss.keyTxBuf       port_config.o
    0x20000ea8        -       0x00000001   Zero   RW         1539    .bss.key_status_poll.mac  key_test.o
    0x20000ea9        -       0x00000004   Zero   RW         1289    .bss.on_update_program.data_buff  pc_cmd_handle.o
    0x20000ead        -       0x00000001   Zero   RW         1290    .bss.on_update_program.data_len  pc_cmd_handle.o
    0x20000eae   0x0800724a   0x00000002   PAD
    0x20000eb0        -       0x0000020c   Zero   RW           17    .bss.pcBuf          app_main.o
    0x200010bc        -       0x0000020c   Zero   RW         1326    .bss.pcTxBuf        port_config.o
    0x200012c8        -       0x00000004   Zero   RW         1121    .bss.primask        bsp_cpu.o
    0x200012cc        -       0x00000002   Zero   RW         1218    .bss.sum0           spq_function.o
    0x200012ce        -       0x00000002   Zero   RW         1226    .bss.sum1           spq_function.o
    0x200012d0        -       0x00000002   Zero   RW         1219    .bss.tempUartUint0  spq_function.o
    0x200012d2        -       0x00000002   Zero   RW         1227    .bss.tempUartUint1  spq_function.o
    0x200012d4        -       0x00000008   Zero   RW         1049    .bss.timer_handlers  bsp_timer.o
    0x200012dc        -       0x00000100   Zero   RW         1220    .bss.uartData0      spq_function.o
    0x200013dc        -       0x00000100   Zero   RW         1228    .bss.uartData1      spq_function.o
    0x200014dc        -       0x00000008   Zero   RW         1025    .bss.usart_handlers  bsp_uart.o
    0x200014e4   0x0800724a   0x00000004   PAD
    0x200014e8        -       0x00000400   Zero   RW          969    STACK               startup_gd32l233xx.o


==============================================================================

Image component sizes


      Code (inc. data)   RO Data    RW Data    ZI Data      Debug   Object Name

       716          0         13          0          1       2435   actuator.o
       942          0         55          0       1048       2685   app_main.o
         8          0          0          0          0       1186   bsp.fwdgt.o
       144          0          0          0          4       2073   bsp_cpu.o
       278          0          0          0          0       1551   bsp_flash.o
        60          0          0          0          0        840   bsp_log.o
       574          0        107          0          4       5259   bsp_port.o
       434          0         14          0          8       4349   bsp_timer.o
       766          0         50          0          8       5788   bsp_uart.o
       142          0          0          0          4       1522   delay.o
      1124          0          0          0          0       8326   gd32l23x_adc.o
       344          0          0          0          0       3154   gd32l23x_exti.o
       528          0          0          0          0       8565   gd32l23x_fmc.o
       280          0          0          0          0       2513   gd32l23x_fwdgt.o
       562          0          0          0          0       4491   gd32l23x_gpio.o
       274          0          0          0          0       4413   gd32l23x_misc.o
       100          0          0          0          0       5739   gd32l23x_pmu.o
      2496          0          0          0          0      13947   gd32l23x_rcu.o
       186          0          0          0          0       2632   gd32l23x_syscfg.o
       542          0          0          0          0      14740   gd32l23x_timer.o
       944          0          0          0          0      14108   gd32l23x_usart.o
        94          0          0          0          0       1592   gd32l23x_vref.o
       192          0          0          0          0       1708   hall.o
        36          0          0          0          0       2320   iap.o
       368          0          0          0          0        857   key_cmd_handle.o
       462          0         45          0          1       2498   key_test.o
       228          0          0          0          0       2141   motor.o
      3514          0         34          0          5       4177   pc_cmd_handle.o
       788          0         47          0       1048       2617   port_config.o
       422          0          0          0          0       1496   queque.o
       852          0         26          0       1208      13943   segger_rtt.o
      1930          0         23          0          0       4138   segger_rtt_printf.o
      6966          0         43         38       1949       8677   spq_function.o
        28          8        340          0       1024        716   startup_gd32l233xx.o
       706          0          0          0          0       2503   system_gd32l23x.o

    ----------------------------------------------------------------------
     28040          8        836         44       6332     159699   Object Totals
         0          0         32          0          0          0   (incl. Generated)
        10          0          7          6         20          0   (incl. Padding)

    ----------------------------------------------------------------------

      Code (inc. data)   RO Data    RW Data    ZI Data      Debug   Library Member Name

         0          0          0          0          0          0   entry.o
         0          0          0          0          0          0   entry10a.o
         0          0          0          0          0          0   entry11a.o
         8          4          0          0          0          0   entry2.o
         4          0          0          0          0          0   entry5.o
         0          0          0          0          0          0   entry7b.o
         0          0          0          0          0          0   entry8b.o
         8          4          0          0          0          0   entry9a.o
        30          0          0          0          0          0   handlers.o
        48         10          0          0          0         68   init.o
        32          0          0          0          0         68   llshl.o
        34          0          0          0          0         68   llushr.o
        36          0          0          0          0         60   memcpya.o
        36          0          0          0          0        100   memseta.o
        96          0          0          0          0         84   uldiv.o

    ----------------------------------------------------------------------
       336         18          0          0          0        448   Library Totals
         4          0          0          0          0          0   (incl. Padding)

    ----------------------------------------------------------------------

      Code (inc. data)   RO Data    RW Data    ZI Data      Debug   Library Name

       332         18          0          0          0        448   mc_p.l

    ----------------------------------------------------------------------
       336         18          0          0          0        448   Library Totals

    ----------------------------------------------------------------------

==============================================================================


      Code (inc. data)   RO Data    RW Data    ZI Data      Debug   

     28376         26        836         44       6332     159507   Grand Totals
     28376         26        836         44       6332     159507   ELF Image Totals
     28376         26        836         44          0          0   ROM Totals

==============================================================================

    Total RO  Size (Code + RO Data)                29212 (  28.53kB)
    Total RW  Size (RW Data + ZI Data)              6376 (   6.23kB)
    Total ROM Size (Code + RO Data + RW Data)      29256 (  28.57kB)

==============================================================================

