Component: Arm Compiler for Embedded 6.22 Tool: armlink [5ee90200]

==============================================================================

Section Cross References

    boot_main.o(.text.main) refers to boot_main.o(.rodata.str1.1) for .L.str
    boot_main.o(.text.main) refers to bsp_log.o(.text.segger_rtt_init) for segger_rtt_init
    boot_main.o(.text.main) refers to bsp_log.o(.text.print_log) for print_log
    boot_main.o(.text.main) refers to boot_main.o(.text.bsp_config) for bsp_config
    boot_main.o(.text.main) refers to bsp_cpu.o(.text.exit_critical_section) for exit_critical_section
    boot_main.o(.text.main) refers to iap.o(.text.check_update) for check_update
    boot_main.o(.text.main) refers to iap.o(.text.live_update) for live_update
    boot_main.o(.text.main) refers to bsp_port.o(.text.bsp_port_toggle) for bsp_port_toggle
    boot_main.o(.text.main) refers to bsp.fwdgt.o(.text.feed_fwdgt) for feed_fwdgt
    boot_main.o(.text.main) refers to bsp_port.o(.text.bsp_port_set) for bsp_port_set
    boot_main.o(.text.main) refers to iap.o(.text.clear_update_flag) for clear_update_flag
    boot_main.o(.text.main) refers to bsp_cpu.o(.text.mcu_software_reset) for mcu_software_reset
    boot_main.o(.ARM.exidx.text.main) refers to boot_main.o(.text.main) for [Anonymous Symbol]
    boot_main.o(.text.bsp_config) refers to bsp_cpu.o(.text.clear_reset_flag) for clear_reset_flag
    boot_main.o(.text.bsp_config) refers to bsp_port.o(.text.bsp_port_init) for bsp_port_init
    boot_main.o(.text.bsp_config) refers to bsp_timer.o(.text.bsp_timer_init) for bsp_timer_init
    boot_main.o(.text.bsp_config) refers to boot_main.o(.text.led_state_timer_handler) for led_state_timer_handler
    boot_main.o(.text.bsp_config) refers to bsp_timer.o(.text.timer_register_callback) for timer_register_callback
    boot_main.o(.text.bsp_config) refers to bsp_port.o(.text.bsp_port_toggle) for bsp_port_toggle
    boot_main.o(.text.bsp_config) refers to bsp.fwdgt.o(.text.feed_fwdgt) for feed_fwdgt
    boot_main.o(.ARM.exidx.text.bsp_config) refers to boot_main.o(.text.bsp_config) for [Anonymous Symbol]
    boot_main.o(.text.led_state_timer_handler) refers to boot_main.o(.bss.time) for time
    boot_main.o(.ARM.exidx.text.led_state_timer_handler) refers to boot_main.o(.text.led_state_timer_handler) for [Anonymous Symbol]
    system_gd32l23x.o(.text.SystemInit) refers to system_gd32l23x.o(.text._soft_delay_) for _soft_delay_
    system_gd32l23x.o(.text.SystemInit) refers to system_gd32l23x.o(.text.system_clock_config) for system_clock_config
    system_gd32l23x.o(.text.SystemInit) refers to gd32l23x_misc.o(.text.nvic_vector_table_set) for nvic_vector_table_set
    system_gd32l23x.o(.ARM.exidx.text.SystemInit) refers to system_gd32l23x.o(.text.SystemInit) for [Anonymous Symbol]
    system_gd32l23x.o(.ARM.exidx.text._soft_delay_) refers to system_gd32l23x.o(.text._soft_delay_) for [Anonymous Symbol]
    system_gd32l23x.o(.text.system_clock_config) refers to system_gd32l23x.o(.text.system_clock_64m_hxtal) for system_clock_64m_hxtal
    system_gd32l23x.o(.ARM.exidx.text.system_clock_config) refers to system_gd32l23x.o(.text.system_clock_config) for [Anonymous Symbol]
    system_gd32l23x.o(.text.SystemCoreClockUpdate) refers to system_gd32l23x.o(.data.SystemCoreClock) for SystemCoreClock
    system_gd32l23x.o(.ARM.exidx.text.SystemCoreClockUpdate) refers to system_gd32l23x.o(.text.SystemCoreClockUpdate) for [Anonymous Symbol]
    system_gd32l23x.o(.ARM.exidx.text.gd32l23x_firmware_version_get) refers to system_gd32l23x.o(.text.gd32l23x_firmware_version_get) for [Anonymous Symbol]
    system_gd32l23x.o(.ARM.exidx.text.system_clock_64m_hxtal) refers to system_gd32l23x.o(.text.system_clock_64m_hxtal) for [Anonymous Symbol]
    gd32l23x_exti.o(.ARM.exidx.text.exti_deinit) refers to gd32l23x_exti.o(.text.exti_deinit) for [Anonymous Symbol]
    gd32l23x_exti.o(.ARM.exidx.text.exti_init) refers to gd32l23x_exti.o(.text.exti_init) for [Anonymous Symbol]
    gd32l23x_exti.o(.ARM.exidx.text.exti_interrupt_enable) refers to gd32l23x_exti.o(.text.exti_interrupt_enable) for [Anonymous Symbol]
    gd32l23x_exti.o(.ARM.exidx.text.exti_interrupt_disable) refers to gd32l23x_exti.o(.text.exti_interrupt_disable) for [Anonymous Symbol]
    gd32l23x_exti.o(.ARM.exidx.text.exti_event_enable) refers to gd32l23x_exti.o(.text.exti_event_enable) for [Anonymous Symbol]
    gd32l23x_exti.o(.ARM.exidx.text.exti_event_disable) refers to gd32l23x_exti.o(.text.exti_event_disable) for [Anonymous Symbol]
    gd32l23x_exti.o(.ARM.exidx.text.exti_software_interrupt_enable) refers to gd32l23x_exti.o(.text.exti_software_interrupt_enable) for [Anonymous Symbol]
    gd32l23x_exti.o(.ARM.exidx.text.exti_software_interrupt_disable) refers to gd32l23x_exti.o(.text.exti_software_interrupt_disable) for [Anonymous Symbol]
    gd32l23x_exti.o(.ARM.exidx.text.exti_flag_get) refers to gd32l23x_exti.o(.text.exti_flag_get) for [Anonymous Symbol]
[...]
    Removing gd32l23x_fmc.o(.ARM.exidx.text.fmc_flag_get), (8 bytes).
    Removing gd32l23x_fmc.o(.ARM.exidx.text.fmc_flag_clear), (8 bytes).
    Removing gd32l23x_fmc.o(.text.fmc_interrupt_enable), (40 bytes).
    Removing gd32l23x_fmc.o(.ARM.exidx.text.fmc_interrupt_enable), (8 bytes).
    Removing gd32l23x_fmc.o(.text.fmc_interrupt_disable), (40 bytes).
    Removing gd32l23x_fmc.o(.ARM.exidx.text.fmc_interrupt_disable), (8 bytes).
    Removing gd32l23x_fmc.o(.text.fmc_interrupt_flag_get), (100 bytes).
    Removing gd32l23x_fmc.o(.ARM.exidx.text.fmc_interrupt_flag_get), (8 bytes).
    Removing gd32l23x_fmc.o(.text.fmc_interrupt_flag_clear), (36 bytes).
    Removing gd32l23x_fmc.o(.ARM.exidx.text.fmc_interrupt_flag_clear), (8 bytes).
    Removing gd32l23x_fmc.o(.ARM.exidx.text.fmc_state_get), (8 bytes).
    Removing gd32l23x_i2c.o(.text), (0 bytes).
    Removing gd32l23x_i2c.o(.text.i2c_deinit), (116 bytes).
    Removing gd32l23x_i2c.o(.ARM.exidx.text.i2c_deinit), (8 bytes).
    Removing gd32l23x_i2c.o(.text.i2c_timing_config), (102 bytes).
    Removing gd32l23x_i2c.o(.ARM.exidx.text.i2c_timing_config), (8 bytes).
    Removing gd32l23x_i2c.o(.text.i2c_digital_noise_filter_config), (38 bytes).
    Removing gd32l23x_i2c.o(.ARM.exidx.text.i2c_digital_noise_filter_config), (8 bytes).
    Removing gd32l23x_i2c.o(.text.i2c_analog_noise_filter_enable), (20 bytes).
    Removing gd32l23x_i2c.o(.ARM.exidx.text.i2c_analog_noise_filter_enable), (8 bytes).
    Removing gd32l23x_i2c.o(.text.i2c_analog_noise_filter_disable), (24 bytes).
    Removing gd32l23x_i2c.o(.ARM.exidx.text.i2c_analog_noise_filter_disable), (8 bytes).
    Removing gd32l23x_i2c.o(.text.i2c_master_clock_config), (66 bytes).
    Removing gd32l23x_i2c.o(.ARM.exidx.text.i2c_master_clock_config), (8 bytes).
    Removing gd32l23x_i2c.o(.text.i2c_master_addressing), (64 bytes).
    Removing gd32l23x_i2c.o(.ARM.exidx.text.i2c_master_addressing), (8 bytes).
    Removing gd32l23x_i2c.o(.text.i2c_address10_header_enable), (20 bytes).
    Removing gd32l23x_i2c.o(.ARM.exidx.text.i2c_address10_header_enable), (8 bytes).
    Removing gd32l23x_i2c.o(.text.i2c_address10_header_disable), (24 bytes).
    Removing gd32l23x_i2c.o(.ARM.exidx.text.i2c_address10_header_disable), (8 bytes).
    Removing gd32l23x_i2c.o(.text.i2c_address10_enable), (20 bytes).
    Removing gd32l23x_i2c.o(.ARM.exidx.text.i2c_address10_enable), (8 bytes).
    Removing gd32l23x_i2c.o(.text.i2c_address10_disable), (24 bytes).
    Removing gd32l23x_i2c.o(.ARM.exidx.text.i2c_address10_disable), (8 bytes).
    Removing gd32l23x_i2c.o(.text.i2c_automatic_end_enable), (20 bytes).
    Removing gd32l23x_i2c.o(.ARM.exidx.text.i2c_automatic_end_enable), (8 bytes).
    Removing gd32l23x_i2c.o(.text.i2c_automatic_end_disable), (24 bytes).
    Removing gd32l23x_i2c.o(.ARM.exidx.text.i2c_automatic_end_disable), (8 bytes).
    Removing gd32l23x_i2c.o(.text.i2c_slave_response_to_gcall_enable), (20 bytes).
    Removing gd32l23x_i2c.o(.ARM.exidx.text.i2c_slave_response_to_gcall_enable), (8 bytes).
    Removing gd32l23x_i2c.o(.text.i2c_slave_response_to_gcall_disable), (24 bytes).
    Removing gd32l23x_i2c.o(.ARM.exidx.text.i2c_slave_response_to_gcall_disable), (8 bytes).
    Removing gd32l23x_i2c.o(.text.i2c_stretch_scl_low_enable), (24 bytes).
    Removing gd32l23x_i2c.o(.ARM.exidx.text.i2c_stretch_scl_low_enable), (8 bytes).
    Removing gd32l23x_i2c.o(.text.i2c_stretch_scl_low_disable), (20 bytes).
    Removing gd32l23x_i2c.o(.ARM.exidx.text.i2c_stretch_scl_low_disable), (8 bytes).
    Removing gd32l23x_i2c.o(.text.i2c_address_config), (44 bytes).
    Removing gd32l23x_i2c.o(.ARM.exidx.text.i2c_address_config), (8 bytes).
    Removing gd32l23x_i2c.o(.text.i2c_address_bit_compare_config), (38 bytes).
    Removing gd32l23x_i2c.o(.ARM.exidx.text.i2c_address_bit_compare_config), (8 bytes).
    Removing gd32l23x_i2c.o(.text.i2c_address_disable), (24 bytes).
    Removing gd32l23x_i2c.o(.ARM.exidx.text.i2c_address_disable), (8 bytes).
    Removing gd32l23x_i2c.o(.text.i2c_second_address_config), (70 bytes).
    Removing gd32l23x_i2c.o(.ARM.exidx.text.i2c_second_address_config), (8 bytes).
    Removing gd32l23x_i2c.o(.text.i2c_second_address_disable), (24 bytes).
    Removing gd32l23x_i2c.o(.ARM.exidx.text.i2c_second_address_disable), (8 bytes).
    Removing gd32l23x_i2c.o(.text.i2c_recevied_address_get), (20 bytes).
    Removing gd32l23x_i2c.o(.ARM.exidx.text.i2c_recevied_address_get), (8 bytes).
    Removing gd32l23x_i2c.o(.text.i2c_slave_byte_control_enable), (20 bytes).
    Removing gd32l23x_i2c.o(.ARM.exidx.text.i2c_slave_byte_control_enable), (8 bytes).
    Removing gd32l23x_i2c.o(.text.i2c_slave_byte_control_disable), (24 bytes).
    Removing gd32l23x_i2c.o(.ARM.exidx.text.i2c_slave_byte_control_disable), (8 bytes).
    Removing gd32l23x_i2c.o(.text.i2c_nack_enable), (20 bytes).
    Removing gd32l23x_i2c.o(.ARM.exidx.text.i2c_nack_enable), (8 bytes).
    Removing gd32l23x_i2c.o(.text.i2c_nack_disable), (24 bytes).
    Removing gd32l23x_i2c.o(.ARM.exidx.text.i2c_nack_disable), (8 bytes).
    Removing gd32l23x_i2c.o(.text.i2c_wakeup_from_deepsleep_enable), (20 bytes).
    Removing gd32l23x_i2c.o(.ARM.exidx.text.i2c_wakeup_from_deepsleep_enable), (8 bytes).
    Removing gd32l23x_i2c.o(.text.i2c_wakeup_from_deepsleep_disable), (24 bytes).
    Removing gd32l23x_i2c.o(.ARM.exidx.text.i2c_wakeup_from_deepsleep_disable), (8 bytes).
    Removing gd32l23x_i2c.o(.text.i2c_enable), (18 bytes).
    Removing gd32l23x_i2c.o(.ARM.exidx.text.i2c_enable), (8 bytes).
    Removing gd32l23x_i2c.o(.text.i2c_disable), (18 bytes).
    Removing gd32l23x_i2c.o(.ARM.exidx.text.i2c_disable), (8 bytes).
    Removing gd32l23x_i2c.o(.text.i2c_start_on_bus), (20 bytes).
    Removing gd32l23x_i2c.o(.ARM.exidx.text.i2c_start_on_bus), (8 bytes).
    Removing gd32l23x_i2c.o(.text.i2c_stop_on_bus), (20 bytes).
    Removing gd32l23x_i2c.o(.ARM.exidx.text.i2c_stop_on_bus), (8 bytes).
    Removing gd32l23x_i2c.o(.text.i2c_data_transmit), (18 bytes).
    Removing gd32l23x_i2c.o(.ARM.exidx.text.i2c_data_transmit), (8 bytes).
    Removing gd32l23x_i2c.o(.text.i2c_data_receive), (14 bytes).
    Removing gd32l23x_i2c.o(.ARM.exidx.text.i2c_data_receive), (8 bytes).
    Removing gd32l23x_i2c.o(.text.i2c_reload_enable), (20 bytes).
    Removing gd32l23x_i2c.o(.ARM.exidx.text.i2c_reload_enable), (8 bytes).
    Removing gd32l23x_i2c.o(.text.i2c_reload_disable), (24 bytes).
    Removing gd32l23x_i2c.o(.ARM.exidx.text.i2c_reload_disable), (8 bytes).
    Removing gd32l23x_i2c.o(.text.i2c_transfer_byte_number_config), (38 bytes).
    Removing gd32l23x_i2c.o(.ARM.exidx.text.i2c_transfer_byte_number_config), (8 bytes).
    Removing gd32l23x_i2c.o(.text.i2c_dma_enable), (46 bytes).
    Removing gd32l23x_i2c.o(.ARM.exidx.text.i2c_dma_enable), (8 bytes).
    Removing gd32l23x_i2c.o(.text.i2c_dma_disable), (54 bytes).
    Removing gd32l23x_i2c.o(.ARM.exidx.text.i2c_dma_disable), (8 bytes).
    Removing gd32l23x_i2c.o(.text.i2c_pec_transfer), (20 bytes).
    Removing gd32l23x_i2c.o(.ARM.exidx.text.i2c_pec_transfer), (8 bytes).
    Removing gd32l23x_i2c.o(.text.i2c_pec_enable), (20 bytes).
    Removing gd32l23x_i2c.o(.ARM.exidx.text.i2c_pec_enable), (8 bytes).
    Removing gd32l23x_i2c.o(.text.i2c_pec_disable), (24 bytes).
    Removing gd32l23x_i2c.o(.ARM.exidx.text.i2c_pec_disable), (8 bytes).
    Removing gd32l23x_i2c.o(.text.i2c_pec_value_get), (14 bytes).
    Removing gd32l23x_i2c.o(.ARM.exidx.text.i2c_pec_value_get), (8 bytes).
    Removing gd32l23x_i2c.o(.text.i2c_smbus_alert_enable), (20 bytes).
    Removing gd32l23x_i2c.o(.ARM.exidx.text.i2c_smbus_alert_enable), (8 bytes).
    Removing gd32l23x_i2c.o(.text.i2c_smbus_alert_disable), (24 bytes).
    Removing gd32l23x_i2c.o(.ARM.exidx.text.i2c_smbus_alert_disable), (8 bytes).
    Removing gd32l23x_i2c.o(.text.i2c_smbus_default_addr_enable), (20 bytes).
    Removing gd32l23x_i2c.o(.ARM.exidx.text.i2c_smbus_default_addr_enable), (8 bytes).
    Removing gd32l23x_i2c.o(.text.i2c_smbus_default_addr_disable), (24 bytes).
    Removing gd32l23x_i2c.o(.ARM.exidx.text.i2c_smbus_default_addr_disable), (8 bytes).
    Removing gd32l23x_i2c.o(.text.i2c_smbus_host_addr_enable), (20 bytes).
    Removing gd32l23x_i2c.o(.ARM.exidx.text.i2c_smbus_host_addr_enable), (8 bytes).
    Removing gd32l23x_i2c.o(.text.i2c_smbus_host_addr_disable), (24 bytes).
    Removing gd32l23x_i2c.o(.ARM.exidx.text.i2c_smbus_host_addr_disable), (8 bytes).
    Removing gd32l23x_i2c.o(.text.i2c_extented_clock_timeout_enable), (20 bytes).
    Removing gd32l23x_i2c.o(.ARM.exidx.text.i2c_extented_clock_timeout_enable), (8 bytes).
    Removing gd32l23x_i2c.o(.text.i2c_extented_clock_timeout_disable), (24 bytes).
    Removing gd32l23x_i2c.o(.ARM.exidx.text.i2c_extented_clock_timeout_disable), (8 bytes).
    Removing gd32l23x_i2c.o(.text.i2c_clock_timeout_enable), (20 bytes).
    Removing gd32l23x_i2c.o(.ARM.exidx.text.i2c_clock_timeout_enable), (8 bytes).
    Removing gd32l23x_i2c.o(.text.i2c_clock_timeout_disable), (24 bytes).
    Removing gd32l23x_i2c.o(.ARM.exidx.text.i2c_clock_timeout_disable), (8 bytes).
    Removing gd32l23x_i2c.o(.text.i2c_bus_timeout_b_config), (40 bytes).
    Removing gd32l23x_i2c.o(.ARM.exidx.text.i2c_bus_timeout_b_config), (8 bytes).
    Removing gd32l23x_i2c.o(.text.i2c_bus_timeout_a_config), (42 bytes).
    Removing gd32l23x_i2c.o(.ARM.exidx.text.i2c_bus_timeout_a_config), (8 bytes).
    Removing gd32l23x_i2c.o(.text.i2c_idle_clock_timeout_config), (36 bytes).
    Removing gd32l23x_i2c.o(.ARM.exidx.text.i2c_idle_clock_timeout_config), (8 bytes).
    Removing gd32l23x_i2c.o(.text.i2c_flag_get), (42 bytes).
    Removing gd32l23x_i2c.o(.ARM.exidx.text.i2c_flag_get), (8 bytes).
    Removing gd32l23x_i2c.o(.text.i2c_flag_clear), (20 bytes).
    Removing gd32l23x_i2c.o(.ARM.exidx.text.i2c_flag_clear), (8 bytes).
    Removing gd32l23x_i2c.o(.text.i2c_interrupt_enable), (20 bytes).
    Removing gd32l23x_i2c.o(.ARM.exidx.text.i2c_interrupt_enable), (8 bytes).
    Removing gd32l23x_i2c.o(.text.i2c_interrupt_disable), (20 bytes).
    Removing gd32l23x_i2c.o(.ARM.exidx.text.i2c_interrupt_disable), (8 bytes).
    Removing gd32l23x_i2c.o(.text.i2c_interrupt_flag_get), (98 bytes).
    Removing gd32l23x_i2c.o(.ARM.exidx.text.i2c_interrupt_flag_get), (8 bytes).
    Removing gd32l23x_i2c.o(.text.i2c_interrupt_flag_clear), (32 bytes).
    Removing gd32l23x_i2c.o(.ARM.exidx.text.i2c_interrupt_flag_clear), (8 bytes).
    Removing gd32l23x_pmu.o(.text), (0 bytes).
    Removing gd32l23x_pmu.o(.text.pmu_deinit), (24 bytes).
    Removing gd32l23x_pmu.o(.ARM.exidx.text.pmu_deinit), (8 bytes).
    Removing gd32l23x_pmu.o(.text.pmu_lvd_select), (46 bytes).
    Removing gd32l23x_pmu.o(.ARM.exidx.text.pmu_lvd_select), (8 bytes).
    Removing gd32l23x_pmu.o(.text.pmu_lvd_disable), (18 bytes).
    Removing gd32l23x_pmu.o(.ARM.exidx.text.pmu_lvd_disable), (8 bytes).
    Removing gd32l23x_pmu.o(.text.pmu_ldo_output_select), (38 bytes).
    Removing gd32l23x_pmu.o(.ARM.exidx.text.pmu_ldo_output_select), (8 bytes).
    Removing gd32l23x_pmu.o(.text.pmu_vc_enable), (20 bytes).
    Removing gd32l23x_pmu.o(.ARM.exidx.text.pmu_vc_enable), (8 bytes).
    Removing gd32l23x_pmu.o(.text.pmu_vc_disable), (24 bytes).
    Removing gd32l23x_pmu.o(.ARM.exidx.text.pmu_vc_disable), (8 bytes).
    Removing gd32l23x_pmu.o(.text.pmu_vcr_select), (38 bytes).
    Removing gd32l23x_pmu.o(.ARM.exidx.text.pmu_vcr_select), (8 bytes).
    Removing gd32l23x_pmu.o(.text.pmu_low_power_enable), (20 bytes).
    Removing gd32l23x_pmu.o(.ARM.exidx.text.pmu_low_power_enable), (8 bytes).
    Removing gd32l23x_pmu.o(.text.pmu_low_power_disable), (24 bytes).
    Removing gd32l23x_pmu.o(.ARM.exidx.text.pmu_low_power_disable), (8 bytes).
    Removing gd32l23x_pmu.o(.text.pmu_to_sleepmode), (100 bytes).
    Removing gd32l23x_pmu.o(.ARM.exidx.text.pmu_to_sleepmode), (8 bytes).
    Removing gd32l23x_pmu.o(.text.pmu_to_deepsleepmode), (164 bytes).
    Removing gd32l23x_pmu.o(.ARM.exidx.text.pmu_to_deepsleepmode), (8 bytes).
    Removing gd32l23x_pmu.o(.text.pmu_to_standbymode), (110 bytes).
    Removing gd32l23x_pmu.o(.ARM.exidx.text.pmu_to_standbymode), (8 bytes).
    Removing gd32l23x_pmu.o(.text.pmu_wakeup_pin_enable), (24 bytes).
    Removing gd32l23x_pmu.o(.ARM.exidx.text.pmu_wakeup_pin_enable), (8 bytes).
    Removing gd32l23x_pmu.o(.text.pmu_wakeup_pin_disable), (24 bytes).
    Removing gd32l23x_pmu.o(.ARM.exidx.text.pmu_wakeup_pin_disable), (8 bytes).
    Removing gd32l23x_pmu.o(.text.pmu_backup_write_enable), (20 bytes).
    Removing gd32l23x_pmu.o(.ARM.exidx.text.pmu_backup_write_enable), (8 bytes).
    Removing gd32l23x_pmu.o(.text.pmu_backup_write_disable), (24 bytes).
    Removing gd32l23x_pmu.o(.ARM.exidx.text.pmu_backup_write_disable), (8 bytes).
    Removing gd32l23x_pmu.o(.text.pmu_sram_power_config), (24 bytes).
    Removing gd32l23x_pmu.o(.ARM.exidx.text.pmu_sram_power_config), (8 bytes).
    Removing gd32l23x_pmu.o(.text.pmu_core1_power_config), (24 bytes).
    Removing gd32l23x_pmu.o(.ARM.exidx.text.pmu_core1_power_config), (8 bytes).
    Removing gd32l23x_pmu.o(.text.pmu_deepsleep2_retention_enable), (24 bytes).
    Removing gd32l23x_pmu.o(.ARM.exidx.text.pmu_deepsleep2_retention_enable), (8 bytes).
    Removing gd32l23x_pmu.o(.text.pmu_deepsleep2_retention_disable), (20 bytes).
    Removing gd32l23x_pmu.o(.ARM.exidx.text.pmu_deepsleep2_retention_disable), (8 bytes).
    Removing gd32l23x_pmu.o(.text.pmu_deepsleep2_sram_power_config), (38 bytes).
    Removing gd32l23x_pmu.o(.ARM.exidx.text.pmu_deepsleep2_sram_power_config), (8 bytes).
    Removing gd32l23x_pmu.o(.text.pmu_deepsleep_wait_time_config), (42 bytes).
    Removing gd32l23x_pmu.o(.ARM.exidx.text.pmu_deepsleep_wait_time_config), (8 bytes).
    Removing gd32l23x_pmu.o(.text.pmu_wakeuptime_core1_software_enable), (50 bytes).
    Removing gd32l23x_pmu.o(.ARM.exidx.text.pmu_wakeuptime_core1_software_enable), (8 bytes).
    Removing gd32l23x_pmu.o(.text.pmu_wakeuptime_core1_software_disable), (24 bytes).
    Removing gd32l23x_pmu.o(.ARM.exidx.text.pmu_wakeuptime_core1_software_disable), (8 bytes).
    Removing gd32l23x_pmu.o(.text.pmu_wakeuptime_sram_config), (42 bytes).
    Removing gd32l23x_pmu.o(.ARM.exidx.text.pmu_wakeuptime_sram_config), (8 bytes).
    Removing gd32l23x_pmu.o(.text.pmu_wakeuptime_sram_software_enable), (20 bytes).
    Removing gd32l23x_pmu.o(.ARM.exidx.text.pmu_wakeuptime_sram_software_enable), (8 bytes).
    Removing gd32l23x_pmu.o(.text.pmu_wakeuptime_sram_software_disable), (24 bytes).
    Removing gd32l23x_pmu.o(.ARM.exidx.text.pmu_wakeuptime_sram_software_disable), (8 bytes).
    Removing gd32l23x_pmu.o(.text.pmu_wakeuptime_deepsleep2_software_enable), (42 bytes).
    Removing gd32l23x_pmu.o(.ARM.exidx.text.pmu_wakeuptime_deepsleep2_software_enable), (8 bytes).
    Removing gd32l23x_pmu.o(.text.pmu_wakeuptime_deepsleep2_software_disable), (24 bytes).
    Removing gd32l23x_pmu.o(.ARM.exidx.text.pmu_wakeuptime_deepsleep2_software_disable), (8 bytes).
    Removing gd32l23x_pmu.o(.text.pmu_flag_get), (100 bytes).
    Removing gd32l23x_pmu.o(.ARM.exidx.text.pmu_flag_get), (8 bytes).
    Removing gd32l23x_pmu.o(.text.pmu_flag_clear), (98 bytes).
    Removing gd32l23x_pmu.o(.ARM.exidx.text.pmu_flag_clear), (8 bytes).
    Removing gd32l23x_timer.o(.text), (0 bytes).
    Removing gd32l23x_timer.o(.ARM.exidx.text.timer_deinit), (8 bytes).
    Removing gd32l23x_timer.o(.ARM.exidx.text.timer_struct_para_init), (8 bytes).
    Removing gd32l23x_timer.o(.ARM.exidx.text.timer_init), (8 bytes).
    Removing gd32l23x_timer.o(.ARM.exidx.text.timer_enable), (8 bytes).
    Removing gd32l23x_timer.o(.text.timer_disable), (18 bytes).
    Removing gd32l23x_timer.o(.ARM.exidx.text.timer_disable), (8 bytes).
    Removing gd32l23x_timer.o(.ARM.exidx.text.timer_auto_reload_shadow_enable), (8 bytes).
    Removing gd32l23x_timer.o(.text.timer_auto_reload_shadow_disable), (18 bytes).
    Removing gd32l23x_timer.o(.ARM.exidx.text.timer_auto_reload_shadow_disable), (8 bytes).
    Removing gd32l23x_timer.o(.text.timer_update_event_enable), (18 bytes).
    Removing gd32l23x_timer.o(.ARM.exidx.text.timer_update_event_enable), (8 bytes).
    Removing gd32l23x_timer.o(.text.timer_update_event_disable), (18 bytes).
    Removing gd32l23x_timer.o(.ARM.exidx.text.timer_update_event_disable), (8 bytes).
    Removing gd32l23x_timer.o(.text.timer_counter_alignment), (32 bytes).
    Removing gd32l23x_timer.o(.ARM.exidx.text.timer_counter_alignment), (8 bytes).
    Removing gd32l23x_timer.o(.text.timer_counter_up_direction), (18 bytes).
    Removing gd32l23x_timer.o(.ARM.exidx.text.timer_counter_up_direction), (8 bytes).
    Removing gd32l23x_timer.o(.text.timer_counter_down_direction), (18 bytes).
    Removing gd32l23x_timer.o(.ARM.exidx.text.timer_counter_down_direction), (8 bytes).
    Removing gd32l23x_timer.o(.text.timer_prescaler_config), (38 bytes).
    Removing gd32l23x_timer.o(.ARM.exidx.text.timer_prescaler_config), (8 bytes).
    Removing gd32l23x_timer.o(.text.timer_autoreload_value_config), (16 bytes).
    Removing gd32l23x_timer.o(.ARM.exidx.text.timer_autoreload_value_config), (8 bytes).
    Removing gd32l23x_timer.o(.text.timer_counter_value_config), (16 bytes).
    Removing gd32l23x_timer.o(.ARM.exidx.text.timer_counter_value_config), (8 bytes).
    Removing gd32l23x_timer.o(.text.timer_counter_read), (20 bytes).
    Removing gd32l23x_timer.o(.ARM.exidx.text.timer_counter_read), (8 bytes).
    Removing gd32l23x_timer.o(.text.timer_prescaler_read), (22 bytes).
    Removing gd32l23x_timer.o(.ARM.exidx.text.timer_prescaler_read), (8 bytes).
    Removing gd32l23x_timer.o(.text.timer_single_pulse_mode_config), (52 bytes).
    Removing gd32l23x_timer.o(.ARM.exidx.text.timer_single_pulse_mode_config), (8 bytes).
    Removing gd32l23x_timer.o(.text.timer_update_source_config), (52 bytes).
    Removing gd32l23x_timer.o(.ARM.exidx.text.timer_update_source_config), (8 bytes).
    Removing gd32l23x_timer.o(.text.timer_dma_enable), (22 bytes).
    Removing gd32l23x_timer.o(.ARM.exidx.text.timer_dma_enable), (8 bytes).
    Removing gd32l23x_timer.o(.text.timer_dma_disable), (22 bytes).
    Removing gd32l23x_timer.o(.ARM.exidx.text.timer_dma_disable), (8 bytes).
    Removing gd32l23x_timer.o(.text.timer_channel_dma_request_source_select), (52 bytes).
    Removing gd32l23x_timer.o(.ARM.exidx.text.timer_channel_dma_request_source_select), (8 bytes).
    Removing gd32l23x_timer.o(.text.timer_dma_transfer_config), (50 bytes).
    Removing gd32l23x_timer.o(.ARM.exidx.text.timer_dma_transfer_config), (8 bytes).
    Removing gd32l23x_timer.o(.text.timer_event_software_generate), (22 bytes).
    Removing gd32l23x_timer.o(.ARM.exidx.text.timer_event_software_generate), (8 bytes).
    Removing gd32l23x_timer.o(.text.timer_channel_output_struct_para_init), (18 bytes).
    Removing gd32l23x_timer.o(.ARM.exidx.text.timer_channel_output_struct_para_init), (8 bytes).
    Removing gd32l23x_timer.o(.text.timer_channel_output_config), (358 bytes).
    Removing gd32l23x_timer.o(.ARM.exidx.text.timer_channel_output_config), (8 bytes).
    Removing gd32l23x_timer.o(.text.timer_channel_output_mode_config), (198 bytes).
    Removing gd32l23x_timer.o(.ARM.exidx.text.timer_channel_output_mode_config), (8 bytes).
    Removing gd32l23x_timer.o(.text.timer_channel_output_pulse_value_config), (82 bytes).
    Removing gd32l23x_timer.o(.ARM.exidx.text.timer_channel_output_pulse_value_config), (8 bytes).
    Removing gd32l23x_timer.o(.text.timer_channel_output_shadow_config), (198 bytes).
    Removing gd32l23x_timer.o(.ARM.exidx.text.timer_channel_output_shadow_config), (8 bytes).
    Removing gd32l23x_timer.o(.text.timer_channel_output_fast_config), (198 bytes).
    Removing gd32l23x_timer.o(.ARM.exidx.text.timer_channel_output_fast_config), (8 bytes).
    Removing gd32l23x_timer.o(.text.timer_channel_output_clear_config), (198 bytes).
    Removing gd32l23x_timer.o(.ARM.exidx.text.timer_channel_output_clear_config), (8 bytes).
    Removing gd32l23x_timer.o(.text.timer_channel_output_polarity_config), (200 bytes).
    Removing gd32l23x_timer.o(.ARM.exidx.text.timer_channel_output_polarity_config), (8 bytes).
    Removing gd32l23x_timer.o(.text.timer_channel_output_state_config), (188 bytes).
    Removing gd32l23x_timer.o(.ARM.exidx.text.timer_channel_output_state_config), (8 bytes).
    Removing gd32l23x_timer.o(.text.timer_channel_input_struct_para_init), (28 bytes).
    Removing gd32l23x_timer.o(.ARM.exidx.text.timer_channel_input_struct_para_init), (8 bytes).
    Removing gd32l23x_timer.o(.text.timer_input_capture_config), (582 bytes).
    Removing gd32l23x_timer.o(.ARM.exidx.text.timer_input_capture_config), (8 bytes).
    Removing gd32l23x_timer.o(.text.timer_channel_input_capture_prescaler_config), (198 bytes).
    Removing gd32l23x_timer.o(.ARM.exidx.text.timer_channel_input_capture_prescaler_config), (8 bytes).
    Removing gd32l23x_timer.o(.text.timer_channel_capture_value_register_read), (88 bytes).
    Removing gd32l23x_timer.o(.ARM.exidx.text.timer_channel_capture_value_register_read), (8 bytes).
    Removing gd32l23x_timer.o(.text.timer_input_pwm_capture_config), (612 bytes).
    Removing gd32l23x_timer.o(.ARM.exidx.text.timer_input_pwm_capture_config), (8 bytes).
    Removing gd32l23x_timer.o(.text.timer_hall_mode_config), (52 bytes).
    Removing gd32l23x_timer.o(.ARM.exidx.text.timer_hall_mode_config), (8 bytes).
    Removing gd32l23x_timer.o(.text.timer_input_trigger_source_select), (38 bytes).
    Removing gd32l23x_timer.o(.ARM.exidx.text.timer_input_trigger_source_select), (8 bytes).
    Removing gd32l23x_timer.o(.text.timer_master_output_trigger_source_select), (38 bytes).
    Removing gd32l23x_timer.o(.ARM.exidx.text.timer_master_output_trigger_source_select), (8 bytes).
    Removing gd32l23x_timer.o(.text.timer_slave_mode_select), (38 bytes).
    Removing gd32l23x_timer.o(.ARM.exidx.text.timer_slave_mode_select), (8 bytes).
    Removing gd32l23x_timer.o(.text.timer_master_slave_mode_config), (52 bytes).
    Removing gd32l23x_timer.o(.ARM.exidx.text.timer_master_slave_mode_config), (8 bytes).
    Removing gd32l23x_timer.o(.text.timer_external_trigger_config), (62 bytes).
    Removing gd32l23x_timer.o(.ARM.exidx.text.timer_external_trigger_config), (8 bytes).
    Removing gd32l23x_timer.o(.text.timer_quadrature_decoder_mode_config), (126 bytes).
    Removing gd32l23x_timer.o(.ARM.exidx.text.timer_quadrature_decoder_mode_config), (8 bytes).
    Removing gd32l23x_timer.o(.text.timer_internal_clock_config), (18 bytes).
    Removing gd32l23x_timer.o(.ARM.exidx.text.timer_internal_clock_config), (8 bytes).
    Removing gd32l23x_timer.o(.text.timer_internal_trigger_as_external_clock_config), (46 bytes).
    Removing gd32l23x_timer.o(.ARM.exidx.text.timer_internal_trigger_as_external_clock_config), (8 bytes).
    Removing gd32l23x_timer.o(.text.timer_external_trigger_as_external_clock_config), (290 bytes).
    Removing gd32l23x_timer.o(.ARM.exidx.text.timer_external_trigger_as_external_clock_config), (8 bytes).
    Removing gd32l23x_timer.o(.text.timer_external_clock_mode0_config), (54 bytes).
    Removing gd32l23x_timer.o(.ARM.exidx.text.timer_external_clock_mode0_config), (8 bytes).
    Removing gd32l23x_timer.o(.text.timer_external_clock_mode1_config), (40 bytes).
    Removing gd32l23x_timer.o(.ARM.exidx.text.timer_external_clock_mode1_config), (8 bytes).
    Removing gd32l23x_timer.o(.text.timer_external_clock_mode1_disable), (24 bytes).
    Removing gd32l23x_timer.o(.ARM.exidx.text.timer_external_clock_mode1_disable), (8 bytes).
    Removing gd32l23x_timer.o(.text.timer_channel_remap_config), (16 bytes).
    Removing gd32l23x_timer.o(.ARM.exidx.text.timer_channel_remap_config), (8 bytes).
    Removing gd32l23x_timer.o(.text.timer_write_chxval_register_config), (60 bytes).
    Removing gd32l23x_timer.o(.ARM.exidx.text.timer_write_chxval_register_config), (8 bytes).
    Removing gd32l23x_timer.o(.text.timer_flag_get), (42 bytes).
    Removing gd32l23x_timer.o(.ARM.exidx.text.timer_flag_get), (8 bytes).
    Removing gd32l23x_timer.o(.text.timer_flag_clear), (18 bytes).
    Removing gd32l23x_timer.o(.ARM.exidx.text.timer_flag_clear), (8 bytes).
    Removing gd32l23x_timer.o(.ARM.exidx.text.timer_interrupt_enable), (8 bytes).
    Removing gd32l23x_timer.o(.text.timer_interrupt_disable), (20 bytes).
    Removing gd32l23x_timer.o(.ARM.exidx.text.timer_interrupt_disable), (8 bytes).
    Removing gd32l23x_timer.o(.ARM.exidx.text.timer_interrupt_flag_get), (8 bytes).
    Removing gd32l23x_timer.o(.ARM.exidx.text.timer_interrupt_flag_clear), (8 bytes).
    Removing gd32l23x_fwdgt.o(.text), (0 bytes).
    Removing gd32l23x_fwdgt.o(.text.fwdgt_write_enable), (16 bytes).
    Removing gd32l23x_fwdgt.o(.ARM.exidx.text.fwdgt_write_enable), (8 bytes).
    Removing gd32l23x_fwdgt.o(.text.fwdgt_write_disable), (14 bytes).
    Removing gd32l23x_fwdgt.o(.ARM.exidx.text.fwdgt_write_disable), (8 bytes).
    Removing gd32l23x_fwdgt.o(.text.fwdgt_enable), (16 bytes).
    Removing gd32l23x_fwdgt.o(.ARM.exidx.text.fwdgt_enable), (8 bytes).
    Removing gd32l23x_fwdgt.o(.text.fwdgt_prescaler_value_config), (132 bytes).
    Removing gd32l23x_fwdgt.o(.ARM.exidx.text.fwdgt_prescaler_value_config), (8 bytes).
    Removing gd32l23x_fwdgt.o(.text.fwdgt_reload_value_config), (138 bytes).
    Removing gd32l23x_fwdgt.o(.ARM.exidx.text.fwdgt_reload_value_config), (8 bytes).
    Removing gd32l23x_fwdgt.o(.text.fwdgt_window_value_config), (138 bytes).
    Removing gd32l23x_fwdgt.o(.ARM.exidx.text.fwdgt_window_value_config), (8 bytes).
    Removing gd32l23x_fwdgt.o(.ARM.exidx.text.fwdgt_counter_reload), (8 bytes).
    Removing gd32l23x_fwdgt.o(.text.fwdgt_config), (248 bytes).
    Removing gd32l23x_fwdgt.o(.ARM.exidx.text.fwdgt_config), (8 bytes).
    Removing gd32l23x_fwdgt.o(.text.fwdgt_flag_get), (48 bytes).
    Removing gd32l23x_fwdgt.o(.ARM.exidx.text.fwdgt_flag_get), (8 bytes).
    Removing startup_gd32l233xx.o(HEAP), (1024 bytes).
    Removing gd32l23x_eval.o(.text), (0 bytes).
    Removing gd32l23x_eval.o(.text.gd_eval_led_init), (112 bytes).
    Removing gd32l23x_eval.o(.ARM.exidx.text.gd_eval_led_init), (8 bytes).
    Removing gd32l23x_eval.o(.text.gd_eval_led_on), (38 bytes).
    Removing gd32l23x_eval.o(.ARM.exidx.text.gd_eval_led_on), (8 bytes).
    Removing gd32l23x_eval.o(.text.gd_eval_led_off), (38 bytes).
    Removing gd32l23x_eval.o(.ARM.exidx.text.gd_eval_led_off), (8 bytes).
    Removing gd32l23x_eval.o(.text.gd_eval_led_toggle), (38 bytes).
    Removing gd32l23x_eval.o(.ARM.exidx.text.gd_eval_led_toggle), (8 bytes).
    Removing gd32l23x_eval.o(.text.gd_eval_key_init), (184 bytes).
    Removing gd32l23x_eval.o(.ARM.exidx.text.gd_eval_key_init), (8 bytes).
    Removing gd32l23x_eval.o(.text.gd_eval_key_state_get), (42 bytes).
    Removing gd32l23x_eval.o(.ARM.exidx.text.gd_eval_key_state_get), (8 bytes).
    Removing gd32l23x_eval.o(.text.gd_eval_com_init), (236 bytes).
    Removing gd32l23x_eval.o(.ARM.exidx.text.gd_eval_com_init), (8 bytes).
    Removing gd32l23x_eval.o(.rodata.GPIO_CLK), (8 bytes).
    Removing gd32l23x_eval.o(.rodata.GPIO_PORT), (16 bytes).
    Removing gd32l23x_eval.o(.rodata.GPIO_PIN), (16 bytes).
    Removing gd32l23x_eval.o(.rodata.KEY_CLK), (4 bytes).
    Removing gd32l23x_eval.o(.rodata.KEY_PORT), (8 bytes).
    Removing gd32l23x_eval.o(.rodata.KEY_PIN), (8 bytes).
    Removing gd32l23x_eval.o(.rodata.KEY_IRQn), (2 bytes).
    Removing gd32l23x_eval.o(.rodata.KEY_PORT_SOURCE), (2 bytes).
    Removing gd32l23x_eval.o(.rodata.KEY_PIN_SOURCE), (2 bytes).
    Removing gd32l23x_eval.o(.rodata.KEY_EXTI_LINE), (8 bytes).
    Removing gd32l23x_eval.o(.rodata.COM_CLK), (2 bytes).
    Removing gd32l23x_eval.o(.rodata.COM_TX_PIN), (4 bytes).
    Removing gd32l23x_eval.o(.rodata.COM_RX_PIN), (4 bytes).
    Removing bsp_uart.o(.text), (0 bytes).
    Removing bsp_uart.o(.text.bsp_uart_init), (396 bytes).
    Removing bsp_uart.o(.ARM.exidx.text.bsp_uart_init), (8 bytes).
    Removing bsp_uart.o(.text.bsp_usart_send_byte), (72 bytes).
    Removing bsp_uart.o(.ARM.exidx.text.bsp_usart_send_byte), (8 bytes).
    Removing bsp_uart.o(.text.bsp_get_uart_rx_io_status), (42 bytes).
    Removing bsp_uart.o(.ARM.exidx.text.bsp_get_uart_rx_io_status), (8 bytes).
    Removing bsp_uart.o(.text.uart_register_callback), (52 bytes).
    Removing bsp_uart.o(.ARM.exidx.text.uart_register_callback), (8 bytes).
    Removing bsp_uart.o(.ARM.exidx.text.USART0_IRQHandler), (8 bytes).
    Removing bsp_uart.o(.ARM.exidx.text.UART4_IRQHandler), (8 bytes).
    Removing bsp_uart.o(.rodata.USART_IRQ), (2 bytes).
    Removing bsp_uart.o(.rodata.USART_GPIO_CLK), (4 bytes).
    Removing bsp_uart.o(.rodata.USART_CLK), (4 bytes).
    Removing bsp_uart.o(.rodata.USART_GPIO_PORT), (8 bytes).
    Removing bsp_uart.o(.rodata.USART_AF), (8 bytes).
    Removing bsp_uart.o(.rodata.USART_TX_PIN), (8 bytes).
    Removing bsp_uart.o(.rodata.USART_RX_PIN), (8 bytes).
    Removing bsp_uart.o(.rodata.USART_ID), (8 bytes).
    Removing bsp_timer.o(.text), (0 bytes).
    Removing bsp_timer.o(.ARM.exidx.text.bsp_timer_init), (8 bytes).
    Removing bsp_timer.o(.ARM.exidx.text.timer_register_callback), (8 bytes).
    Removing bsp_timer.o(.ARM.exidx.text.TIMER5_IRQHandler), (8 bytes).
    Removing bsp_timer.o(.ARM.exidx.text.TIMER6_IRQHandler), (8 bytes).
    Removing bsp_flash.o(.text), (0 bytes).
    Removing bsp_flash.o(.ARM.exidx.text.fmc_erase_pages), (8 bytes).
    Removing bsp_flash.o(.ARM.exidx.text.fmc_flags_clear), (8 bytes).
    Removing bsp_flash.o(.ARM.exidx.text.fmc_erase_pages_check), (8 bytes).
    Removing bsp_flash.o(.ARM.exidx.text.fmc_write_word), (8 bytes).
    Removing bsp_port.o(.text), (0 bytes).
    Removing bsp_port.o(.ARM.exidx.text.bsp_port_init), (8 bytes).
    Removing bsp_port.o(.ARM.exidx.text.bsp_port_set), (8 bytes).
    Removing bsp_port.o(.ARM.exidx.text.bsp_port_toggle), (8 bytes).
    Removing bsp_port.o(.text.bsp_get_port_value), (42 bytes).
    Removing bsp_port.o(.ARM.exidx.text.bsp_get_port_value), (8 bytes).
    Removing bsp_port.o(.text.bsp_exti_init), (174 bytes).
    Removing bsp_port.o(.ARM.exidx.text.bsp_exti_init), (8 bytes).
    Removing bsp_port.o(.text.exti_register_callback), (52 bytes).
    Removing bsp_port.o(.ARM.exidx.text.exti_register_callback), (8 bytes).
    Removing bsp_port.o(.ARM.exidx.text.EXTI10_15_IRQHandler), (8 bytes).
    Removing bsp_port.o(.rodata.EXTI_GPIO_CLK), (2 bytes).
    Removing bsp_port.o(.rodata.EXTI_GPIO), (4 bytes).
    Removing bsp_port.o(.rodata.EXTI_PIN), (4 bytes).
    Removing bsp_port.o(.rodata.EXTI_IRQn), (1 bytes).
    Removing bsp_port.o(.rodata.EXTI_PORT_SOURCE), (1 bytes).
    Removing bsp_port.o(.rodata.EXTI_PIN_SOURCE), (1 bytes).
    Removing bsp_cpu.o(.text), (0 bytes).
    Removing bsp_cpu.o(.text.enter_low_power), (14 bytes).
    Removing bsp_cpu.o(.ARM.exidx.text.enter_low_power), (8 bytes).
    Removing bsp_cpu.o(.text.exit_low_power), (24 bytes).
    Removing bsp_cpu.o(.ARM.exidx.text.exit_low_power), (8 bytes).
    Removing bsp_cpu.o(.ARM.exidx.text.mcu_software_reset), (8 bytes).
    Removing bsp_cpu.o(.ARM.exidx.text.__NVIC_SystemReset), (8 bytes).
    Removing bsp_cpu.o(.ARM.exidx.text.clear_reset_flag), (8 bytes).
    Removing bsp_cpu.o(.ARM.exidx.text.enter_critical_section), (8 bytes).
    Removing bsp_cpu.o(.ARM.exidx.text.exit_critical_section), (8 bytes).
    Removing bsp_log.o(.text), (0 bytes).
    Removing bsp_log.o(.ARM.exidx.text.print_log), (8 bytes).
    Removing bsp_log.o(.ARM.exidx.text.segger_rtt_init), (8 bytes).
    Removing bsp.fwdgt.o(.text), (0 bytes).
    Removing bsp.fwdgt.o(.text.fwdgt_choose_start_mode), (112 bytes).
    Removing bsp.fwdgt.o(.ARM.exidx.text.fwdgt_choose_start_mode), (8 bytes).
    Removing bsp.fwdgt.o(.ARM.exidx.text.feed_fwdgt), (8 bytes).
    Removing port_config.o(.text), (0 bytes).
    Removing port_config.o(.text.uart_send), (138 bytes).
    Removing port_config.o(.ARM.exidx.text.uart_send), (8 bytes).
    Removing port_config.o(.text.send_to_pc), (134 bytes).
    Removing port_config.o(.ARM.exidx.text.send_to_pc), (8 bytes).
    Removing port_config.o(.text.delay_ms), (74 bytes).
    Removing port_config.o(.ARM.exidx.text.delay_ms), (8 bytes).
    Removing port_config.o(.text.send_to_key), (134 bytes).
    Removing port_config.o(.ARM.exidx.text.send_to_key), (8 bytes).
    Removing port_config.o(.text.fmc_contiune_write), (110 bytes).
    Removing port_config.o(.ARM.exidx.text.fmc_contiune_write), (8 bytes).
    Removing port_config.o(.rodata.str1.1), (55 bytes).
    Removing segger_rtt.o(.text), (0 bytes).
    Removing segger_rtt.o(.text.SEGGER_RTT_ReadUpBufferNoLock), (312 bytes).
    Removing segger_rtt.o(.ARM.exidx.text.SEGGER_RTT_ReadUpBufferNoLock), (8 bytes).
    Removing segger_rtt.o(.ARM.exidx.text._DoInit), (8 bytes).
    Removing segger_rtt.o(.text.SEGGER_RTT_ReadNoLock), (312 bytes).
    Removing segger_rtt.o(.ARM.exidx.text.SEGGER_RTT_ReadNoLock), (8 bytes).
    Removing segger_rtt.o(.text.SEGGER_RTT_ReadUpBuffer), (46 bytes).
    Removing segger_rtt.o(.ARM.exidx.text.SEGGER_RTT_ReadUpBuffer), (8 bytes).
    Removing segger_rtt.o(.text.SEGGER_RTT_Read), (46 bytes).
    Removing segger_rtt.o(.ARM.exidx.text.SEGGER_RTT_Read), (8 bytes).
    Removing segger_rtt.o(.text.SEGGER_RTT_WriteWithOverwriteNoLock), (288 bytes).
    Removing segger_rtt.o(.ARM.exidx.text.SEGGER_RTT_WriteWithOverwriteNoLock), (8 bytes).
    Removing segger_rtt.o(.text.SEGGER_RTT_WriteSkipNoLock), (274 bytes).
    Removing segger_rtt.o(.ARM.exidx.text.SEGGER_RTT_WriteSkipNoLock), (8 bytes).
    Removing segger_rtt.o(.text.SEGGER_RTT_WriteDownBufferNoLock), (174 bytes).
    Removing segger_rtt.o(.ARM.exidx.text.SEGGER_RTT_WriteDownBufferNoLock), (8 bytes).
    Removing segger_rtt.o(.ARM.exidx.text._GetAvailWriteSpace), (8 bytes).
    Removing segger_rtt.o(.ARM.exidx.text._WriteNoCheck), (8 bytes).
    Removing segger_rtt.o(.ARM.exidx.text._WriteBlocking), (8 bytes).
    Removing segger_rtt.o(.ARM.exidx.text.SEGGER_RTT_WriteNoLock), (8 bytes).
    Removing segger_rtt.o(.text.SEGGER_RTT_WriteDownBuffer), (76 bytes).
    Removing segger_rtt.o(.ARM.exidx.text.SEGGER_RTT_WriteDownBuffer), (8 bytes).
    Removing segger_rtt.o(.ARM.exidx.text.SEGGER_RTT_Write), (8 bytes).
    Removing segger_rtt.o(.text.SEGGER_RTT_WriteString), (30 bytes).
    Removing segger_rtt.o(.ARM.exidx.text.SEGGER_RTT_WriteString), (8 bytes).
    Removing segger_rtt.o(.text.SEGGER_RTT_PutCharSkipNoLock), (110 bytes).
    Removing segger_rtt.o(.ARM.exidx.text.SEGGER_RTT_PutCharSkipNoLock), (8 bytes).
    Removing segger_rtt.o(.text.SEGGER_RTT_PutCharSkip), (160 bytes).
    Removing segger_rtt.o(.ARM.exidx.text.SEGGER_RTT_PutCharSkip), (8 bytes).
    Removing segger_rtt.o(.text.SEGGER_RTT_PutChar), (188 bytes).
    Removing segger_rtt.o(.ARM.exidx.text.SEGGER_RTT_PutChar), (8 bytes).
    Removing segger_rtt.o(.text.SEGGER_RTT_GetKey), (46 bytes).
    Removing segger_rtt.o(.ARM.exidx.text.SEGGER_RTT_GetKey), (8 bytes).
    Removing segger_rtt.o(.text.SEGGER_RTT_WaitKey), (28 bytes).
    Removing segger_rtt.o(.ARM.exidx.text.SEGGER_RTT_WaitKey), (8 bytes).
    Removing segger_rtt.o(.text.SEGGER_RTT_HasKey), (82 bytes).
    Removing segger_rtt.o(.ARM.exidx.text.SEGGER_RTT_HasKey), (8 bytes).
    Removing segger_rtt.o(.text.SEGGER_RTT_HasData), (42 bytes).
    Removing segger_rtt.o(.ARM.exidx.text.SEGGER_RTT_HasData), (8 bytes).
    Removing segger_rtt.o(.text.SEGGER_RTT_HasDataUp), (42 bytes).
    Removing segger_rtt.o(.ARM.exidx.text.SEGGER_RTT_HasDataUp), (8 bytes).
    Removing segger_rtt.o(.text.SEGGER_RTT_AllocDownBuffer), (228 bytes).
    Removing segger_rtt.o(.ARM.exidx.text.SEGGER_RTT_AllocDownBuffer), (8 bytes).
    Removing segger_rtt.o(.text.SEGGER_RTT_AllocUpBuffer), (228 bytes).
    Removing segger_rtt.o(.ARM.exidx.text.SEGGER_RTT_AllocUpBuffer), (8 bytes).
    Removing segger_rtt.o(.text.SEGGER_RTT_ConfigUpBuffer), (156 bytes).
    Removing segger_rtt.o(.ARM.exidx.text.SEGGER_RTT_ConfigUpBuffer), (8 bytes).
    Removing segger_rtt.o(.text.SEGGER_RTT_ConfigDownBuffer), (160 bytes).
    Removing segger_rtt.o(.ARM.exidx.text.SEGGER_RTT_ConfigDownBuffer), (8 bytes).
    Removing segger_rtt.o(.text.SEGGER_RTT_SetNameUpBuffer), (114 bytes).
    Removing segger_rtt.o(.ARM.exidx.text.SEGGER_RTT_SetNameUpBuffer), (8 bytes).
    Removing segger_rtt.o(.text.SEGGER_RTT_SetNameDownBuffer), (114 bytes).
    Removing segger_rtt.o(.ARM.exidx.text.SEGGER_RTT_SetNameDownBuffer), (8 bytes).
    Removing segger_rtt.o(.text.SEGGER_RTT_SetFlagsUpBuffer), (114 bytes).
    Removing segger_rtt.o(.ARM.exidx.text.SEGGER_RTT_SetFlagsUpBuffer), (8 bytes).
    Removing segger_rtt.o(.text.SEGGER_RTT_SetFlagsDownBuffer), (114 bytes).
    Removing segger_rtt.o(.ARM.exidx.text.SEGGER_RTT_SetFlagsDownBuffer), (8 bytes).
    Removing segger_rtt.o(.ARM.exidx.text.SEGGER_RTT_Init), (8 bytes).
    Removing segger_rtt.o(.text.SEGGER_RTT_SetTerminal), (210 bytes).
    Removing segger_rtt.o(.ARM.exidx.text.SEGGER_RTT_SetTerminal), (8 bytes).
    Removing segger_rtt.o(.text.SEGGER_RTT_TerminalOut), (342 bytes).
    Removing segger_rtt.o(.ARM.exidx.text.SEGGER_RTT_TerminalOut), (8 bytes).
    Removing segger_rtt.o(.text._PostTerminalSwitch), (42 bytes).
    Removing segger_rtt.o(.ARM.exidx.text._PostTerminalSwitch), (8 bytes).
    Removing segger_rtt.o(.text.SEGGER_RTT_GetAvailWriteSpace), (36 bytes).
    Removing segger_rtt.o(.ARM.exidx.text.SEGGER_RTT_GetAvailWriteSpace), (8 bytes).
    Removing segger_rtt.o(.text.SEGGER_RTT_GetBytesInBuffer), (92 bytes).
    Removing segger_rtt.o(.ARM.exidx.text.SEGGER_RTT_GetBytesInBuffer), (8 bytes).
    Removing segger_rtt.o(.rodata._aTerminalId), (16 bytes).
    Removing segger_rtt.o(.bss._ActiveTerminal), (1 bytes).
    Removing segger_rtt_printf.o(.text), (0 bytes).
    Removing segger_rtt_printf.o(.ARM.exidx.text.SEGGER_RTT_vprintf), (8 bytes).
    Removing segger_rtt_printf.o(.ARM.exidx.text._StoreChar), (8 bytes).
    Removing segger_rtt_printf.o(.ARM.exidx.text._PrintInt), (8 bytes).
    Removing segger_rtt_printf.o(.ARM.exidx.text._PrintUnsigned), (8 bytes).
    Removing segger_rtt_printf.o(.text.SEGGER_RTT_printf), (44 bytes).
    Removing segger_rtt_printf.o(.ARM.exidx.text.SEGGER_RTT_printf), (8 bytes).
    Removing iap.o(.text), (0 bytes).
    Removing iap.o(.text.write_update_flag), (36 bytes).
    Removing iap.o(.ARM.exidx.text.write_update_flag), (8 bytes).
    Removing iap.o(.ARM.exidx.text.clear_update_flag), (8 bytes).
    Removing iap.o(.ARM.exidx.text.check_update), (8 bytes).
    Removing iap.o(.text.jump_bootloader), (90 bytes).
    Removing iap.o(.ARM.exidx.text.jump_bootloader), (8 bytes).
    Removing iap.o(.ARM.exidx.text.live_update), (8 bytes).
    Removing iap.o(.ARM.exidx.text.write_to_flash), (8 bytes).
    Removing iap.o(.bss.entry_bootloader), (4 bytes).

924 unused section(s) (total 33455 bytes) removed from the image.

==============================================================================

Image Symbol Table

    Local Symbols

    Symbol Name                              Value     Ov Type        Size  Object(Section)

    ../../Firmware/CMSIS/GD/GD32L23x/Source/ARM/startup_gd32l233xx.s 0x00000000   Number         0  startup_gd32l233xx.o ABSOLUTE
    ../clib/microlib/init/entry.s            0x00000000   Number         0  entry.o ABSOLUTE
    ../clib/microlib/init/entry.s            0x00000000   Number         0  entry2.o ABSOLUTE
    ../clib/microlib/init/entry.s            0x00000000   Number         0  entry5.o ABSOLUTE
    ../clib/microlib/init/entry.s            0x00000000   Number         0  entry7a.o ABSOLUTE
    ../clib/microlib/init/entry.s            0x00000000   Number         0  entry7b.o ABSOLUTE
    ../clib/microlib/init/entry.s            0x00000000   Number         0  entry8a.o ABSOLUTE
    ../clib/microlib/init/entry.s            0x00000000   Number         0  entry8b.o ABSOLUTE
    ../clib/microlib/init/entry.s            0x00000000   Number         0  entry9a.o ABSOLUTE
    ../clib/microlib/init/entry.s            0x00000000   Number         0  entry9b.o ABSOLUTE
    ../clib/microlib/init/entry.s            0x00000000   Number         0  entry10a.o ABSOLUTE
    ../clib/microlib/init/entry.s            0x00000000   Number         0  entry10b.o ABSOLUTE
    ../clib/microlib/init/entry.s            0x00000000   Number         0  entry11a.o ABSOLUTE
    ../clib/microlib/init/entry.s            0x00000000   Number         0  entry11b.o ABSOLUTE
    ../clib/microlib/string/memcpy.c         0x00000000   Number         0  memcpya.o ABSOLUTE
    ../clib/microlib/string/memcpy.c         0x00000000   Number         0  memcpyb.o ABSOLUTE
    ../clib/microlib/string/memset.c         0x00000000   Number         0  memseta.o ABSOLUTE
    ../clib/microlib/string/strlen.c         0x00000000   Number         0  strlen.o ABSOLUTE
    SEGGER_RTT.c                             0x00000000   Number         0  segger_rtt.o ABSOLUTE
    SEGGER_RTT_printf.c                      0x00000000   Number         0  segger_rtt_printf.o ABSOLUTE
    boot_main.c                              0x00000000   Number         0  boot_main.o ABSOLUTE
    bsp.fwdgt.c                              0x00000000   Number         0  bsp.fwdgt.o ABSOLUTE
    bsp_cpu.c                                0x00000000   Number         0  bsp_cpu.o ABSOLUTE
    bsp_flash.c                              0x00000000   Number         0  bsp_flash.o ABSOLUTE
    bsp_log.c                                0x00000000   Number         0  bsp_log.o ABSOLUTE
    bsp_port.c                               0x00000000   Number         0  bsp_port.o ABSOLUTE
    bsp_timer.c                              0x00000000   Number         0  bsp_timer.o ABSOLUTE
    bsp_uart.c                               0x00000000   Number         0  bsp_uart.o ABSOLUTE
    dc.s                                     0x00000000   Number         0  dc.o ABSOLUTE
    gd32l23x_dbg.c                           0x00000000   Number         0  gd32l23x_dbg.o ABSOLUTE
    gd32l23x_eval.c                          0x00000000   Number         0  gd32l23x_eval.o ABSOLUTE
    gd32l23x_exti.c                          0x00000000   Number         0  gd32l23x_exti.o ABSOLUTE
    gd32l23x_fmc.c                           0x00000000   Number         0  gd32l23x_fmc.o ABSOLUTE
    gd32l23x_fwdgt.c                         0x00000000   Number         0  gd32l23x_fwdgt.o ABSOLUTE
    gd32l23x_gpio.c                          0x00000000   Number         0  gd32l23x_gpio.o ABSOLUTE
    gd32l23x_i2c.c                           0x00000000   Number         0  gd32l23x_i2c.o ABSOLUTE
    gd32l23x_misc.c                          0x00000000   Number         0  gd32l23x_misc.o ABSOLUTE
    gd32l23x_pmu.c                           0x00000000   Number         0  gd32l23x_pmu.o ABSOLUTE
    gd32l23x_rcu.c                           0x00000000   Number         0  gd32l23x_rcu.o ABSOLUTE
    gd32l23x_syscfg.c                        0x00000000   Number         0  gd32l23x_syscfg.o ABSOLUTE
    gd32l23x_timer.c                         0x00000000   Number         0  gd32l23x_timer.o ABSOLUTE
    gd32l23x_usart.c                         0x00000000   Number         0  gd32l23x_usart.o ABSOLUTE
    handlers.s                               0x00000000   Number         0  handlers.o ABSOLUTE
    iap.c                                    0x00000000   Number         0  iap.o ABSOLUTE
    init.s                                   0x00000000   Number         0  init.o ABSOLUTE
    port_config.c                            0x00000000   Number         0  port_config.o ABSOLUTE
    system_gd32l23x.c                        0x00000000   Number         0  system_gd32l23x.o ABSOLUTE
    RESET                                    0x08010000   Section      340  startup_gd32l233xx.o(RESET)
    .ARM.Collect$$$$00000000                 0x08010154   Section        0  entry.o(.ARM.Collect$$$$00000000)
    .ARM.Collect$$$$00000001                 0x08010154   Section        4  entry2.o(.ARM.Collect$$$$00000001)
    .ARM.Collect$$$$00000004                 0x08010158   Section        4  entry5.o(.ARM.Collect$$$$00000004)
    .ARM.Collect$$$$00000008                 0x0801015c   Section        0  entry7b.o(.ARM.Collect$$$$00000008)
    .ARM.Collect$$$$0000000A                 0x0801015c   Section        0  entry8b.o(.ARM.Collect$$$$0000000A)
    .ARM.Collect$$$$0000000B                 0x0801015c   Section        8  entry9a.o(.ARM.Collect$$$$0000000B)
    __lit__00000000                          0x08010164   Data           4  entry2.o(.ARM.Collect$$$$00002712)
    .ARM.Collect$$$$0000000D                 0x08010164   Section        0  entry10a.o(.ARM.Collect$$$$0000000D)
    .ARM.Collect$$$$0000000F                 0x08010164   Section        0  entry11a.o(.ARM.Collect$$$$0000000F)
    .ARM.Collect$$$$00002712                 0x08010164   Section        4  entry2.o(.ARM.Collect$$$$00002712)
    .text                                    0x08010168   Section       28  startup_gd32l233xx.o(.text)
    .text                                    0x08010184   Section        0  memcpya.o(.text)
    .text                                    0x080101a8   Section        0  memseta.o(.text)
    .text                                    0x080101cc   Section       48  init.o(.text)
    [Anonymous Symbol]                       0x080101fc   Section        0  bsp_port.o(.text.EXTI10_15_IRQHandler)
    [Anonymous Symbol]                       0x0801023e   Section        0  segger_rtt.o(.text.SEGGER_RTT_Init)
    [Anonymous Symbol]                       0x08010246   Section        0  segger_rtt.o(.text.SEGGER_RTT_Write)
    [Anonymous Symbol]                       0x08010292   Section        0  segger_rtt.o(.text.SEGGER_RTT_WriteNoLock)
    [Anonymous Symbol]                       0x08010340   Section        0  segger_rtt_printf.o(.text.SEGGER_RTT_vprintf)
    [Anonymous Symbol]                       0x080106d4   Section        0  system_gd32l23x.o(.text.SystemInit)
    [Anonymous Symbol]                       0x08010824   Section        0  bsp_timer.o(.text.TIMER5_IRQHandler)
    [Anonymous Symbol]                       0x08010872   Section        0  bsp_timer.o(.text.TIMER6_IRQHandler)
    [Anonymous Symbol]                       0x080108c0   Section        0  bsp_uart.o(.text.UART4_IRQHandler)
    [Anonymous Symbol]                       0x08010912   Section        0  bsp_uart.o(.text.USART0_IRQHandler)
    _DoInit                                  0x08010965   Thumb Code   164  segger_rtt.o(.text._DoInit)
    [Anonymous Symbol]                       0x08010964   Section        0  segger_rtt.o(.text._DoInit)
    _GetAvailWriteSpace                      0x08010a09   Thumb Code    62  segger_rtt.o(.text._GetAvailWriteSpace)
    [Anonymous Symbol]                       0x08010a08   Section        0  segger_rtt.o(.text._GetAvailWriteSpace)
    _PrintInt                                0x08010a47   Thumb Code   460  segger_rtt_printf.o(.text._PrintInt)
    [Anonymous Symbol]                       0x08010a46   Section        0  segger_rtt_printf.o(.text._PrintInt)
    _PrintUnsigned                           0x08010c13   Thumb Code   438  segger_rtt_printf.o(.text._PrintUnsigned)
    [Anonymous Symbol]                       0x08010c12   Section        0  segger_rtt_printf.o(.text._PrintUnsigned)
    _StoreChar                               0x08010dc9   Thumb Code   116  segger_rtt_printf.o(.text._StoreChar)
    [Anonymous Symbol]                       0x08010dc8   Section        0  segger_rtt_printf.o(.text._StoreChar)
    _WriteBlocking                           0x08010e3d   Thumb Code   228  segger_rtt.o(.text._WriteBlocking)
    [Anonymous Symbol]                       0x08010e3c   Section        0  segger_rtt.o(.text._WriteBlocking)
    _WriteNoCheck                            0x08010f21   Thumb Code   140  segger_rtt.o(.text._WriteNoCheck)
    [Anonymous Symbol]                       0x08010f20   Section        0  segger_rtt.o(.text._WriteNoCheck)
    __NVIC_EnableIRQ                         0x08010fad   Thumb Code    54  gd32l23x_misc.o(.text.__NVIC_EnableIRQ)
    [Anonymous Symbol]                       0x08010fac   Section        0  gd32l23x_misc.o(.text.__NVIC_EnableIRQ)
    __NVIC_SetPriority                       0x08010fe3   Thumb Code   136  gd32l23x_misc.o(.text.__NVIC_SetPriority)
    [Anonymous Symbol]                       0x08010fe2   Section        0  gd32l23x_misc.o(.text.__NVIC_SetPriority)
    __NVIC_SystemReset                       0x0801106b   Thumb Code    32  bsp_cpu.o(.text.__NVIC_SystemReset)
    [Anonymous Symbol]                       0x0801106a   Section        0  bsp_cpu.o(.text.__NVIC_SystemReset)
    _soft_delay_                             0x0801108b   Thumb Code    38  system_gd32l23x.o(.text._soft_delay_)
    [Anonymous Symbol]                       0x0801108a   Section        0  system_gd32l23x.o(.text._soft_delay_)
    bsp_config                               0x080110b1   Thumb Code    92  boot_main.o(.text.bsp_config)
    [Anonymous Symbol]                       0x080110b0   Section        0  boot_main.o(.text.bsp_config)
    [Anonymous Symbol]                       0x0801110c   Section        0  bsp_port.o(.text.bsp_port_init)
    [Anonymous Symbol]                       0x0801117e   Section        0  bsp_port.o(.text.bsp_port_set)
    [Anonymous Symbol]                       0x080111d4   Section        0  bsp_port.o(.text.bsp_port_toggle)
    [Anonymous Symbol]                       0x080111fe   Section        0  bsp_timer.o(.text.bsp_timer_init)
    [Anonymous Symbol]                       0x080112be   Section        0  iap.o(.text.check_update)
    [Anonymous Symbol]                       0x080112f4   Section        0  bsp_cpu.o(.text.clear_reset_flag)
    [Anonymous Symbol]                       0x080112fc   Section        0  iap.o(.text.clear_update_flag)
    [Anonymous Symbol]                       0x0801130c   Section        0  bsp_cpu.o(.text.enter_critical_section)
    [Anonymous Symbol]                       0x0801131c   Section        0  bsp_cpu.o(.text.exit_critical_section)
    [Anonymous Symbol]                       0x0801132c   Section        0  gd32l23x_exti.o(.text.exti_interrupt_flag_clear)
    [Anonymous Symbol]                       0x08011340   Section        0  gd32l23x_exti.o(.text.exti_interrupt_flag_get)
    [Anonymous Symbol]                       0x0801136e   Section        0  bsp.fwdgt.o(.text.feed_fwdgt)
    [Anonymous Symbol]                       0x08011376   Section        0  bsp_flash.o(.text.fmc_erase_pages)
    [Anonymous Symbol]                       0x080113f4   Section        0  bsp_flash.o(.text.fmc_erase_pages_check)
    [Anonymous Symbol]                       0x080114a0   Section        0  gd32l23x_fmc.o(.text.fmc_flag_clear)
    fmc_flags_clear                          0x080114c5   Thumb Code    36  bsp_flash.o(.text.fmc_flags_clear)
    [Anonymous Symbol]                       0x080114c4   Section        0  bsp_flash.o(.text.fmc_flags_clear)
    [Anonymous Symbol]                       0x080114e8   Section        0  gd32l23x_fmc.o(.text.fmc_lock)
    [Anonymous Symbol]                       0x080114fa   Section        0  gd32l23x_fmc.o(.text.fmc_page_erase)
    fmc_ready_wait                           0x0801155d   Thumb Code    90  gd32l23x_fmc.o(.text.fmc_ready_wait)
    [Anonymous Symbol]                       0x0801155c   Section        0  gd32l23x_fmc.o(.text.fmc_ready_wait)
    fmc_state_get                            0x080115b7   Thumb Code   152  gd32l23x_fmc.o(.text.fmc_state_get)
    [Anonymous Symbol]                       0x080115b6   Section        0  gd32l23x_fmc.o(.text.fmc_state_get)
    [Anonymous Symbol]                       0x0801164e   Section        0  gd32l23x_fmc.o(.text.fmc_unlock)
    [Anonymous Symbol]                       0x08011680   Section        0  gd32l23x_fmc.o(.text.fmc_word_program)
    [Anonymous Symbol]                       0x080116d4   Section        0  bsp_flash.o(.text.fmc_write_word)
    [Anonymous Symbol]                       0x08011748   Section        0  gd32l23x_fwdgt.o(.text.fwdgt_counter_reload)
    [Anonymous Symbol]                       0x08011758   Section        0  gd32l23x_gpio.o(.text.gpio_bit_reset)
    [Anonymous Symbol]                       0x08011768   Section        0  gd32l23x_gpio.o(.text.gpio_bit_set)
    [Anonymous Symbol]                       0x08011778   Section        0  gd32l23x_gpio.o(.text.gpio_bit_toggle)
    [Anonymous Symbol]                       0x08011788   Section        0  gd32l23x_gpio.o(.text.gpio_mode_set)
    [Anonymous Symbol]                       0x08011816   Section        0  gd32l23x_gpio.o(.text.gpio_output_options_set)
    led_state_timer_handler                  0x080118a1   Thumb Code    16  boot_main.o(.text.led_state_timer_handler)
    [Anonymous Symbol]                       0x080118a0   Section        0  boot_main.o(.text.led_state_timer_handler)
    [Anonymous Symbol]                       0x080118b0   Section        0  iap.o(.text.live_update)
    [Anonymous Symbol]                       0x080118ea   Section        0  boot_main.o(.text.main)
    [Anonymous Symbol]                       0x08011980   Section        0  bsp_cpu.o(.text.mcu_software_reset)
    [Anonymous Symbol]                       0x08011990   Section        0  gd32l23x_misc.o(.text.nvic_irq_enable)
    [Anonymous Symbol]                       0x080119bc   Section        0  gd32l23x_misc.o(.text.nvic_vector_table_set)
    [Anonymous Symbol]                       0x080119e4   Section        0  bsp_log.o(.text.print_log)
    [Anonymous Symbol]                       0x08011a0c   Section        0  gd32l23x_rcu.o(.text.rcu_all_reset_flag_clear)
    [Anonymous Symbol]                       0x08011a20   Section        0  gd32l23x_rcu.o(.text.rcu_periph_clock_enable)
    [Anonymous Symbol]                       0x08011a48   Section        0  gd32l23x_rcu.o(.text.rcu_periph_reset_disable)
    [Anonymous Symbol]                       0x08011a70   Section        0  gd32l23x_rcu.o(.text.rcu_periph_reset_enable)
    [Anonymous Symbol]                       0x08011a98   Section        0  bsp_log.o(.text.segger_rtt_init)
    system_clock_64m_hxtal                   0x08011aad   Thumb Code   322  system_gd32l23x.o(.text.system_clock_64m_hxtal)
    [Anonymous Symbol]                       0x08011aac   Section        0  system_gd32l23x.o(.text.system_clock_64m_hxtal)
    system_clock_config                      0x08011bef   Thumb Code     8  system_gd32l23x.o(.text.system_clock_config)
    [Anonymous Symbol]                       0x08011bee   Section        0  system_gd32l23x.o(.text.system_clock_config)
    [Anonymous Symbol]                       0x08011bf6   Section        0  gd32l23x_timer.o(.text.timer_auto_reload_shadow_enable)
    [Anonymous Symbol]                       0x08011c08   Section        0  gd32l23x_timer.o(.text.timer_deinit)
    [Anonymous Symbol]                       0x08011cde   Section        0  gd32l23x_timer.o(.text.timer_enable)
    [Anonymous Symbol]                       0x08011cf0   Section        0  gd32l23x_timer.o(.text.timer_init)
    [Anonymous Symbol]                       0x08011d92   Section        0  gd32l23x_timer.o(.text.timer_interrupt_enable)
    [Anonymous Symbol]                       0x08011da6   Section        0  gd32l23x_timer.o(.text.timer_interrupt_flag_clear)
    [Anonymous Symbol]                       0x08011db8   Section        0  gd32l23x_timer.o(.text.timer_interrupt_flag_get)
    [Anonymous Symbol]                       0x08011df2   Section        0  bsp_timer.o(.text.timer_register_callback)
    [Anonymous Symbol]                       0x08011e26   Section        0  gd32l23x_timer.o(.text.timer_struct_para_init)
    [Anonymous Symbol]                       0x08011e48   Section        0  gd32l23x_usart.o(.text.usart_data_receive)
    [Anonymous Symbol]                       0x08011e5a   Section        0  gd32l23x_usart.o(.text.usart_interrupt_flag_get)
    write_to_flash                           0x08011ebd   Thumb Code   270  iap.o(.text.write_to_flash)
    [Anonymous Symbol]                       0x08011ebc   Section        0  iap.o(.text.write_to_flash)
    i.__scatterload_copy                     0x08011fca   Section       14  handlers.o(i.__scatterload_copy)
    i.__scatterload_null                     0x08011fd8   Section        2  handlers.o(i.__scatterload_null)
    i.__scatterload_zeroinit                 0x08011fda   Section       14  handlers.o(i.__scatterload_zeroinit)
    EXTI_LINE                                0x08011fe8   Data           4  bsp_port.o(.rodata.EXTI_LINE)
    [Anonymous Symbol]                       0x08011fe8   Section        0  bsp_port.o(.rodata.EXTI_LINE)
    PORT_CLK                                 0x08011fec   Data          18  bsp_port.o(.rodata.PORT_CLK)
    [Anonymous Symbol]                       0x08011fec   Section        0  bsp_port.o(.rodata.PORT_CLK)
    PORT_GPIO                                0x08012000   Data          36  bsp_port.o(.rodata.PORT_GPIO)
    [Anonymous Symbol]                       0x08012000   Section        0  bsp_port.o(.rodata.PORT_GPIO)
    PORT_PIN                                 0x08012024   Data          36  bsp_port.o(.rodata.PORT_PIN)
    [Anonymous Symbol]                       0x08012024   Section        0  bsp_port.o(.rodata.PORT_PIN)
    TIMER_CLK                                0x08012048   Data           4  bsp_timer.o(.rodata.TIMER_CLK)
    [Anonymous Symbol]                       0x08012048   Section        0  bsp_timer.o(.rodata.TIMER_CLK)
    TIMER_ID                                 0x0801204c   Data           8  bsp_timer.o(.rodata.TIMER_ID)
    [Anonymous Symbol]                       0x0801204c   Section        0  bsp_timer.o(.rodata.TIMER_ID)
    TIMER_IRQn                               0x08012054   Data           2  bsp_timer.o(.rodata.TIMER_IRQn)
    [Anonymous Symbol]                       0x08012054   Section        0  bsp_timer.o(.rodata.TIMER_IRQn)
    _DoInit._aInitStr                        0x08012056   Data          17  segger_rtt.o(.rodata._DoInit._aInitStr)
    [Anonymous Symbol]                       0x08012056   Section        0  segger_rtt.o(.rodata._DoInit._aInitStr)
    _PrintUnsigned._aV2C                     0x08012067   Data          16  segger_rtt_printf.o(.rodata._PrintUnsigned._aV2C)
    [Anonymous Symbol]                       0x08012067   Section        0  segger_rtt_printf.o(.rodata._PrintUnsigned._aV2C)
    .L.str                                   0x08012077   Data          15  boot_main.o(.rodata.str1.1)
    [Anonymous Symbol]                       0x08012077   Section        0  boot_main.o(.rodata.str1.1)
    .L.str.1                                 0x08012086   Data          20  boot_main.o(.rodata.str1.1)
    .L.str                                   0x0801209a   Data           9  segger_rtt.o(.rodata.str1.1)
    [Anonymous Symbol]                       0x0801209a   Section        0  segger_rtt.o(.rodata.str1.1)
    .L.str                                   0x080120a3   Data           7  segger_rtt_printf.o(.rodata.str1.1)
    [Anonymous Symbol]                       0x080120a3   Section        0  segger_rtt_printf.o(.rodata.str1.1)
    _acDownBuffer                            0x200070a8   Data          16  segger_rtt.o(.bss._acDownBuffer)
    [Anonymous Symbol]                       0x200070a8   Section        0  segger_rtt.o(.bss._acDownBuffer)
    _acUpBuffer                              0x200070b8   Data        1024  segger_rtt.o(.bss._acUpBuffer)
    [Anonymous Symbol]                       0x200070b8   Section        0  segger_rtt.o(.bss._acUpBuffer)
    STACK                                    0x200074d0   Section     1024  startup_gd32l233xx.o(STACK)

    Global Symbols

    Symbol Name                              Value     Ov Type        Size  Object(Section)

    BuildAttributes$$THM_ISAv3M$S$8M$PE$A:L22$X:L11$S22$IEEE1$IW$~IW$USESV6$~STKCKD$USESV7$~SHL$OSPACE$EBA8$MICROLIB$REQ8$PRES8$EABIv2 0x00000000   Number         0  anon$$obj.o ABSOLUTE
    __cpp_initialize__aeabi_                  - Undefined Weak Reference
    __cxa_finalize                            - Undefined Weak Reference
    __decompress                              - Undefined Weak Reference
    _clock_init                               - Undefined Weak Reference
    _microlib_exit                            - Undefined Weak Reference
    __Vectors_Size                           0x00000154   Number         0  startup_gd32l233xx.o ABSOLUTE
    __Vectors                                0x08010000   Data           4  startup_gd32l233xx.o(RESET)
    __Vectors_End                            0x08010154   Data           0  startup_gd32l233xx.o(RESET)
    __main                                   0x08010155   Thumb Code     0  entry.o(.ARM.Collect$$$$00000000)
    _main_stk                                0x08010155   Thumb Code     0  entry2.o(.ARM.Collect$$$$00000001)
    _main_scatterload                        0x08010159   Thumb Code     0  entry5.o(.ARM.Collect$$$$00000004)
    __main_after_scatterload                 0x0801015d   Thumb Code     0  entry5.o(.ARM.Collect$$$$00000004)
    _main_clock                              0x0801015d   Thumb Code     0  entry7b.o(.ARM.Collect$$$$00000008)
    _main_cpp_init                           0x0801015d   Thumb Code     0  entry8b.o(.ARM.Collect$$$$0000000A)
    _main_init                               0x0801015d   Thumb Code     0  entry9a.o(.ARM.Collect$$$$0000000B)
    __rt_final_cpp                           0x08010165   Thumb Code     0  entry10a.o(.ARM.Collect$$$$0000000D)
    __rt_final_exit                          0x08010165   Thumb Code     0  entry11a.o(.ARM.Collect$$$$0000000F)
    Reset_Handler                            0x08010169   Thumb Code     8  startup_gd32l233xx.o(.text)
    NMI_Handler                              0x08010171   Thumb Code     2  startup_gd32l233xx.o(.text)
    HardFault_Handler                        0x08010173   Thumb Code     2  startup_gd32l233xx.o(.text)
    SVC_Handler                              0x08010175   Thumb Code     2  startup_gd32l233xx.o(.text)
    PendSV_Handler                           0x08010177   Thumb Code     2  startup_gd32l233xx.o(.text)
    SysTick_Handler                          0x08010179   Thumb Code     2  startup_gd32l233xx.o(.text)
    ADC_IRQHandler                           0x0801017b   Thumb Code     0  startup_gd32l233xx.o(.text)
    CAU_IRQHandler                           0x0801017b   Thumb Code     0  startup_gd32l233xx.o(.text)
    CMP0_IRQHandler                          0x0801017b   Thumb Code     0  startup_gd32l233xx.o(.text)
    CMP1_IRQHandler                          0x0801017b   Thumb Code     0  startup_gd32l233xx.o(.text)
    DAC_IRQHandler                           0x0801017b   Thumb Code     0  startup_gd32l233xx.o(.text)
    DMAMUX_IRQHandler                        0x0801017b   Thumb Code     0  startup_gd32l233xx.o(.text)
    DMA_Channel0_IRQHandler                  0x0801017b   Thumb Code     0  startup_gd32l233xx.o(.text)
    DMA_Channel1_IRQHandler                  0x0801017b   Thumb Code     0  startup_gd32l233xx.o(.text)
    DMA_Channel2_IRQHandler                  0x0801017b   Thumb Code     0  startup_gd32l233xx.o(.text)
    DMA_Channel3_IRQHandler                  0x0801017b   Thumb Code     0  startup_gd32l233xx.o(.text)
    DMA_Channel4_IRQHandler                  0x0801017b   Thumb Code     0  startup_gd32l233xx.o(.text)
    DMA_Channel5_IRQHandler                  0x0801017b   Thumb Code     0  startup_gd32l233xx.o(.text)
    DMA_Channel6_IRQHandler                  0x0801017b   Thumb Code     0  startup_gd32l233xx.o(.text)
    EXTI0_IRQHandler                         0x0801017b   Thumb Code     0  startup_gd32l233xx.o(.text)
    EXTI1_IRQHandler                         0x0801017b   Thumb Code     0  startup_gd32l233xx.o(.text)
    EXTI2_IRQHandler                         0x0801017b   Thumb Code     0  startup_gd32l233xx.o(.text)
    EXTI3_IRQHandler                         0x0801017b   Thumb Code     0  startup_gd32l233xx.o(.text)
    EXTI4_IRQHandler                         0x0801017b   Thumb Code     0  startup_gd32l233xx.o(.text)
    EXTI5_9_IRQHandler                       0x0801017b   Thumb Code     0  startup_gd32l233xx.o(.text)
    FMC_IRQHandler                           0x0801017b   Thumb Code     0  startup_gd32l233xx.o(.text)
    I2C0_ER_IRQHandler                       0x0801017b   Thumb Code     0  startup_gd32l233xx.o(.text)
    I2C0_EV_IRQHandler                       0x0801017b   Thumb Code     0  startup_gd32l233xx.o(.text)
    I2C0_WKUP_IRQHandler                     0x0801017b   Thumb Code     0  startup_gd32l233xx.o(.text)
    I2C1_ER_IRQHandler                       0x0801017b   Thumb Code     0  startup_gd32l233xx.o(.text)
    I2C1_EV_IRQHandler                       0x0801017b   Thumb Code     0  startup_gd32l233xx.o(.text)
    I2C1_WKUP_IRQHandler                     0x0801017b   Thumb Code     0  startup_gd32l233xx.o(.text)
    I2C2_ER_IRQHandler                       0x0801017b   Thumb Code     0  startup_gd32l233xx.o(.text)
    I2C2_EV_IRQHandler                       0x0801017b   Thumb Code     0  startup_gd32l233xx.o(.text)
    I2C2_WKUP_IRQHandler                     0x0801017b   Thumb Code     0  startup_gd32l233xx.o(.text)
    LPTIMER_IRQHandler                       0x0801017b   Thumb Code     0  startup_gd32l233xx.o(.text)
    LPUART_IRQHandler                        0x0801017b   Thumb Code     0  startup_gd32l233xx.o(.text)
    LPUART_WKUP_IRQHandler                   0x0801017b   Thumb Code     0  startup_gd32l233xx.o(.text)
    LVD_IRQHandler                           0x0801017b   Thumb Code     0  startup_gd32l233xx.o(.text)
    RCU_CTC_IRQHandler                       0x0801017b   Thumb Code     0  startup_gd32l233xx.o(.text)
    RTC_Alarm_IRQHandler                     0x0801017b   Thumb Code     0  startup_gd32l233xx.o(.text)
    RTC_WKUP_IRQHandler                      0x0801017b   Thumb Code     0  startup_gd32l233xx.o(.text)
    SLCD_IRQHandler                          0x0801017b   Thumb Code     0  startup_gd32l233xx.o(.text)
    SPI0_IRQHandler                          0x0801017b   Thumb Code     0  startup_gd32l233xx.o(.text)
    SPI1_IRQHandler                          0x0801017b   Thumb Code     0  startup_gd32l233xx.o(.text)
    TAMPER_STAMP_IRQHandler                  0x0801017b   Thumb Code     0  startup_gd32l233xx.o(.text)
    TIMER11_IRQHandler                       0x0801017b   Thumb Code     0  startup_gd32l233xx.o(.text)
    TIMER1_IRQHandler                        0x0801017b   Thumb Code     0  startup_gd32l233xx.o(.text)
    TIMER2_IRQHandler                        0x0801017b   Thumb Code     0  startup_gd32l233xx.o(.text)
    TIMER8_IRQHandler                        0x0801017b   Thumb Code     0  startup_gd32l233xx.o(.text)
    TRNG_IRQHandler                          0x0801017b   Thumb Code     0  startup_gd32l233xx.o(.text)
    UART3_IRQHandler                         0x0801017b   Thumb Code     0  startup_gd32l233xx.o(.text)
    USART0_WKUP_IRQHandler                   0x0801017b   Thumb Code     0  startup_gd32l233xx.o(.text)
    USART1_IRQHandler                        0x0801017b   Thumb Code     0  startup_gd32l233xx.o(.text)
    USART1_WKUP_IRQHandler                   0x0801017b   Thumb Code     0  startup_gd32l233xx.o(.text)
    USBD_HP_IRQHandler                       0x0801017b   Thumb Code     0  startup_gd32l233xx.o(.text)
    USBD_LP_IRQHandler                       0x0801017b   Thumb Code     0  startup_gd32l233xx.o(.text)
    USBD_WKUP_IRQHandler                     0x0801017b   Thumb Code     0  startup_gd32l233xx.o(.text)
    WWDGT_IRQHandler                         0x0801017b   Thumb Code     0  startup_gd32l233xx.o(.text)
    __aeabi_memcpy                           0x08010185   Thumb Code    36  memcpya.o(.text)
    __aeabi_memcpy4                          0x08010185   Thumb Code     0  memcpya.o(.text)
    __aeabi_memcpy8                          0x08010185   Thumb Code     0  memcpya.o(.text)
    __aeabi_memset                           0x080101a9   Thumb Code    14  memseta.o(.text)
    __aeabi_memset4                          0x080101a9   Thumb Code     0  memseta.o(.text)
    __aeabi_memset8                          0x080101a9   Thumb Code     0  memseta.o(.text)
    __aeabi_memclr                           0x080101b7   Thumb Code     4  memseta.o(.text)
    __aeabi_memclr4                          0x080101b7   Thumb Code     0  memseta.o(.text)
    __aeabi_memclr8                          0x080101b7   Thumb Code     0  memseta.o(.text)
    _memset$wrapper                          0x080101bb   Thumb Code    18  memseta.o(.text)
    __scatterload                            0x080101cd   Thumb Code    38  init.o(.text)
    __scatterload_rt2                        0x080101cd   Thumb Code     0  init.o(.text)
    EXTI10_15_IRQHandler                     0x080101fd   Thumb Code    66  bsp_port.o(.text.EXTI10_15_IRQHandler)
    SEGGER_RTT_Init                          0x0801023f   Thumb Code     8  segger_rtt.o(.text.SEGGER_RTT_Init)
    SEGGER_RTT_Write                         0x08010247   Thumb Code    76  segger_rtt.o(.text.SEGGER_RTT_Write)
    SEGGER_RTT_WriteNoLock                   0x08010293   Thumb Code   174  segger_rtt.o(.text.SEGGER_RTT_WriteNoLock)
    SEGGER_RTT_vprintf                       0x08010341   Thumb Code   916  segger_rtt_printf.o(.text.SEGGER_RTT_vprintf)
    SystemInit                               0x080106d5   Thumb Code   336  system_gd32l23x.o(.text.SystemInit)
    TIMER5_IRQHandler                        0x08010825   Thumb Code    78  bsp_timer.o(.text.TIMER5_IRQHandler)
    TIMER6_IRQHandler                        0x08010873   Thumb Code    78  bsp_timer.o(.text.TIMER6_IRQHandler)
    UART4_IRQHandler                         0x080108c1   Thumb Code    82  bsp_uart.o(.text.UART4_IRQHandler)
    USART0_IRQHandler                        0x08010913   Thumb Code    82  bsp_uart.o(.text.USART0_IRQHandler)
    bsp_port_init                            0x0801110d   Thumb Code   114  bsp_port.o(.text.bsp_port_init)
    bsp_port_set                             0x0801117f   Thumb Code    86  bsp_port.o(.text.bsp_port_set)
    bsp_port_toggle                          0x080111d5   Thumb Code    42  bsp_port.o(.text.bsp_port_toggle)
    bsp_timer_init                           0x080111ff   Thumb Code   192  bsp_timer.o(.text.bsp_timer_init)
    check_update                             0x080112bf   Thumb Code    54  iap.o(.text.check_update)
    clear_reset_flag                         0x080112f5   Thumb Code     8  bsp_cpu.o(.text.clear_reset_flag)
    clear_update_flag                        0x080112fd   Thumb Code    16  iap.o(.text.clear_update_flag)
    enter_critical_section                   0x0801130d   Thumb Code    16  bsp_cpu.o(.text.enter_critical_section)
    exit_critical_section                    0x0801131d   Thumb Code    16  bsp_cpu.o(.text.exit_critical_section)
    exti_interrupt_flag_clear                0x0801132d   Thumb Code    20  gd32l23x_exti.o(.text.exti_interrupt_flag_clear)
    exti_interrupt_flag_get                  0x08011341   Thumb Code    46  gd32l23x_exti.o(.text.exti_interrupt_flag_get)
    feed_fwdgt                               0x0801136f   Thumb Code     8  bsp.fwdgt.o(.text.feed_fwdgt)
    fmc_erase_pages                          0x08011377   Thumb Code   126  bsp_flash.o(.text.fmc_erase_pages)
    fmc_erase_pages_check                    0x080113f5   Thumb Code   172  bsp_flash.o(.text.fmc_erase_pages_check)
    fmc_flag_clear                           0x080114a1   Thumb Code    36  gd32l23x_fmc.o(.text.fmc_flag_clear)
    fmc_lock                                 0x080114e9   Thumb Code    18  gd32l23x_fmc.o(.text.fmc_lock)
    fmc_page_erase                           0x080114fb   Thumb Code    98  gd32l23x_fmc.o(.text.fmc_page_erase)
    fmc_unlock                               0x0801164f   Thumb Code    50  gd32l23x_fmc.o(.text.fmc_unlock)
    fmc_word_program                         0x08011681   Thumb Code    84  gd32l23x_fmc.o(.text.fmc_word_program)
    fmc_write_word                           0x080116d5   Thumb Code   116  bsp_flash.o(.text.fmc_write_word)
    fwdgt_counter_reload                     0x08011749   Thumb Code    16  gd32l23x_fwdgt.o(.text.fwdgt_counter_reload)
    gpio_bit_reset                           0x08011759   Thumb Code    16  gd32l23x_gpio.o(.text.gpio_bit_reset)
    gpio_bit_set                             0x08011769   Thumb Code    16  gd32l23x_gpio.o(.text.gpio_bit_set)
    gpio_bit_toggle                          0x08011779   Thumb Code    16  gd32l23x_gpio.o(.text.gpio_bit_toggle)
    gpio_mode_set                            0x08011789   Thumb Code   142  gd32l23x_gpio.o(.text.gpio_mode_set)
    gpio_output_options_set                  0x08011817   Thumb Code   138  gd32l23x_gpio.o(.text.gpio_output_options_set)
    live_update                              0x080118b1   Thumb Code    58  iap.o(.text.live_update)
    main                                     0x080118eb   Thumb Code   150  boot_main.o(.text.main)
    mcu_software_reset                       0x08011981   Thumb Code    16  bsp_cpu.o(.text.mcu_software_reset)
    nvic_irq_enable                          0x08011991   Thumb Code    44  gd32l23x_misc.o(.text.nvic_irq_enable)
    nvic_vector_table_set                    0x080119bd   Thumb Code    40  gd32l23x_misc.o(.text.nvic_vector_table_set)
    print_log                                0x080119e5   Thumb Code    40  bsp_log.o(.text.print_log)
    rcu_all_reset_flag_clear                 0x08011a0d   Thumb Code    20  gd32l23x_rcu.o(.text.rcu_all_reset_flag_clear)
    rcu_periph_clock_enable                  0x08011a21   Thumb Code    40  gd32l23x_rcu.o(.text.rcu_periph_clock_enable)
    rcu_periph_reset_disable                 0x08011a49   Thumb Code    40  gd32l23x_rcu.o(.text.rcu_periph_reset_disable)
    rcu_periph_reset_enable                  0x08011a71   Thumb Code    40  gd32l23x_rcu.o(.text.rcu_periph_reset_enable)
    segger_rtt_init                          0x08011a99   Thumb Code    20  bsp_log.o(.text.segger_rtt_init)
    timer_auto_reload_shadow_enable          0x08011bf7   Thumb Code    18  gd32l23x_timer.o(.text.timer_auto_reload_shadow_enable)
    timer_deinit                             0x08011c09   Thumb Code   214  gd32l23x_timer.o(.text.timer_deinit)
    timer_enable                             0x08011cdf   Thumb Code    18  gd32l23x_timer.o(.text.timer_enable)
    timer_init                               0x08011cf1   Thumb Code   162  gd32l23x_timer.o(.text.timer_init)
    timer_interrupt_enable                   0x08011d93   Thumb Code    20  gd32l23x_timer.o(.text.timer_interrupt_enable)
    timer_interrupt_flag_clear               0x08011da7   Thumb Code    18  gd32l23x_timer.o(.text.timer_interrupt_flag_clear)
    timer_interrupt_flag_get                 0x08011db9   Thumb Code    58  gd32l23x_timer.o(.text.timer_interrupt_flag_get)
    timer_register_callback                  0x08011df3   Thumb Code    52  bsp_timer.o(.text.timer_register_callback)
    timer_struct_para_init                   0x08011e27   Thumb Code    34  gd32l23x_timer.o(.text.timer_struct_para_init)
    usart_data_receive                       0x08011e49   Thumb Code    18  gd32l23x_usart.o(.text.usart_data_receive)
    usart_interrupt_flag_get                 0x08011e5b   Thumb Code    98  gd32l23x_usart.o(.text.usart_interrupt_flag_get)
    __scatterload_copy                       0x08011fcb   Thumb Code    14  handlers.o(i.__scatterload_copy)
    __scatterload_null                       0x08011fd9   Thumb Code     2  handlers.o(i.__scatterload_null)
    __scatterload_zeroinit                   0x08011fdb   Thumb Code    14  handlers.o(i.__scatterload_zeroinit)
    Region$$Table$$Base                      0x080120ac   Number         0  anon$$obj.o(Region$$Table)
    Region$$Table$$Limit                     0x080120bc   Number         0  anon$$obj.o(Region$$Table)
    _SEGGER_RTT                              0x20007000   Data         168  segger_rtt.o(.bss._SEGGER_RTT)
    exti_handlers                            0x200074b8   Data           4  bsp_port.o(.bss.exti_handlers)
    time                                     0x200074bc   Data           4  boot_main.o(.bss.time)
    timer_handlers                           0x200074c0   Data           8  bsp_timer.o(.bss.timer_handlers)
    usart_handlers                           0x200074c8   Data           8  bsp_uart.o(.bss.usart_handlers)
    __initial_sp                             0x200078d0   Data           0  startup_gd32l233xx.o(STACK)



==============================================================================

Memory Map of the image

  Image Entry point : 0x08010155

  Load Region LR_IROM1 (Base: 0x08010000, Size: 0x000020bc, Max: 0x00004000, ABSOLUTE)

    Execution Region ER_IROM1 (Exec base: 0x08010000, Load base: 0x08010000, Size: 0x000020bc, Max: 0x00004000, ABSOLUTE)

    Exec Addr    Load Addr    Size         Type   Attr      Idx    E Section Name        Object

    0x08010000   0x08010000   0x00000154   Data   RO          862    RESET               startup_gd32l233xx.o
    0x08010154   0x08010154   0x00000000   Code   RO         1185  * .ARM.Collect$$$$00000000  mc_p.l(entry.o)
    0x08010154   0x08010154   0x00000004   Code   RO         1196    .ARM.Collect$$$$00000001  mc_p.l(entry2.o)
    0x08010158   0x08010158   0x00000004   Code   RO         1199    .ARM.Collect$$$$00000004  mc_p.l(entry5.o)
    0x0801015c   0x0801015c   0x00000000   Code   RO         1201    .ARM.Collect$$$$00000008  mc_p.l(entry7b.o)
    0x0801015c   0x0801015c   0x00000000   Code   RO         1203    .ARM.Collect$$$$0000000A  mc_p.l(entry8b.o)
    0x0801015c   0x0801015c   0x00000008   Code   RO         1204    .ARM.Collect$$$$0000000B  mc_p.l(entry9a.o)
    0x08010164   0x08010164   0x00000000   Code   RO         1206    .ARM.Collect$$$$0000000D  mc_p.l(entry10a.o)
    0x08010164   0x08010164   0x00000000   Code   RO         1208    .ARM.Collect$$$$0000000F  mc_p.l(entry11a.o)
    0x08010164   0x08010164   0x00000004   Code   RO         1197    .ARM.Collect$$$$00002712  mc_p.l(entry2.o)
    0x08010168   0x08010168   0x0000001c   Code   RO          863    .text               startup_gd32l233xx.o
    0x08010184   0x08010184   0x00000024   Code   RO         1188    .text               mc_p.l(memcpya.o)
    0x080101a8   0x080101a8   0x00000024   Code   RO         1190    .text               mc_p.l(memseta.o)
    0x080101cc   0x080101cc   0x00000030   Code   RO         1210    .text               mc_p.l(init.o)
    0x080101fc   0x080101fc   0x00000042   Code   RO          978    .text.EXTI10_15_IRQHandler  bsp_port.o
    0x0801023e   0x0801023e   0x00000008   Code   RO         1121    .text.SEGGER_RTT_Init  segger_rtt.o
    0x08010246   0x08010246   0x0000004c   Code   RO         1085    .text.SEGGER_RTT_Write  segger_rtt.o
    0x08010292   0x08010292   0x000000ae   Code   RO         1081    .text.SEGGER_RTT_WriteNoLock  segger_rtt.o
    0x08010340   0x08010340   0x00000394   Code   RO         1147    .text.SEGGER_RTT_vprintf  segger_rtt_printf.o
    0x080106d4   0x080106d4   0x00000150   Code   RO           18    .text.SystemInit    system_gd32l23x.o
    0x08010824   0x08010824   0x0000004e   Code   RO          936    .text.TIMER5_IRQHandler  bsp_timer.o
    0x08010872   0x08010872   0x0000004e   Code   RO          938    .text.TIMER6_IRQHandler  bsp_timer.o
    0x080108c0   0x080108c0   0x00000052   Code   RO          914    .text.UART4_IRQHandler  bsp_uart.o
    0x08010912   0x08010912   0x00000052   Code   RO          912    .text.USART0_IRQHandler  bsp_uart.o
    0x08010964   0x08010964   0x000000a4   Code   RO         1061    .text._DoInit       segger_rtt.o
    0x08010a08   0x08010a08   0x0000003e   Code   RO         1075    .text._GetAvailWriteSpace  segger_rtt.o
    0x08010a46   0x08010a46   0x000001cc   Code   RO         1151    .text._PrintInt     segger_rtt_printf.o
    0x08010c12   0x08010c12   0x000001b6   Code   RO         1153    .text._PrintUnsigned  segger_rtt_printf.o
    0x08010dc8   0x08010dc8   0x00000074   Code   RO         1149    .text._StoreChar    segger_rtt_printf.o
    0x08010e3c   0x08010e3c   0x000000e4   Code   RO         1079    .text._WriteBlocking  segger_rtt.o
    0x08010f20   0x08010f20   0x0000008c   Code   RO         1077    .text._WriteNoCheck  segger_rtt.o
    0x08010fac   0x08010fac   0x00000036   Code   RO          111    .text.__NVIC_EnableIRQ  gd32l23x_misc.o
    0x08010fe2   0x08010fe2   0x00000088   Code   RO          109    .text.__NVIC_SetPriority  gd32l23x_misc.o
    0x0801106a   0x0801106a   0x00000020   Code   RO         1004    .text.__NVIC_SystemReset  bsp_cpu.o
    0x0801108a   0x0801108a   0x00000026   Code   RO           20    .text._soft_delay_  system_gd32l23x.o
    0x080110b0   0x080110b0   0x0000005c   Code   RO            4    .text.bsp_config    boot_main.o
    0x0801110c   0x0801110c   0x00000072   Code   RO          966    .text.bsp_port_init  bsp_port.o
    0x0801117e   0x0801117e   0x00000056   Code   RO          968    .text.bsp_port_set  bsp_port.o
    0x080111d4   0x080111d4   0x0000002a   Code   RO          970    .text.bsp_port_toggle  bsp_port.o
    0x080111fe   0x080111fe   0x000000c0   Code   RO          932    .text.bsp_timer_init  bsp_timer.o
    0x080112be   0x080112be   0x00000036   Code   RO         1170    .text.check_update  iap.o
    0x080112f4   0x080112f4   0x00000008   Code   RO         1006    .text.clear_reset_flag  bsp_cpu.o
    0x080112fc   0x080112fc   0x00000010   Code   RO         1168    .text.clear_update_flag  iap.o
    0x0801130c   0x0801130c   0x00000010   Code   RO         1008    .text.enter_critical_section  bsp_cpu.o
    0x0801131c   0x0801131c   0x00000010   Code   RO         1010    .text.exit_critical_section  bsp_cpu.o
    0x0801132c   0x0801132c   0x00000014   Code   RO           61    .text.exti_interrupt_flag_clear  gd32l23x_exti.o
    0x08011340   0x08011340   0x0000002e   Code   RO           59    .text.exti_interrupt_flag_get  gd32l23x_exti.o
    0x0801136e   0x0801136e   0x00000008   Code   RO         1032    .text.feed_fwdgt    bsp.fwdgt.o
    0x08011376   0x08011376   0x0000007e   Code   RO          951    .text.fmc_erase_pages  bsp_flash.o
    0x080113f4   0x080113f4   0x000000ac   Code   RO          955    .text.fmc_erase_pages_check  bsp_flash.o
    0x080114a0   0x080114a0   0x00000024   Code   RO          490    .text.fmc_flag_clear  gd32l23x_fmc.o
    0x080114c4   0x080114c4   0x00000024   Code   RO          953    .text.fmc_flags_clear  bsp_flash.o
    0x080114e8   0x080114e8   0x00000012   Code   RO          428    .text.fmc_lock      gd32l23x_fmc.o
    0x080114fa   0x080114fa   0x00000062   Code   RO          440    .text.fmc_page_erase  gd32l23x_fmc.o
    0x0801155c   0x0801155c   0x0000005a   Code   RO          442    .text.fmc_ready_wait  gd32l23x_fmc.o
    0x080115b6   0x080115b6   0x00000098   Code   RO          500    .text.fmc_state_get  gd32l23x_fmc.o
    0x0801164e   0x0801164e   0x00000032   Code   RO          426    .text.fmc_unlock    gd32l23x_fmc.o
    0x08011680   0x08011680   0x00000054   Code   RO          446    .text.fmc_word_program  gd32l23x_fmc.o
    0x080116d4   0x080116d4   0x00000074   Code   RO          957    .text.fmc_write_word  bsp_flash.o
    0x08011748   0x08011748   0x00000010   Code   RO          848    .text.fwdgt_counter_reload  gd32l23x_fwdgt.o
    0x08011758   0x08011758   0x00000010   Code   RO           78    .text.gpio_bit_reset  gd32l23x_gpio.o
    0x08011768   0x08011768   0x00000010   Code   RO           76    .text.gpio_bit_set  gd32l23x_gpio.o
    0x08011778   0x08011778   0x00000010   Code   RO           96    .text.gpio_bit_toggle  gd32l23x_gpio.o
    0x08011788   0x08011788   0x0000008e   Code   RO           72    .text.gpio_mode_set  gd32l23x_gpio.o
    0x08011816   0x08011816   0x0000008a   Code   RO           74    .text.gpio_output_options_set  gd32l23x_gpio.o
    0x080118a0   0x080118a0   0x00000010   Code   RO            6    .text.led_state_timer_handler  boot_main.o
    0x080118b0   0x080118b0   0x0000003a   Code   RO         1174    .text.live_update   iap.o
    0x080118ea   0x080118ea   0x00000096   Code   RO            2    .text.main          boot_main.o
    0x08011980   0x08011980   0x00000010   Code   RO         1002    .text.mcu_software_reset  bsp_cpu.o
    0x08011990   0x08011990   0x0000002c   Code   RO          107    .text.nvic_irq_enable  gd32l23x_misc.o
    0x080119bc   0x080119bc   0x00000028   Code   RO          121    .text.nvic_vector_table_set  gd32l23x_misc.o
    0x080119e4   0x080119e4   0x00000028   Code   RO         1019    .text.print_log     bsp_log.o
    0x08011a0c   0x08011a0c   0x00000014   Code   RO          216    .text.rcu_all_reset_flag_clear  gd32l23x_rcu.o
    0x08011a20   0x08011a20   0x00000028   Code   RO          138    .text.rcu_periph_clock_enable  gd32l23x_rcu.o
    0x08011a48   0x08011a48   0x00000028   Code   RO          148    .text.rcu_periph_reset_disable  gd32l23x_rcu.o
    0x08011a70   0x08011a70   0x00000028   Code   RO          146    .text.rcu_periph_reset_enable  gd32l23x_rcu.o
    0x08011a98   0x08011a98   0x00000014   Code   RO         1021    .text.segger_rtt_init  bsp_log.o
    0x08011aac   0x08011aac   0x00000142   Code   RO           28    .text.system_clock_64m_hxtal  system_gd32l23x.o
    0x08011bee   0x08011bee   0x00000008   Code   RO           22    .text.system_clock_config  system_gd32l23x.o
    0x08011bf6   0x08011bf6   0x00000012   Code   RO          721    .text.timer_auto_reload_shadow_enable  gd32l23x_timer.o
    0x08011c08   0x08011c08   0x000000d6   Code   RO          711    .text.timer_deinit  gd32l23x_timer.o
    0x08011cde   0x08011cde   0x00000012   Code   RO          717    .text.timer_enable  gd32l23x_timer.o
    0x08011cf0   0x08011cf0   0x000000a2   Code   RO          715    .text.timer_init    gd32l23x_timer.o
    0x08011d92   0x08011d92   0x00000014   Code   RO          821    .text.timer_interrupt_enable  gd32l23x_timer.o
    0x08011da6   0x08011da6   0x00000012   Code   RO          827    .text.timer_interrupt_flag_clear  gd32l23x_timer.o
    0x08011db8   0x08011db8   0x0000003a   Code   RO          825    .text.timer_interrupt_flag_get  gd32l23x_timer.o
    0x08011df2   0x08011df2   0x00000034   Code   RO          934    .text.timer_register_callback  bsp_timer.o
    0x08011e26   0x08011e26   0x00000022   Code   RO          713    .text.timer_struct_para_init  gd32l23x_timer.o
    0x08011e48   0x08011e48   0x00000012   Code   RO          296    .text.usart_data_receive  gd32l23x_usart.o
    0x08011e5a   0x08011e5a   0x00000062   Code   RO          396    .text.usart_interrupt_flag_get  gd32l23x_usart.o
    0x08011ebc   0x08011ebc   0x0000010e   Code   RO         1176    .text.write_to_flash  iap.o
    0x08011fca   0x08011fca   0x0000000e   Code   RO         1214    i.__scatterload_copy  mc_p.l(handlers.o)
    0x08011fd8   0x08011fd8   0x00000002   Code   RO         1215    i.__scatterload_null  mc_p.l(handlers.o)
    0x08011fda   0x08011fda   0x0000000e   Code   RO         1216    i.__scatterload_zeroinit  mc_p.l(handlers.o)
    0x08011fe8   0x08011fe8   0x00000004   Data   RO          990    .rodata.EXTI_LINE   bsp_port.o
    0x08011fec   0x08011fec   0x00000012   Data   RO          981    .rodata.PORT_CLK    bsp_port.o
    0x08011ffe   0x08011ffe   0x00000002   PAD
    0x08012000   0x08012000   0x00000024   Data   RO          982    .rodata.PORT_GPIO   bsp_port.o
    0x08012024   0x08012024   0x00000024   Data   RO          983    .rodata.PORT_PIN    bsp_port.o
    0x08012048   0x08012048   0x00000004   Data   RO          942    .rodata.TIMER_CLK   bsp_timer.o
    0x0801204c   0x0801204c   0x00000008   Data   RO          943    .rodata.TIMER_ID    bsp_timer.o
    0x08012054   0x08012054   0x00000002   Data   RO          941    .rodata.TIMER_IRQn  bsp_timer.o
    0x08012056   0x08012056   0x00000011   Data   RO         1136    .rodata._DoInit._aInitStr  segger_rtt.o
    0x08012067   0x08012067   0x00000010   Data   RO         1158    .rodata._PrintUnsigned._aV2C  segger_rtt_printf.o
    0x08012077   0x08012077   0x00000023   Data   RO            8    .rodata.str1.1      boot_main.o
    0x0801209a   0x0801209a   0x00000009   Data   RO         1137    .rodata.str1.1      segger_rtt.o
    0x080120a3   0x080120a3   0x00000007   Data   RO         1157    .rodata.str1.1      segger_rtt_printf.o
    0x080120aa   0x080120aa   0x00000002   PAD
    0x080120ac   0x080120ac   0x00000010   Data   RO         1213    Region$$Table       anon$$obj.o


    Execution Region RW_IRAM1 (Exec base: 0x20007000, Load base: 0x080120bc, Size: 0x000008d0, Max: 0x00001000, ABSOLUTE)

    Exec Addr    Load Addr    Size         Type   Attr      Idx    E Section Name        Object

    0x20007000        -       0x000000a8   Zero   RW         1133    .bss._SEGGER_RTT    segger_rtt.o
    0x200070a8        -       0x00000010   Zero   RW         1139    .bss._acDownBuffer  segger_rtt.o
    0x200070b8        -       0x00000400   Zero   RW         1138    .bss._acUpBuffer    segger_rtt.o
    0x200074b8        -       0x00000004   Zero   RW          980    .bss.exti_handlers  bsp_port.o
    0x200074bc        -       0x00000004   Zero   RW            9    .bss.time           boot_main.o
    0x200074c0        -       0x00000008   Zero   RW          940    .bss.timer_handlers  bsp_timer.o
    0x200074c8        -       0x00000008   Zero   RW          916    .bss.usart_handlers  bsp_uart.o
    0x200074d0        -       0x00000400   Zero   RW          860    STACK               startup_gd32l233xx.o


==============================================================================

Image component sizes


      Code (inc. data)   RO Data    RW Data    ZI Data      Debug   Object Name

       258          0         35          0          4       1281   boot_main.o
         8          0          0          0          0       1203   bsp.fwdgt.o
        88          0          0          0          0       1861   bsp_cpu.o
       450          0          0          0          0       1575   bsp_flash.o
        60          0          0          0          0        864   bsp_log.o
       308          0         94          0          4       5276   bsp_port.o
       400          0         14          0          8       4101   bsp_timer.o
       164          0          0          0          8       5792   bsp_uart.o
        66          0          0          0          0       3178   gd32l23x_exti.o
       528          0          0          0          0       8589   gd32l23x_fmc.o
        16          0          0          0          0       2537   gd32l23x_fwdgt.o
       328          0          0          0          0       4515   gd32l23x_gpio.o
       274          0          0          0          0       4437   gd32l23x_misc.o
       140          0          0          0          0      13971   gd32l23x_rcu.o
       542          0          0          0          0      14764   gd32l23x_timer.o
       116          0          0          0          0      14132   gd32l23x_usart.o
       398          0          0          0          0       2337   iap.o
       852          0         26          0       1208      13967   segger_rtt.o
      1930          0         23          0          0       4162   segger_rtt_printf.o
        28          8        340          0       1024        716   startup_gd32l233xx.o
       704          0          0          0          0       2527   system_gd32l23x.o

    ----------------------------------------------------------------------
      7658          8        552          0       2256     111785   Object Totals
         0          0         16          0          0          0   (incl. Generated)
         0          0          4          0          0          0   (incl. Padding)

    ----------------------------------------------------------------------

      Code (inc. data)   RO Data    RW Data    ZI Data      Debug   Library Member Name

         0          0          0          0          0          0   entry.o
         0          0          0          0          0          0   entry10a.o
         0          0          0          0          0          0   entry11a.o
         8          4          0          0          0          0   entry2.o
         4          0          0          0          0          0   entry5.o
         0          0          0          0          0          0   entry7b.o
         0          0          0          0          0          0   entry8b.o
         8          4          0          0          0          0   entry9a.o
        30          0          0          0          0          0   handlers.o
        48         10          0          0          0         68   init.o
        36          0          0          0          0         60   memcpya.o
        36          0          0          0          0        100   memseta.o

    ----------------------------------------------------------------------
       170         18          0          0          0        228   Library Totals
         0          0          0          0          0          0   (incl. Padding)

    ----------------------------------------------------------------------

      Code (inc. data)   RO Data    RW Data    ZI Data      Debug   Library Name

       170         18          0          0          0        228   mc_p.l

    ----------------------------------------------------------------------
       170         18          0          0          0        228   Library Totals

    ----------------------------------------------------------------------

==============================================================================


      Code (inc. data)   RO Data    RW Data    ZI Data      Debug   

      7828         26        552          0       2256     111741   Grand Totals
      7828         26        552          0       2256     111741   ELF Image Totals
      7828         26        552          0          0          0   ROM Totals

==============================================================================

    Total RO  Size (Code + RO Data)                 8380 (   8.18kB)
    Total RW  Size (RW Data + ZI Data)              2256 (   2.20kB)
    Total ROM Size (Code + RO Data + RW Data)       8380 (   8.18kB)

==============================================================================

