Component: Arm Compiler for Embedded 6.22 Tool: armlink [5ee90200]

==============================================================================

Section Cross References

    app_main.o(.text.main) refers to app_main.o(.rodata.str1.1) for .L.str
    app_main.o(.text.main) refers to bsp_log.o(.text.segger_rtt_init) for segger_rtt_init
    app_main.o(.text.main) refers to gd32l23x_rcu.o(.text.rcu_flag_get) for rcu_flag_get
    app_main.o(.text.main) refers to bsp_log.o(.text.print_log) for print_log
    app_main.o(.text.main) refers to bsp_cpu.o(.text.enter_critical_section) for enter_critical_section
    app_main.o(.text.main) refers to bsp_flash.o(.text.fmc_erase_pages) for fmc_erase_pages
    app_main.o(.text.main) refers to bsp_flash.o(.text.fmc_write_word) for fmc_write_word
    app_main.o(.text.main) refers to iap.o(.text.check_update) for check_update
    app_main.o(.text.main) refers to iap.o(.text.jump_bootloader) for jump_bootloader
    app_main.o(.text.main) refers to spq_function.o(.text.init_args) for init_args
    app_main.o(.text.main) refers to spq_function.o(.text.reg_handler) for reg_handler
    app_main.o(.text.main) refers to app_main.o(.bss.pcBuf) for pcBuf
    app_main.o(.text.main) refers to queque.o(.text.S_QueueEmpty) for S_QueueEmpty
    app_main.o(.text.main) refers to app_main.o(.bss.keyBuf) for keyBuf
    app_main.o(.text.main) refers to app_main.o(.text.bsp_config) for bsp_config
    app_main.o(.text.main) refers to bsp_cpu.o(.text.exit_critical_section) for exit_critical_section
    app_main.o(.text.main) refers to queque.o(.text.S_QueueDataLen) for S_QueueDataLen
    app_main.o(.text.main) refers to queque.o(.text.S_QueueDataOut) for S_QueueDataOut
    app_main.o(.text.main) refers to spq_function.o(.text.handle_pc_data) for handle_pc_data
    app_main.o(.text.main) refers to spq_function.o(.text.handle_key_data) for handle_key_data
    app_main.o(.text.main) refers to bsp_cpu.o(.text.enter_low_power) for enter_low_power
    app_main.o(.text.main) refers to bsp_port.o(.text.bsp_port_toggle) for bsp_port_toggle
    app_main.o(.ARM.exidx.text.main) refers to app_main.o(.text.main) for [Anonymous Symbol]
    app_main.o(.text.bsp_config) refers to bsp_cpu.o(.text.clear_reset_flag) for clear_reset_flag
    app_main.o(.text.bsp_config) refers to bsp_port.o(.text.bsp_port_init) for bsp_port_init
    app_main.o(.text.bsp_config) refers to bsp_uart.o(.text.bsp_uart_init) for bsp_uart_init
    app_main.o(.text.bsp_config) refers to app_main.o(.text.key_rx_handler) for key_rx_handler
    app_main.o(.text.bsp_config) refers to bsp_uart.o(.text.uart_register_callback) for uart_register_callback
    app_main.o(.text.bsp_config) refers to app_main.o(.text.pc_rx_handler) for pc_rx_handler
    app_main.o(.text.bsp_config) refers to bsp_port.o(.text.bsp_exti_init) for bsp_exti_init
    app_main.o(.text.bsp_config) refers to app_main.o(.text.duanlu_exti_handler) for duanlu_exti_handler
    app_main.o(.text.bsp_config) refers to bsp_port.o(.text.exti_register_callback) for exti_register_callback
    app_main.o(.text.bsp_config) refers to bsp_timer.o(.text.bsp_timer_init) for bsp_timer_init
    app_main.o(.text.bsp_config) refers to app_main.o(.text.led_state_timer_handler) for led_state_timer_handler
    app_main.o(.text.bsp_config) refers to bsp_timer.o(.text.timer_register_callback) for timer_register_callback
    app_main.o(.text.bsp_config) refers to app_main.o(.text.key_state_timer_handler) for key_state_timer_handler
    app_main.o(.text.bsp_config) refers to bsp_port.o(.text.bsp_port_toggle) for bsp_port_toggle
    app_main.o(.ARM.exidx.text.bsp_config) refers to app_main.o(.text.bsp_config) for [Anonymous Symbol]
    app_main.o(.text.key_state_timer_handler) refers to bsp_cpu.o(.text.exit_low_power) for exit_low_power
    app_main.o(.text.key_state_timer_handler) refers to spq_function.o(.text.handle_key_state) for handle_key_state
    app_main.o(.ARM.exidx.text.key_state_timer_handler) refers to app_main.o(.text.key_state_timer_handler) for [Anonymous Symbol]
    app_main.o(.text.led_state_timer_handler) refers to bsp_cpu.o(.text.exit_low_power) for exit_low_power
    app_main.o(.text.led_state_timer_handler) refers to spq_function.o(.text.handle_led_state) for handle_led_state
    app_main.o(.ARM.exidx.text.led_state_timer_handler) refers to app_main.o(.text.led_state_timer_handler) for [Anonymous Symbol]
    app_main.o(.text.duanlu_exti_handler) refers to bsp_cpu.o(.text.exit_low_power) for exit_low_power
    app_main.o(.text.duanlu_exti_handler) refers to spq_function.o(.text.handle_duanlu) for handle_duanlu
    app_main.o(.ARM.exidx.text.duanlu_exti_handler) refers to app_main.o(.text.duanlu_exti_handler) for [Anonymous Symbol]
    app_main.o(.text.key_rx_handler) refers to bsp_cpu.o(.text.exit_low_power) for exit_low_power
    app_main.o(.text.key_rx_handler) refers to app_main.o(.bss.keyBuf) for keyBuf
[...]
    .ARM.Collect$$$$0000000A                 0x0800015c   Section        0  entry8b.o(.ARM.Collect$$$$0000000A)
    .ARM.Collect$$$$0000000B                 0x0800015c   Section        8  entry9a.o(.ARM.Collect$$$$0000000B)
    __lit__00000000                          0x08000164   Data           4  entry2.o(.ARM.Collect$$$$00002712)
    .ARM.Collect$$$$0000000D                 0x08000164   Section        0  entry10a.o(.ARM.Collect$$$$0000000D)
    .ARM.Collect$$$$0000000F                 0x08000164   Section        0  entry11a.o(.ARM.Collect$$$$0000000F)
    .ARM.Collect$$$$00002712                 0x08000164   Section        4  entry2.o(.ARM.Collect$$$$00002712)
    .text                                    0x08000168   Section       28  startup_gd32l233xx.o(.text)
    .text                                    0x08000184   Section        0  memcpya.o(.text)
    .text                                    0x080001a8   Section        0  memseta.o(.text)
    .text                                    0x080001cc   Section       48  init.o(.text)
    [Anonymous Symbol]                       0x080001fc   Section        0  bsp_port.o(.text.EXTI10_15_IRQHandler)
    OPEN_FMQ                                 0x0800023f   Thumb Code    46  spq_function.o(.text.OPEN_FMQ)
    [Anonymous Symbol]                       0x0800023e   Section        0  spq_function.o(.text.OPEN_FMQ)
    [Anonymous Symbol]                       0x0800026c   Section        0  segger_rtt.o(.text.SEGGER_RTT_Init)
    [Anonymous Symbol]                       0x08000274   Section        0  segger_rtt.o(.text.SEGGER_RTT_Write)
    [Anonymous Symbol]                       0x080002c0   Section        0  segger_rtt.o(.text.SEGGER_RTT_WriteNoLock)
    [Anonymous Symbol]                       0x08000370   Section        0  segger_rtt_printf.o(.text.SEGGER_RTT_vprintf)
    [Anonymous Symbol]                       0x08000704   Section        0  queque.o(.text.S_QueueDataIn)
    [Anonymous Symbol]                       0x080007be   Section        0  queque.o(.text.S_QueueDataLen)
    [Anonymous Symbol]                       0x08000818   Section        0  queque.o(.text.S_QueueDataOut)
    [Anonymous Symbol]                       0x08000892   Section        0  queque.o(.text.S_QueueEmpty)
    [Anonymous Symbol]                       0x080008aa   Section        0  system_gd32l23x.o(.text.SystemInit)
    [Anonymous Symbol]                       0x080009fa   Section        0  bsp_timer.o(.text.TIMER5_IRQHandler)
    [Anonymous Symbol]                       0x08000a48   Section        0  bsp_timer.o(.text.TIMER6_IRQHandler)
    [Anonymous Symbol]                       0x08000a96   Section        0  bsp_uart.o(.text.UART4_IRQHandler)
    [Anonymous Symbol]                       0x08000ae8   Section        0  bsp_uart.o(.text.USART0_IRQHandler)
    _DoInit                                  0x08000b3b   Thumb Code   164  segger_rtt.o(.text._DoInit)
    [Anonymous Symbol]                       0x08000b3a   Section        0  segger_rtt.o(.text._DoInit)
    _GetAvailWriteSpace                      0x08000bdf   Thumb Code    62  segger_rtt.o(.text._GetAvailWriteSpace)
    [Anonymous Symbol]                       0x08000bde   Section        0  segger_rtt.o(.text._GetAvailWriteSpace)
    _PrintInt                                0x08000c1d   Thumb Code   460  segger_rtt_printf.o(.text._PrintInt)
    [Anonymous Symbol]                       0x08000c1c   Section        0  segger_rtt_printf.o(.text._PrintInt)
    _PrintUnsigned                           0x08000de9   Thumb Code   438  segger_rtt_printf.o(.text._PrintUnsigned)
    [Anonymous Symbol]                       0x08000de8   Section        0  segger_rtt_printf.o(.text._PrintUnsigned)
    _StoreChar                               0x08000f9f   Thumb Code   116  segger_rtt_printf.o(.text._StoreChar)
    [Anonymous Symbol]                       0x08000f9e   Section        0  segger_rtt_printf.o(.text._StoreChar)
    _WriteBlocking                           0x08001013   Thumb Code   228  segger_rtt.o(.text._WriteBlocking)
    [Anonymous Symbol]                       0x08001012   Section        0  segger_rtt.o(.text._WriteBlocking)
    _WriteNoCheck                            0x080010f7   Thumb Code   140  segger_rtt.o(.text._WriteNoCheck)
    [Anonymous Symbol]                       0x080010f6   Section        0  segger_rtt.o(.text._WriteNoCheck)
    __NVIC_EnableIRQ                         0x08001183   Thumb Code    54  gd32l23x_misc.o(.text.__NVIC_EnableIRQ)
    [Anonymous Symbol]                       0x08001182   Section        0  gd32l23x_misc.o(.text.__NVIC_EnableIRQ)
    __NVIC_SetPriority                       0x080011b9   Thumb Code   136  gd32l23x_misc.o(.text.__NVIC_SetPriority)
    [Anonymous Symbol]                       0x080011b8   Section        0  gd32l23x_misc.o(.text.__NVIC_SetPriority)
    __NVIC_SystemReset                       0x08001241   Thumb Code    32  bsp_cpu.o(.text.__NVIC_SystemReset)
    [Anonymous Symbol]                       0x08001240   Section        0  bsp_cpu.o(.text.__NVIC_SystemReset)
    _soft_delay_                             0x08001261   Thumb Code    38  system_gd32l23x.o(.text._soft_delay_)
    [Anonymous Symbol]                       0x08001260   Section        0  system_gd32l23x.o(.text._soft_delay_)
    bsp_config                               0x08001287   Thumb Code   204  app_main.o(.text.bsp_config)
    [Anonymous Symbol]                       0x08001286   Section        0  app_main.o(.text.bsp_config)
    [Anonymous Symbol]                       0x08001352   Section        0  bsp_port.o(.text.bsp_exti_init)
    [Anonymous Symbol]                       0x08001400   Section        0  bsp_port.o(.text.bsp_get_port_value)
    [Anonymous Symbol]                       0x0800142a   Section        0  bsp_uart.o(.text.bsp_get_uart_rx_io_status)
    [Anonymous Symbol]                       0x08001454   Section        0  bsp_port.o(.text.bsp_port_init)
    [Anonymous Symbol]                       0x080014c6   Section        0  bsp_port.o(.text.bsp_port_set)
    [Anonymous Symbol]                       0x0800151c   Section        0  bsp_port.o(.text.bsp_port_toggle)
    [Anonymous Symbol]                       0x08001546   Section        0  bsp_timer.o(.text.bsp_timer_init)
    [Anonymous Symbol]                       0x08001606   Section        0  bsp_uart.o(.text.bsp_uart_init)
    [Anonymous Symbol]                       0x08001792   Section        0  bsp_uart.o(.text.bsp_usart_send_byte)
    [Anonymous Symbol]                       0x080017da   Section        0  iap.o(.text.check_update)
    [Anonymous Symbol]                       0x08001810   Section        0  bsp_cpu.o(.text.clear_reset_flag)
    delay_2_5us_optimized                    0x08001819   Thumb Code    32  spq_function.o(.text.delay_2_5us_optimized)
    [Anonymous Symbol]                       0x08001818   Section        0  spq_function.o(.text.delay_2_5us_optimized)
    [Anonymous Symbol]                       0x08001838   Section        0  port_config.o(.text.delay_ms)
    [Anonymous Symbol]                       0x0800187e   Section        0  pc_cmd_handle.o(.text.do_nothing)
    [Anonymous Symbol]                       0x08001880   Section        0  app_main.o(.text.duanlu_exti_handler)
    [Anonymous Symbol]                       0x0800188c   Section        0  bsp_cpu.o(.text.enter_critical_section)
    [Anonymous Symbol]                       0x0800189c   Section        0  bsp_cpu.o(.text.enter_low_power)
    [Anonymous Symbol]                       0x080018aa   Section        0  bsp_cpu.o(.text.exit_critical_section)
    [Anonymous Symbol]                       0x080018ba   Section        0  bsp_cpu.o(.text.exit_low_power)
    [Anonymous Symbol]                       0x080018d4   Section        0  gd32l23x_exti.o(.text.exti_init)
    [Anonymous Symbol]                       0x080019ea   Section        0  gd32l23x_exti.o(.text.exti_interrupt_flag_clear)
    [Anonymous Symbol]                       0x080019fe   Section        0  gd32l23x_exti.o(.text.exti_interrupt_flag_get)
    [Anonymous Symbol]                       0x08001a2c   Section        0  bsp_port.o(.text.exti_register_callback)
    [Anonymous Symbol]                       0x08001a60   Section        0  port_config.o(.text.fmc_contiune_write)
    [Anonymous Symbol]                       0x08001ace   Section        0  bsp_flash.o(.text.fmc_erase_pages)
    [Anonymous Symbol]                       0x08001b4c   Section        0  gd32l23x_fmc.o(.text.fmc_flag_clear)
    fmc_flags_clear                          0x08001b71   Thumb Code    36  bsp_flash.o(.text.fmc_flags_clear)
    [Anonymous Symbol]                       0x08001b70   Section        0  bsp_flash.o(.text.fmc_flags_clear)
    [Anonymous Symbol]                       0x08001b94   Section        0  gd32l23x_fmc.o(.text.fmc_lock)
    [Anonymous Symbol]                       0x08001ba6   Section        0  gd32l23x_fmc.o(.text.fmc_page_erase)
    fmc_ready_wait                           0x08001c09   Thumb Code    90  gd32l23x_fmc.o(.text.fmc_ready_wait)
    [Anonymous Symbol]                       0x08001c08   Section        0  gd32l23x_fmc.o(.text.fmc_ready_wait)
    fmc_state_get                            0x08001c63   Thumb Code   152  gd32l23x_fmc.o(.text.fmc_state_get)
    [Anonymous Symbol]                       0x08001c62   Section        0  gd32l23x_fmc.o(.text.fmc_state_get)
    [Anonymous Symbol]                       0x08001cfa   Section        0  gd32l23x_fmc.o(.text.fmc_unlock)
    [Anonymous Symbol]                       0x08001d2c   Section        0  gd32l23x_fmc.o(.text.fmc_word_program)
    [Anonymous Symbol]                       0x08001d80   Section        0  bsp_flash.o(.text.fmc_write_word)
    get_current_charging_state               0x08001df5   Thumb Code   510  spq_function.o(.text.get_current_charging_state)
    [Anonymous Symbol]                       0x08001df4   Section        0  spq_function.o(.text.get_current_charging_state)
    get_current_key_state                    0x08001ff3   Thumb Code   410  spq_function.o(.text.get_current_key_state)
    [Anonymous Symbol]                       0x08001ff2   Section        0  spq_function.o(.text.get_current_key_state)
    [Anonymous Symbol]                       0x0800218c   Section        0  key_cmd_handle.o(.text.get_key_handler)
    [Anonymous Symbol]                       0x080021b6   Section        0  spq_function.o(.text.get_package_data)
    [Anonymous Symbol]                       0x08002288   Section        0  spq_function.o(.text.get_package_direction)
    get_sum                                  0x08002317   Thumb Code    72  spq_function.o(.text.get_sum)
    [Anonymous Symbol]                       0x08002316   Section        0  spq_function.o(.text.get_sum)
    [Anonymous Symbol]                       0x0800235e   Section        0  gd32l23x_gpio.o(.text.gpio_af_set)
    [Anonymous Symbol]                       0x0800241e   Section        0  gd32l23x_gpio.o(.text.gpio_bit_reset)
    [Anonymous Symbol]                       0x0800242e   Section        0  gd32l23x_gpio.o(.text.gpio_bit_set)
    [Anonymous Symbol]                       0x0800243e   Section        0  gd32l23x_gpio.o(.text.gpio_bit_toggle)
    [Anonymous Symbol]                       0x0800244e   Section        0  gd32l23x_gpio.o(.text.gpio_input_bit_get)
    [Anonymous Symbol]                       0x08002478   Section        0  gd32l23x_gpio.o(.text.gpio_mode_set)
    [Anonymous Symbol]                       0x08002506   Section        0  gd32l23x_gpio.o(.text.gpio_output_options_set)
    [Anonymous Symbol]                       0x08002590   Section        0  spq_function.o(.text.handle_duanlu)
    [Anonymous Symbol]                       0x080025dc   Section        0  spq_function.o(.text.handle_key_data)
    [Anonymous Symbol]                       0x08002a54   Section        0  spq_function.o(.text.handle_key_state)
    [Anonymous Symbol]                       0x08003170   Section        0  spq_function.o(.text.handle_led_state)
    [Anonymous Symbol]                       0x080033a4   Section        0  spq_function.o(.text.handle_pc_data)
    [Anonymous Symbol]                       0x0800383a   Section        0  spq_function.o(.text.init_args)
    [Anonymous Symbol]                       0x08003866   Section        0  iap.o(.text.jump_bootloader)
    key_rx_handler                           0x080038c3   Thumb Code    48  app_main.o(.text.key_rx_handler)
    [Anonymous Symbol]                       0x080038c2   Section        0  app_main.o(.text.key_rx_handler)
    [Anonymous Symbol]                       0x080038f2   Section        0  app_main.o(.text.key_state_timer_handler)
    [Anonymous Symbol]                       0x080038fe   Section        0  app_main.o(.text.led_state_timer_handler)
    [Anonymous Symbol]                       0x0800390a   Section        0  app_main.o(.text.main)
    [Anonymous Symbol]                       0x08003a66   Section        0  bsp_cpu.o(.text.mcu_software_reset)
    [Anonymous Symbol]                       0x08003a76   Section        0  gd32l23x_misc.o(.text.nvic_irq_enable)
    [Anonymous Symbol]                       0x08003aa2   Section        0  gd32l23x_misc.o(.text.nvic_vector_table_set)
    [Anonymous Symbol]                       0x08003aca   Section        0  pc_cmd_handle.o(.text.on_get_device_info)
    [Anonymous Symbol]                       0x08003b5e   Section        0  pc_cmd_handle.o(.text.on_get_key_state)
    [Anonymous Symbol]                       0x08003c48   Section        0  key_cmd_handle.o(.text.on_key_response_package)
    [Anonymous Symbol]                       0x08003ccc   Section        0  key_cmd_handle.o(.text.on_key_response_state)
    [Anonymous Symbol]                       0x08003d8a   Section        0  pc_cmd_handle.o(.text.on_kiss_adapter_id)
    [Anonymous Symbol]                       0x08003f08   Section        0  pc_cmd_handle.o(.text.on_other_command)
    [Anonymous Symbol]                       0x0800402c   Section        0  pc_cmd_handle.o(.text.on_reset_adapter_id)
    [Anonymous Symbol]                       0x08004070   Section        0  pc_cmd_handle.o(.text.on_set_adapter_address)
    [Anonymous Symbol]                       0x08004170   Section        0  pc_cmd_handle.o(.text.on_set_key_address)
    [Anonymous Symbol]                       0x08004210   Section        0  pc_cmd_handle.o(.text.on_set_key_id)
    [Anonymous Symbol]                       0x0800427c   Section        0  pc_cmd_handle.o(.text.on_set_mode)
    [Anonymous Symbol]                       0x080042cc   Section        0  pc_cmd_handle.o(.text.on_sync_end)
    [Anonymous Symbol]                       0x0800432c   Section        0  pc_cmd_handle.o(.text.on_update_command)
    [Anonymous Symbol]                       0x08004494   Section        0  pc_cmd_handle.o(.text.on_update_interrupt_table)
    [Anonymous Symbol]                       0x0800458e   Section        0  pc_cmd_handle.o(.text.on_update_program)
    pc_rx_handler                            0x080048f3   Thumb Code    48  app_main.o(.text.pc_rx_handler)
    [Anonymous Symbol]                       0x080048f2   Section        0  app_main.o(.text.pc_rx_handler)
    [Anonymous Symbol]                       0x08004922   Section        0  gd32l23x_pmu.o(.text.pmu_to_sleepmode)
    [Anonymous Symbol]                       0x08004986   Section        0  bsp_log.o(.text.print_log)
    query_key_charging_state                 0x080049af   Thumb Code    98  spq_function.o(.text.query_key_charging_state)
    [Anonymous Symbol]                       0x080049ae   Section        0  spq_function.o(.text.query_key_charging_state)
    [Anonymous Symbol]                       0x08004a10   Section        0  gd32l23x_rcu.o(.text.rcu_all_reset_flag_clear)
    [Anonymous Symbol]                       0x08004a24   Section        0  gd32l23x_rcu.o(.text.rcu_clock_freq_get)
    [Anonymous Symbol]                       0x0800528e   Section        0  gd32l23x_rcu.o(.text.rcu_flag_get)
    [Anonymous Symbol]                       0x080052c8   Section        0  gd32l23x_rcu.o(.text.rcu_periph_clock_enable)
    [Anonymous Symbol]                       0x080052f0   Section        0  gd32l23x_rcu.o(.text.rcu_periph_reset_disable)
    [Anonymous Symbol]                       0x08005318   Section        0  gd32l23x_rcu.o(.text.rcu_periph_reset_enable)
    [Anonymous Symbol]                       0x08005340   Section        0  spq_function.o(.text.reg_handler)
    [Anonymous Symbol]                       0x08005490   Section        0  bsp_log.o(.text.segger_rtt_init)
    [Anonymous Symbol]                       0x080054a4   Section        0  spq_function.o(.text.send_ack_from_package)
    [Anonymous Symbol]                       0x080054fa   Section        0  spq_function.o(.text.send_nack_from_package)
    [Anonymous Symbol]                       0x08005552   Section        0  port_config.o(.text.send_to_key)
    [Anonymous Symbol]                       0x080055d4   Section        0  port_config.o(.text.send_to_pc)
    [Anonymous Symbol]                       0x08005658   Section        0  gd32l23x_syscfg.o(.text.syscfg_exti_line_config)
    system_clock_64m_hxtal                   0x08005713   Thumb Code   322  system_gd32l23x.o(.text.system_clock_64m_hxtal)
    [Anonymous Symbol]                       0x08005712   Section        0  system_gd32l23x.o(.text.system_clock_64m_hxtal)
    system_clock_config                      0x08005855   Thumb Code     8  system_gd32l23x.o(.text.system_clock_config)
    [Anonymous Symbol]                       0x08005854   Section        0  system_gd32l23x.o(.text.system_clock_config)
    [Anonymous Symbol]                       0x0800585c   Section        0  gd32l23x_timer.o(.text.timer_auto_reload_shadow_enable)
    [Anonymous Symbol]                       0x0800586e   Section        0  gd32l23x_timer.o(.text.timer_deinit)
    [Anonymous Symbol]                       0x08005944   Section        0  gd32l23x_timer.o(.text.timer_enable)
    [Anonymous Symbol]                       0x08005956   Section        0  gd32l23x_timer.o(.text.timer_init)
    [Anonymous Symbol]                       0x080059f8   Section        0  gd32l23x_timer.o(.text.timer_interrupt_enable)
    [Anonymous Symbol]                       0x08005a0c   Section        0  gd32l23x_timer.o(.text.timer_interrupt_flag_clear)
    [Anonymous Symbol]                       0x08005a1e   Section        0  gd32l23x_timer.o(.text.timer_interrupt_flag_get)
    [Anonymous Symbol]                       0x08005a58   Section        0  bsp_timer.o(.text.timer_register_callback)
    [Anonymous Symbol]                       0x08005a8c   Section        0  gd32l23x_timer.o(.text.timer_struct_para_init)
    [Anonymous Symbol]                       0x08005aae   Section        0  bsp_uart.o(.text.uart_register_callback)
    [Anonymous Symbol]                       0x08005ae2   Section        0  port_config.o(.text.uart_send)
    [Anonymous Symbol]                       0x08005b68   Section        0  gd32l23x_usart.o(.text.usart_baudrate_set)
    [Anonymous Symbol]                       0x08005c58   Section        0  gd32l23x_usart.o(.text.usart_data_receive)
    [Anonymous Symbol]                       0x08005c6a   Section        0  gd32l23x_usart.o(.text.usart_data_transmit)
    [Anonymous Symbol]                       0x08005c82   Section        0  gd32l23x_usart.o(.text.usart_deinit)
    [Anonymous Symbol]                       0x08005d18   Section        0  gd32l23x_usart.o(.text.usart_enable)
    [Anonymous Symbol]                       0x08005d2a   Section        0  gd32l23x_usart.o(.text.usart_flag_get)
    [Anonymous Symbol]                       0x08005d66   Section        0  gd32l23x_usart.o(.text.usart_interrupt_disable)
    [Anonymous Symbol]                       0x08005d88   Section        0  gd32l23x_usart.o(.text.usart_interrupt_enable)
    [Anonymous Symbol]                       0x08005daa   Section        0  gd32l23x_usart.o(.text.usart_interrupt_flag_get)
    [Anonymous Symbol]                       0x08005e0c   Section        0  gd32l23x_usart.o(.text.usart_parity_config)
    [Anonymous Symbol]                       0x08005e3a   Section        0  gd32l23x_usart.o(.text.usart_receive_config)
    [Anonymous Symbol]                       0x08005e58   Section        0  gd32l23x_usart.o(.text.usart_stop_bit_set)
    [Anonymous Symbol]                       0x08005e86   Section        0  gd32l23x_usart.o(.text.usart_transmit_config)
    [Anonymous Symbol]                       0x08005ea4   Section        0  gd32l23x_usart.o(.text.usart_word_length_set)
    i.__scatterload_copy                     0x08005ed2   Section       14  handlers.o(i.__scatterload_copy)
    i.__scatterload_null                     0x08005ee0   Section        2  handlers.o(i.__scatterload_null)
    i.__scatterload_zeroinit                 0x08005ee2   Section       14  handlers.o(i.__scatterload_zeroinit)
    EXTI_GPIO                                0x08005ef0   Data           4  bsp_port.o(.rodata.EXTI_GPIO)
    [Anonymous Symbol]                       0x08005ef0   Section        0  bsp_port.o(.rodata.EXTI_GPIO)
    EXTI_GPIO_CLK                            0x08005ef4   Data           2  bsp_port.o(.rodata.EXTI_GPIO_CLK)
    [Anonymous Symbol]                       0x08005ef4   Section        0  bsp_port.o(.rodata.EXTI_GPIO_CLK)
    EXTI_IRQn                                0x08005ef6   Data           1  bsp_port.o(.rodata.EXTI_IRQn)
    [Anonymous Symbol]                       0x08005ef6   Section        0  bsp_port.o(.rodata.EXTI_IRQn)
    EXTI_LINE                                0x08005ef8   Data           4  bsp_port.o(.rodata.EXTI_LINE)
    [Anonymous Symbol]                       0x08005ef8   Section        0  bsp_port.o(.rodata.EXTI_LINE)
    EXTI_PIN                                 0x08005efc   Data           4  bsp_port.o(.rodata.EXTI_PIN)
    [Anonymous Symbol]                       0x08005efc   Section        0  bsp_port.o(.rodata.EXTI_PIN)
    EXTI_PIN_SOURCE                          0x08005f00   Data           1  bsp_port.o(.rodata.EXTI_PIN_SOURCE)
    [Anonymous Symbol]                       0x08005f00   Section        0  bsp_port.o(.rodata.EXTI_PIN_SOURCE)
    EXTI_PORT_SOURCE                         0x08005f01   Data           1  bsp_port.o(.rodata.EXTI_PORT_SOURCE)
    [Anonymous Symbol]                       0x08005f01   Section        0  bsp_port.o(.rodata.EXTI_PORT_SOURCE)
    PORT_CLK                                 0x08005f02   Data          18  bsp_port.o(.rodata.PORT_CLK)
    [Anonymous Symbol]                       0x08005f02   Section        0  bsp_port.o(.rodata.PORT_CLK)
    PORT_GPIO                                0x08005f14   Data          36  bsp_port.o(.rodata.PORT_GPIO)
    [Anonymous Symbol]                       0x08005f14   Section        0  bsp_port.o(.rodata.PORT_GPIO)
    PORT_PIN                                 0x08005f38   Data          36  bsp_port.o(.rodata.PORT_PIN)
    [Anonymous Symbol]                       0x08005f38   Section        0  bsp_port.o(.rodata.PORT_PIN)
    TIMER_CLK                                0x08005f5c   Data           4  bsp_timer.o(.rodata.TIMER_CLK)
    [Anonymous Symbol]                       0x08005f5c   Section        0  bsp_timer.o(.rodata.TIMER_CLK)
    TIMER_ID                                 0x08005f60   Data           8  bsp_timer.o(.rodata.TIMER_ID)
    [Anonymous Symbol]                       0x08005f60   Section        0  bsp_timer.o(.rodata.TIMER_ID)
    TIMER_IRQn                               0x08005f68   Data           2  bsp_timer.o(.rodata.TIMER_IRQn)
    [Anonymous Symbol]                       0x08005f68   Section        0  bsp_timer.o(.rodata.TIMER_IRQn)
    USART_AF                                 0x08005f6c   Data           8  bsp_uart.o(.rodata.USART_AF)
    [Anonymous Symbol]                       0x08005f6c   Section        0  bsp_uart.o(.rodata.USART_AF)
    USART_CLK                                0x08005f74   Data           4  bsp_uart.o(.rodata.USART_CLK)
    [Anonymous Symbol]                       0x08005f74   Section        0  bsp_uart.o(.rodata.USART_CLK)
    USART_GPIO_CLK                           0x08005f78   Data           4  bsp_uart.o(.rodata.USART_GPIO_CLK)
    [Anonymous Symbol]                       0x08005f78   Section        0  bsp_uart.o(.rodata.USART_GPIO_CLK)
    USART_GPIO_PORT                          0x08005f7c   Data           8  bsp_uart.o(.rodata.USART_GPIO_PORT)
    [Anonymous Symbol]                       0x08005f7c   Section        0  bsp_uart.o(.rodata.USART_GPIO_PORT)
    USART_ID                                 0x08005f84   Data           8  bsp_uart.o(.rodata.USART_ID)
    [Anonymous Symbol]                       0x08005f84   Section        0  bsp_uart.o(.rodata.USART_ID)
    USART_IRQ                                0x08005f8c   Data           2  bsp_uart.o(.rodata.USART_IRQ)
    [Anonymous Symbol]                       0x08005f8c   Section        0  bsp_uart.o(.rodata.USART_IRQ)
    USART_RX_PIN                             0x08005f90   Data           8  bsp_uart.o(.rodata.USART_RX_PIN)
    [Anonymous Symbol]                       0x08005f90   Section        0  bsp_uart.o(.rodata.USART_RX_PIN)
    USART_TX_PIN                             0x08005f98   Data           8  bsp_uart.o(.rodata.USART_TX_PIN)
    [Anonymous Symbol]                       0x08005f98   Section        0  bsp_uart.o(.rodata.USART_TX_PIN)
    _DoInit._aInitStr                        0x08005fa0   Data          17  segger_rtt.o(.rodata._DoInit._aInitStr)
    [Anonymous Symbol]                       0x08005fa0   Section        0  segger_rtt.o(.rodata._DoInit._aInitStr)
    _PrintUnsigned._aV2C                     0x08005fb1   Data          16  segger_rtt_printf.o(.rodata._PrintUnsigned._aV2C)
    [Anonymous Symbol]                       0x08005fb1   Section        0  segger_rtt_printf.o(.rodata._PrintUnsigned._aV2C)
    .L.str                                   0x08005fc1   Data          15  app_main.o(.rodata.str1.1)
    [Anonymous Symbol]                       0x08005fc1   Section        0  app_main.o(.rodata.str1.1)
    .L.str.2                                 0x08005fd0   Data          13  app_main.o(.rodata.str1.1)
    .L.str.1                                 0x08005fdd   Data          27  app_main.o(.rodata.str1.1)
    .L.str.2                                 0x08005ff8   Data          18  spq_function.o(.rodata.str1.1)
    [Anonymous Symbol]                       0x08005ff8   Section        0  spq_function.o(.rodata.str1.1)
    .L.str.1                                 0x0800600a   Data          19  spq_function.o(.rodata.str1.1)
    .L.str.2                                 0x0800601b   Data           2  spq_function.o(.rodata.str1.1)
    .L.str                                   0x0800601d   Data           6  spq_function.o(.rodata.str1.1)
    .L.str.1                                 0x0800601d   Data           6  spq_function.o(.rodata.str1.1)
    .L.str.3                                 0x08006023   Data          14  port_config.o(.rodata.str1.1)
    [Anonymous Symbol]                       0x08006023   Section        0  port_config.o(.rodata.str1.1)
    .L.str                                   0x08006031   Data          18  port_config.o(.rodata.str1.1)
    .L.str.4                                 0x08006043   Data          15  port_config.o(.rodata.str1.1)
    .L.str                                   0x08006052   Data           9  segger_rtt.o(.rodata.str1.1)
    [Anonymous Symbol]                       0x08006052   Section        0  segger_rtt.o(.rodata.str1.1)
    .L.str                                   0x0800605b   Data           7  segger_rtt_printf.o(.rodata.str1.1)
    [Anonymous Symbol]                       0x0800605b   Section        0  segger_rtt_printf.o(.rodata.str1.1)
    _acDownBuffer                            0x200000d4   Data          16  segger_rtt.o(.bss._acDownBuffer)
    [Anonymous Symbol]                       0x200000d4   Section        0  segger_rtt.o(.bss._acDownBuffer)
    _acUpBuffer                              0x200000e4   Data        1024  segger_rtt.o(.bss._acUpBuffer)
    [Anonymous Symbol]                       0x200000e4   Section        0  segger_rtt.o(.bss._acUpBuffer)
    on_update_program.data_buff              0x20000c8c   Data           4  pc_cmd_handle.o(.bss.on_update_program.data_buff)
    [Anonymous Symbol]                       0x20000c8c   Section        0  pc_cmd_handle.o(.bss.on_update_program.data_buff)
    on_update_program.data_len               0x20000c90   Data           1  pc_cmd_handle.o(.bss.on_update_program.data_len)
    [Anonymous Symbol]                       0x20000c90   Section        0  pc_cmd_handle.o(.bss.on_update_program.data_len)
    STACK                                    0x200010b8   Section     1024  startup_gd32l233xx.o(STACK)

    Global Symbols

    Symbol Name                              Value     Ov Type        Size  Object(Section)

    BuildAttributes$$THM_ISAv3M$S$8M$PE$A:L22$X:L11$S22$IEEE1$IW$~IW$USESV6$~STKCKD$USESV7$~SHL$OSPACE$EBA8$MICROLIB$REQ8$PRES8$EABIv2 0x00000000   Number         0  anon$$obj.o ABSOLUTE
    __cpp_initialize__aeabi_                  - Undefined Weak Reference
    __cxa_finalize                            - Undefined Weak Reference
    __decompress                              - Undefined Weak Reference
    _clock_init                               - Undefined Weak Reference
    _microlib_exit                            - Undefined Weak Reference
    __Vectors_Size                           0x00000154   Number         0  startup_gd32l233xx.o ABSOLUTE
    __Vectors                                0x08000000   Data           4  startup_gd32l233xx.o(RESET)
    __Vectors_End                            0x08000154   Data           0  startup_gd32l233xx.o(RESET)
    __main                                   0x08000155   Thumb Code     0  entry.o(.ARM.Collect$$$$00000000)
    _main_stk                                0x08000155   Thumb Code     0  entry2.o(.ARM.Collect$$$$00000001)
    _main_scatterload                        0x08000159   Thumb Code     0  entry5.o(.ARM.Collect$$$$00000004)
    __main_after_scatterload                 0x0800015d   Thumb Code     0  entry5.o(.ARM.Collect$$$$00000004)
    _main_clock                              0x0800015d   Thumb Code     0  entry7b.o(.ARM.Collect$$$$00000008)
    _main_cpp_init                           0x0800015d   Thumb Code     0  entry8b.o(.ARM.Collect$$$$0000000A)
    _main_init                               0x0800015d   Thumb Code     0  entry9a.o(.ARM.Collect$$$$0000000B)
    __rt_final_cpp                           0x08000165   Thumb Code     0  entry10a.o(.ARM.Collect$$$$0000000D)
    __rt_final_exit                          0x08000165   Thumb Code     0  entry11a.o(.ARM.Collect$$$$0000000F)
    Reset_Handler                            0x08000169   Thumb Code     8  startup_gd32l233xx.o(.text)
    NMI_Handler                              0x08000171   Thumb Code     2  startup_gd32l233xx.o(.text)
    HardFault_Handler                        0x08000173   Thumb Code     2  startup_gd32l233xx.o(.text)
    SVC_Handler                              0x08000175   Thumb Code     2  startup_gd32l233xx.o(.text)
    PendSV_Handler                           0x08000177   Thumb Code     2  startup_gd32l233xx.o(.text)
    SysTick_Handler                          0x08000179   Thumb Code     2  startup_gd32l233xx.o(.text)
    ADC_IRQHandler                           0x0800017b   Thumb Code     0  startup_gd32l233xx.o(.text)
    CAU_IRQHandler                           0x0800017b   Thumb Code     0  startup_gd32l233xx.o(.text)
    CMP0_IRQHandler                          0x0800017b   Thumb Code     0  startup_gd32l233xx.o(.text)
    CMP1_IRQHandler                          0x0800017b   Thumb Code     0  startup_gd32l233xx.o(.text)
    DAC_IRQHandler                           0x0800017b   Thumb Code     0  startup_gd32l233xx.o(.text)
    DMAMUX_IRQHandler                        0x0800017b   Thumb Code     0  startup_gd32l233xx.o(.text)
    DMA_Channel0_IRQHandler                  0x0800017b   Thumb Code     0  startup_gd32l233xx.o(.text)
    DMA_Channel1_IRQHandler                  0x0800017b   Thumb Code     0  startup_gd32l233xx.o(.text)
    DMA_Channel2_IRQHandler                  0x0800017b   Thumb Code     0  startup_gd32l233xx.o(.text)
    DMA_Channel3_IRQHandler                  0x0800017b   Thumb Code     0  startup_gd32l233xx.o(.text)
    DMA_Channel4_IRQHandler                  0x0800017b   Thumb Code     0  startup_gd32l233xx.o(.text)
    DMA_Channel5_IRQHandler                  0x0800017b   Thumb Code     0  startup_gd32l233xx.o(.text)
    DMA_Channel6_IRQHandler                  0x0800017b   Thumb Code     0  startup_gd32l233xx.o(.text)
    EXTI0_IRQHandler                         0x0800017b   Thumb Code     0  startup_gd32l233xx.o(.text)
    EXTI1_IRQHandler                         0x0800017b   Thumb Code     0  startup_gd32l233xx.o(.text)
    EXTI2_IRQHandler                         0x0800017b   Thumb Code     0  startup_gd32l233xx.o(.text)
    EXTI3_IRQHandler                         0x0800017b   Thumb Code     0  startup_gd32l233xx.o(.text)
    EXTI4_IRQHandler                         0x0800017b   Thumb Code     0  startup_gd32l233xx.o(.text)
    EXTI5_9_IRQHandler                       0x0800017b   Thumb Code     0  startup_gd32l233xx.o(.text)
    FMC_IRQHandler                           0x0800017b   Thumb Code     0  startup_gd32l233xx.o(.text)
    I2C0_ER_IRQHandler                       0x0800017b   Thumb Code     0  startup_gd32l233xx.o(.text)
    I2C0_EV_IRQHandler                       0x0800017b   Thumb Code     0  startup_gd32l233xx.o(.text)
    I2C0_WKUP_IRQHandler                     0x0800017b   Thumb Code     0  startup_gd32l233xx.o(.text)
    I2C1_ER_IRQHandler                       0x0800017b   Thumb Code     0  startup_gd32l233xx.o(.text)
    I2C1_EV_IRQHandler                       0x0800017b   Thumb Code     0  startup_gd32l233xx.o(.text)
    I2C1_WKUP_IRQHandler                     0x0800017b   Thumb Code     0  startup_gd32l233xx.o(.text)
    I2C2_ER_IRQHandler                       0x0800017b   Thumb Code     0  startup_gd32l233xx.o(.text)
    I2C2_EV_IRQHandler                       0x0800017b   Thumb Code     0  startup_gd32l233xx.o(.text)
    I2C2_WKUP_IRQHandler                     0x0800017b   Thumb Code     0  startup_gd32l233xx.o(.text)
    LPTIMER_IRQHandler                       0x0800017b   Thumb Code     0  startup_gd32l233xx.o(.text)
    LPUART_IRQHandler                        0x0800017b   Thumb Code     0  startup_gd32l233xx.o(.text)
    LPUART_WKUP_IRQHandler                   0x0800017b   Thumb Code     0  startup_gd32l233xx.o(.text)
    LVD_IRQHandler                           0x0800017b   Thumb Code     0  startup_gd32l233xx.o(.text)
    RCU_CTC_IRQHandler                       0x0800017b   Thumb Code     0  startup_gd32l233xx.o(.text)
    RTC_Alarm_IRQHandler                     0x0800017b   Thumb Code     0  startup_gd32l233xx.o(.text)
    RTC_WKUP_IRQHandler                      0x0800017b   Thumb Code     0  startup_gd32l233xx.o(.text)
    SLCD_IRQHandler                          0x0800017b   Thumb Code     0  startup_gd32l233xx.o(.text)
    SPI0_IRQHandler                          0x0800017b   Thumb Code     0  startup_gd32l233xx.o(.text)
    SPI1_IRQHandler                          0x0800017b   Thumb Code     0  startup_gd32l233xx.o(.text)
    TAMPER_STAMP_IRQHandler                  0x0800017b   Thumb Code     0  startup_gd32l233xx.o(.text)
    TIMER11_IRQHandler                       0x0800017b   Thumb Code     0  startup_gd32l233xx.o(.text)
    TIMER1_IRQHandler                        0x0800017b   Thumb Code     0  startup_gd32l233xx.o(.text)
    TIMER2_IRQHandler                        0x0800017b   Thumb Code     0  startup_gd32l233xx.o(.text)
    TIMER8_IRQHandler                        0x0800017b   Thumb Code     0  startup_gd32l233xx.o(.text)
    TRNG_IRQHandler                          0x0800017b   Thumb Code     0  startup_gd32l233xx.o(.text)
    UART3_IRQHandler                         0x0800017b   Thumb Code     0  startup_gd32l233xx.o(.text)
    USART0_WKUP_IRQHandler                   0x0800017b   Thumb Code     0  startup_gd32l233xx.o(.text)
    USART1_IRQHandler                        0x0800017b   Thumb Code     0  startup_gd32l233xx.o(.text)
    USART1_WKUP_IRQHandler                   0x0800017b   Thumb Code     0  startup_gd32l233xx.o(.text)
    USBD_HP_IRQHandler                       0x0800017b   Thumb Code     0  startup_gd32l233xx.o(.text)
    USBD_LP_IRQHandler                       0x0800017b   Thumb Code     0  startup_gd32l233xx.o(.text)
    USBD_WKUP_IRQHandler                     0x0800017b   Thumb Code     0  startup_gd32l233xx.o(.text)
    WWDGT_IRQHandler                         0x0800017b   Thumb Code     0  startup_gd32l233xx.o(.text)
    __aeabi_memcpy                           0x08000185   Thumb Code    36  memcpya.o(.text)
    __aeabi_memcpy4                          0x08000185   Thumb Code     0  memcpya.o(.text)
    __aeabi_memcpy8                          0x08000185   Thumb Code     0  memcpya.o(.text)
    __aeabi_memset                           0x080001a9   Thumb Code    14  memseta.o(.text)
    __aeabi_memset4                          0x080001a9   Thumb Code     0  memseta.o(.text)
    __aeabi_memset8                          0x080001a9   Thumb Code     0  memseta.o(.text)
    __aeabi_memclr                           0x080001b7   Thumb Code     4  memseta.o(.text)
    __aeabi_memclr4                          0x080001b7   Thumb Code     0  memseta.o(.text)
    __aeabi_memclr8                          0x080001b7   Thumb Code     0  memseta.o(.text)
    _memset$wrapper                          0x080001bb   Thumb Code    18  memseta.o(.text)
    __scatterload                            0x080001cd   Thumb Code    38  init.o(.text)
    __scatterload_rt2                        0x080001cd   Thumb Code     0  init.o(.text)
    EXTI10_15_IRQHandler                     0x080001fd   Thumb Code    66  bsp_port.o(.text.EXTI10_15_IRQHandler)
    SEGGER_RTT_Init                          0x0800026d   Thumb Code     8  segger_rtt.o(.text.SEGGER_RTT_Init)
    SEGGER_RTT_Write                         0x08000275   Thumb Code    76  segger_rtt.o(.text.SEGGER_RTT_Write)
    SEGGER_RTT_WriteNoLock                   0x080002c1   Thumb Code   174  segger_rtt.o(.text.SEGGER_RTT_WriteNoLock)
    SEGGER_RTT_vprintf                       0x08000371   Thumb Code   916  segger_rtt_printf.o(.text.SEGGER_RTT_vprintf)
    S_QueueDataIn                            0x08000705   Thumb Code   186  queque.o(.text.S_QueueDataIn)
    S_QueueDataLen                           0x080007bf   Thumb Code    90  queque.o(.text.S_QueueDataLen)
    S_QueueDataOut                           0x08000819   Thumb Code   122  queque.o(.text.S_QueueDataOut)
    S_QueueEmpty                             0x08000893   Thumb Code    24  queque.o(.text.S_QueueEmpty)
    SystemInit                               0x080008ab   Thumb Code   336  system_gd32l23x.o(.text.SystemInit)
    TIMER5_IRQHandler                        0x080009fb   Thumb Code    78  bsp_timer.o(.text.TIMER5_IRQHandler)
    TIMER6_IRQHandler                        0x08000a49   Thumb Code    78  bsp_timer.o(.text.TIMER6_IRQHandler)
    UART4_IRQHandler                         0x08000a97   Thumb Code    82  bsp_uart.o(.text.UART4_IRQHandler)
    USART0_IRQHandler                        0x08000ae9   Thumb Code    82  bsp_uart.o(.text.USART0_IRQHandler)
    bsp_exti_init                            0x08001353   Thumb Code   174  bsp_port.o(.text.bsp_exti_init)
    bsp_get_port_value                       0x08001401   Thumb Code    42  bsp_port.o(.text.bsp_get_port_value)
    bsp_get_uart_rx_io_status                0x0800142b   Thumb Code    42  bsp_uart.o(.text.bsp_get_uart_rx_io_status)
    bsp_port_init                            0x08001455   Thumb Code   114  bsp_port.o(.text.bsp_port_init)
    bsp_port_set                             0x080014c7   Thumb Code    86  bsp_port.o(.text.bsp_port_set)
    bsp_port_toggle                          0x0800151d   Thumb Code    42  bsp_port.o(.text.bsp_port_toggle)
    bsp_timer_init                           0x08001547   Thumb Code   192  bsp_timer.o(.text.bsp_timer_init)
    bsp_uart_init                            0x08001607   Thumb Code   396  bsp_uart.o(.text.bsp_uart_init)
    bsp_usart_send_byte                      0x08001793   Thumb Code    72  bsp_uart.o(.text.bsp_usart_send_byte)
    check_update                             0x080017db   Thumb Code    54  iap.o(.text.check_update)
    clear_reset_flag                         0x08001811   Thumb Code     8  bsp_cpu.o(.text.clear_reset_flag)
    delay_ms                                 0x08001839   Thumb Code    70  port_config.o(.text.delay_ms)
    do_nothing                               0x0800187f   Thumb Code     2  pc_cmd_handle.o(.text.do_nothing)
    duanlu_exti_handler                      0x08001881   Thumb Code    12  app_main.o(.text.duanlu_exti_handler)
    enter_critical_section                   0x0800188d   Thumb Code    16  bsp_cpu.o(.text.enter_critical_section)
    enter_low_power                          0x0800189d   Thumb Code    14  bsp_cpu.o(.text.enter_low_power)
    exit_critical_section                    0x080018ab   Thumb Code    16  bsp_cpu.o(.text.exit_critical_section)
    exit_low_power                           0x080018bb   Thumb Code    24  bsp_cpu.o(.text.exit_low_power)
    exti_init                                0x080018d5   Thumb Code   278  gd32l23x_exti.o(.text.exti_init)
    exti_interrupt_flag_clear                0x080019eb   Thumb Code    20  gd32l23x_exti.o(.text.exti_interrupt_flag_clear)
    exti_interrupt_flag_get                  0x080019ff   Thumb Code    46  gd32l23x_exti.o(.text.exti_interrupt_flag_get)
    exti_register_callback                   0x08001a2d   Thumb Code    52  bsp_port.o(.text.exti_register_callback)
    fmc_contiune_write                       0x08001a61   Thumb Code   110  port_config.o(.text.fmc_contiune_write)
    fmc_erase_pages                          0x08001acf   Thumb Code   126  bsp_flash.o(.text.fmc_erase_pages)
    fmc_flag_clear                           0x08001b4d   Thumb Code    36  gd32l23x_fmc.o(.text.fmc_flag_clear)
    fmc_lock                                 0x08001b95   Thumb Code    18  gd32l23x_fmc.o(.text.fmc_lock)
    fmc_page_erase                           0x08001ba7   Thumb Code    98  gd32l23x_fmc.o(.text.fmc_page_erase)
    fmc_unlock                               0x08001cfb   Thumb Code    50  gd32l23x_fmc.o(.text.fmc_unlock)
    fmc_word_program                         0x08001d2d   Thumb Code    84  gd32l23x_fmc.o(.text.fmc_word_program)
    fmc_write_word                           0x08001d81   Thumb Code   116  bsp_flash.o(.text.fmc_write_word)
    get_key_handler                          0x0800218d   Thumb Code    42  key_cmd_handle.o(.text.get_key_handler)
    get_package_data                         0x080021b7   Thumb Code   210  spq_function.o(.text.get_package_data)
    get_package_direction                    0x08002289   Thumb Code   142  spq_function.o(.text.get_package_direction)
    gpio_af_set                              0x0800235f   Thumb Code   192  gd32l23x_gpio.o(.text.gpio_af_set)
    gpio_bit_reset                           0x0800241f   Thumb Code    16  gd32l23x_gpio.o(.text.gpio_bit_reset)
    gpio_bit_set                             0x0800242f   Thumb Code    16  gd32l23x_gpio.o(.text.gpio_bit_set)
    gpio_bit_toggle                          0x0800243f   Thumb Code    16  gd32l23x_gpio.o(.text.gpio_bit_toggle)
    gpio_input_bit_get                       0x0800244f   Thumb Code    42  gd32l23x_gpio.o(.text.gpio_input_bit_get)
    gpio_mode_set                            0x08002479   Thumb Code   142  gd32l23x_gpio.o(.text.gpio_mode_set)
    gpio_output_options_set                  0x08002507   Thumb Code   138  gd32l23x_gpio.o(.text.gpio_output_options_set)
    handle_duanlu                            0x08002591   Thumb Code    74  spq_function.o(.text.handle_duanlu)
    handle_key_data                          0x080025dd   Thumb Code  1144  spq_function.o(.text.handle_key_data)
    handle_key_state                         0x08002a55   Thumb Code  1820  spq_function.o(.text.handle_key_state)
    handle_led_state                         0x08003171   Thumb Code   564  spq_function.o(.text.handle_led_state)
    handle_pc_data                           0x080033a5   Thumb Code  1174  spq_function.o(.text.handle_pc_data)
    init_args                                0x0800383b   Thumb Code    44  spq_function.o(.text.init_args)
    jump_bootloader                          0x08003867   Thumb Code    92  iap.o(.text.jump_bootloader)
    key_state_timer_handler                  0x080038f3   Thumb Code    12  app_main.o(.text.key_state_timer_handler)
    led_state_timer_handler                  0x080038ff   Thumb Code    12  app_main.o(.text.led_state_timer_handler)
    main                                     0x0800390b   Thumb Code   348  app_main.o(.text.main)
    mcu_software_reset                       0x08003a67   Thumb Code    16  bsp_cpu.o(.text.mcu_software_reset)
    nvic_irq_enable                          0x08003a77   Thumb Code    44  gd32l23x_misc.o(.text.nvic_irq_enable)
    nvic_vector_table_set                    0x08003aa3   Thumb Code    40  gd32l23x_misc.o(.text.nvic_vector_table_set)
    on_get_device_info                       0x08003acb   Thumb Code   148  pc_cmd_handle.o(.text.on_get_device_info)
    on_get_key_state                         0x08003b5f   Thumb Code   234  pc_cmd_handle.o(.text.on_get_key_state)
    on_key_response_package                  0x08003c49   Thumb Code   132  key_cmd_handle.o(.text.on_key_response_package)
    on_key_response_state                    0x08003ccd   Thumb Code   190  key_cmd_handle.o(.text.on_key_response_state)
    on_kiss_adapter_id                       0x08003d8b   Thumb Code   382  pc_cmd_handle.o(.text.on_kiss_adapter_id)
    on_other_command                         0x08003f09   Thumb Code   292  pc_cmd_handle.o(.text.on_other_command)
    on_reset_adapter_id                      0x0800402d   Thumb Code    68  pc_cmd_handle.o(.text.on_reset_adapter_id)
    on_set_adapter_address                   0x08004071   Thumb Code   256  pc_cmd_handle.o(.text.on_set_adapter_address)
    on_set_key_address                       0x08004171   Thumb Code   160  pc_cmd_handle.o(.text.on_set_key_address)
    on_set_key_id                            0x08004211   Thumb Code   108  pc_cmd_handle.o(.text.on_set_key_id)
    on_set_mode                              0x0800427d   Thumb Code    80  pc_cmd_handle.o(.text.on_set_mode)
    on_sync_end                              0x080042cd   Thumb Code    96  pc_cmd_handle.o(.text.on_sync_end)
    on_update_command                        0x0800432d   Thumb Code   360  pc_cmd_handle.o(.text.on_update_command)
    on_update_interrupt_table                0x08004495   Thumb Code   250  pc_cmd_handle.o(.text.on_update_interrupt_table)
    on_update_program                        0x0800458f   Thumb Code   868  pc_cmd_handle.o(.text.on_update_program)
    pmu_to_sleepmode                         0x08004923   Thumb Code   100  gd32l23x_pmu.o(.text.pmu_to_sleepmode)
    print_log                                0x08004987   Thumb Code    40  bsp_log.o(.text.print_log)
    rcu_all_reset_flag_clear                 0x08004a11   Thumb Code    20  gd32l23x_rcu.o(.text.rcu_all_reset_flag_clear)
    rcu_clock_freq_get                       0x08004a25   Thumb Code  2154  gd32l23x_rcu.o(.text.rcu_clock_freq_get)
    rcu_flag_get                             0x0800528f   Thumb Code    58  gd32l23x_rcu.o(.text.rcu_flag_get)
    rcu_periph_clock_enable                  0x080052c9   Thumb Code    40  gd32l23x_rcu.o(.text.rcu_periph_clock_enable)
    rcu_periph_reset_disable                 0x080052f1   Thumb Code    40  gd32l23x_rcu.o(.text.rcu_periph_reset_disable)
    rcu_periph_reset_enable                  0x08005319   Thumb Code    40  gd32l23x_rcu.o(.text.rcu_periph_reset_enable)
    reg_handler                              0x08005341   Thumb Code   336  spq_function.o(.text.reg_handler)
    segger_rtt_init                          0x08005491   Thumb Code    20  bsp_log.o(.text.segger_rtt_init)
    send_ack_from_package                    0x080054a5   Thumb Code    86  spq_function.o(.text.send_ack_from_package)
    send_nack_from_package                   0x080054fb   Thumb Code    88  spq_function.o(.text.send_nack_from_package)
    send_to_key                              0x08005553   Thumb Code   130  port_config.o(.text.send_to_key)
    send_to_pc                               0x080055d5   Thumb Code   130  port_config.o(.text.send_to_pc)
    syscfg_exti_line_config                  0x08005659   Thumb Code   186  gd32l23x_syscfg.o(.text.syscfg_exti_line_config)
    timer_auto_reload_shadow_enable          0x0800585d   Thumb Code    18  gd32l23x_timer.o(.text.timer_auto_reload_shadow_enable)
    timer_deinit                             0x0800586f   Thumb Code   214  gd32l23x_timer.o(.text.timer_deinit)
    timer_enable                             0x08005945   Thumb Code    18  gd32l23x_timer.o(.text.timer_enable)
    timer_init                               0x08005957   Thumb Code   162  gd32l23x_timer.o(.text.timer_init)
    timer_interrupt_enable                   0x080059f9   Thumb Code    20  gd32l23x_timer.o(.text.timer_interrupt_enable)
    timer_interrupt_flag_clear               0x08005a0d   Thumb Code    18  gd32l23x_timer.o(.text.timer_interrupt_flag_clear)
    timer_interrupt_flag_get                 0x08005a1f   Thumb Code    58  gd32l23x_timer.o(.text.timer_interrupt_flag_get)
    timer_register_callback                  0x08005a59   Thumb Code    52  bsp_timer.o(.text.timer_register_callback)
    timer_struct_para_init                   0x08005a8d   Thumb Code    34  gd32l23x_timer.o(.text.timer_struct_para_init)
    uart_register_callback                   0x08005aaf   Thumb Code    52  bsp_uart.o(.text.uart_register_callback)
    uart_send                                0x08005ae3   Thumb Code   134  port_config.o(.text.uart_send)
    usart_baudrate_set                       0x08005b69   Thumb Code   240  gd32l23x_usart.o(.text.usart_baudrate_set)
    usart_data_receive                       0x08005c59   Thumb Code    18  gd32l23x_usart.o(.text.usart_data_receive)
    usart_data_transmit                      0x08005c6b   Thumb Code    24  gd32l23x_usart.o(.text.usart_data_transmit)
    usart_deinit                             0x08005c83   Thumb Code   150  gd32l23x_usart.o(.text.usart_deinit)
    usart_enable                             0x08005d19   Thumb Code    18  gd32l23x_usart.o(.text.usart_enable)
    usart_flag_get                           0x08005d2b   Thumb Code    60  gd32l23x_usart.o(.text.usart_flag_get)
    usart_interrupt_disable                  0x08005d67   Thumb Code    34  gd32l23x_usart.o(.text.usart_interrupt_disable)
    usart_interrupt_enable                   0x08005d89   Thumb Code    34  gd32l23x_usart.o(.text.usart_interrupt_enable)
    usart_interrupt_flag_get                 0x08005dab   Thumb Code    98  gd32l23x_usart.o(.text.usart_interrupt_flag_get)
    usart_parity_config                      0x08005e0d   Thumb Code    46  gd32l23x_usart.o(.text.usart_parity_config)
    usart_receive_config                     0x08005e3b   Thumb Code    30  gd32l23x_usart.o(.text.usart_receive_config)
    usart_stop_bit_set                       0x08005e59   Thumb Code    46  gd32l23x_usart.o(.text.usart_stop_bit_set)
    usart_transmit_config                    0x08005e87   Thumb Code    30  gd32l23x_usart.o(.text.usart_transmit_config)
    usart_word_length_set                    0x08005ea5   Thumb Code    46  gd32l23x_usart.o(.text.usart_word_length_set)
    __scatterload_copy                       0x08005ed3   Thumb Code    14  handlers.o(i.__scatterload_copy)
    __scatterload_null                       0x08005ee1   Thumb Code     2  handlers.o(i.__scatterload_null)
    __scatterload_zeroinit                   0x08005ee3   Thumb Code    14  handlers.o(i.__scatterload_zeroinit)
    Region$$Table$$Base                      0x08006064   Number         0  anon$$obj.o(Region$$Table)
    Region$$Table$$Limit                     0x08006084   Number         0  anon$$obj.o(Region$$Table)
    g_blink                                  0x20000000   Data           2  spq_function.o(.data.g_blink)
    g_disable_charging_time                  0x20000002   Data           2  spq_function.o(.data.g_disable_charging_time)
    g_key_address                            0x20000004   Data           2  spq_function.o(.data.g_key_address)
    g_key_id                                 0x20000008   Data           4  spq_function.o(.data.g_key_id)
    g_key_state_data                         0x2000000c   Data          21  spq_function.o(.data.g_key_state_data)
    g_on_new_state                           0x20000022   Data           2  spq_function.o(.data.g_on_new_state)
    g_update_index                           0x20000024   Data           2  spq_function.o(.data.g_update_index)
    send_delay_from_uart1                    0x20000026   Data           2  spq_function.o(.data.send_delay_from_uart1)
    RxData0                                  0x20000028   Data           1  spq_function.o(.bss.RxData0)
    RxData1                                  0x20000029   Data           1  spq_function.o(.bss.RxData1)
    _SEGGER_RTT                              0x2000002c   Data         168  segger_rtt.o(.bss._SEGGER_RTT)
    dataIndex0                               0x200004e4   Data           2  spq_function.o(.bss.dataIndex0)
    dataIndex1                               0x200004e6   Data           2  spq_function.o(.bss.dataIndex1)
    dataLen0                                 0x200004e8   Data           4  spq_function.o(.bss.dataLen0)
    dataLen1                                 0x200004ec   Data           4  spq_function.o(.bss.dataLen1)
    exti_handlers                            0x200004f0   Data           4  bsp_port.o(.bss.exti_handlers)
    g_buf                                    0x200004f4   Data         256  spq_function.o(.bss.g_buf)
    g_check_key_flag                         0x200005f4   Data           2  spq_function.o(.bss.g_check_key_flag)
    g_checking_key_state                     0x200005f6   Data           2  spq_function.o(.bss.g_checking_key_state)
    g_comm_port_error                        0x200005f8   Data           2  spq_function.o(.bss.g_comm_port_error)
    g_current_package_index                  0x200005fa   Data           2  spq_function.o(.bss.g_current_package_index)
    g_default_pc_handler                     0x200005fc   Data           4  spq_function.o(.bss.g_default_pc_handler)
    g_key_charge_state                       0x20000600   Data           2  spq_function.o(.bss.g_key_charge_state)
    g_key_flags                              0x20000602   Data           1  spq_function.o(.bss.g_key_flags)
    g_key_sync                               0x20000604   Data           2  spq_function.o(.bss.g_key_sync)
    g_last_checking_time                     0x20000606   Data           8  spq_function.o(.bss.g_last_checking_time)
    g_last_time                              0x2000060e   Data           8  spq_function.o(.bss.g_last_time)
    g_mode                                   0x20000616   Data           2  spq_function.o(.bss.g_mode)
    g_now_time                               0x20000618   Data           8  spq_function.o(.bss.g_now_time)
    g_p35_high_count                         0x20000620   Data           2  spq_function.o(.bss.g_p35_high_count)
    g_p_new_uart0                            0x20000622   Data           2  spq_function.o(.bss.g_p_new_uart0)
    g_p_new_uart1                            0x20000624   Data           2  spq_function.o(.bss.g_p_new_uart1)
    g_p_old_uart0                            0x20000626   Data           2  spq_function.o(.bss.g_p_old_uart0)
    g_p_old_uart1                            0x20000628   Data           2  spq_function.o(.bss.g_p_old_uart1)
    g_package                                0x2000062c   Data          16  spq_function.o(.bss.g_package)
    g_pc_handler                             0x2000063c   Data        1024  spq_function.o(.bss.g_pc_handler)
    g_port1_error                            0x20000a3c   Data           2  spq_function.o(.bss.g_port1_error)
    g_query_charge_timeout                   0x20000a3e   Data           2  spq_function.o(.bss.g_query_charge_timeout)
    g_query_key_timeout                      0x20000a40   Data           2  spq_function.o(.bss.g_query_key_timeout)
    g_recv_key_state                         0x20000a42   Data           2  spq_function.o(.bss.g_recv_key_state)
    g_recv_key_time                          0x20000a44   Data           8  spq_function.o(.bss.g_recv_key_time)
    g_recv_task_flag                         0x20000a4c   Data           2  spq_function.o(.bss.g_recv_task_flag)
    g_temp_char                              0x20000a4e   Data           1  spq_function.o(.bss.g_temp_char)
    g_temp_uchar                             0x20000a4f   Data           1  spq_function.o(.bss.g_temp_uchar)
    g_temp_uint                              0x20000a50   Data           2  spq_function.o(.bss.g_temp_uint)
    g_timerA_tick                            0x20000a52   Data           2  spq_function.o(.bss.g_timerA_tick)
    g_timerB_tick                            0x20000a54   Data           2  spq_function.o(.bss.g_timerB_tick)
    g_uart_data_flags                        0x20000a56   Data           2  spq_function.o(.bss.g_uart_data_flags)
    g_uart_package0                          0x20000a58   Data          16  spq_function.o(.bss.g_uart_package0)
    g_uart_package1                          0x20000a68   Data          16  spq_function.o(.bss.g_uart_package1)
    g_update_step                            0x20000a78   Data           2  spq_function.o(.bss.g_update_step)
    gc_check_full_count                      0x20000a7a   Data           2  spq_function.o(.bss.gc_check_full_count)
    gc_query_key_count                       0x20000a7c   Data           2  spq_function.o(.bss.gc_query_key_count)
    headerFlag0                              0x20000a7e   Data           1  spq_function.o(.bss.headerFlag0)
    headerFlag1                              0x20000a7f   Data           1  spq_function.o(.bss.headerFlag1)
    keyBuf                                   0x20000a80   Data         524  app_main.o(.bss.keyBuf)
    pcBuf                                    0x20000c94   Data         524  app_main.o(.bss.pcBuf)
    sum0                                     0x20000ea0   Data           2  spq_function.o(.bss.sum0)
    sum1                                     0x20000ea2   Data           2  spq_function.o(.bss.sum1)
    tempUartUint0                            0x20000ea4   Data           2  spq_function.o(.bss.tempUartUint0)
    tempUartUint1                            0x20000ea6   Data           2  spq_function.o(.bss.tempUartUint1)
    timer_handlers                           0x20000ea8   Data           8  bsp_timer.o(.bss.timer_handlers)
    uartData0                                0x20000eb0   Data         256  spq_function.o(.bss.uartData0)
    uartData1                                0x20000fb0   Data         256  spq_function.o(.bss.uartData1)
    usart_handlers                           0x200010b0   Data           8  bsp_uart.o(.bss.usart_handlers)
    __initial_sp                             0x200014b8   Data           0  startup_gd32l233xx.o(STACK)



==============================================================================

Memory Map of the image

  Image Entry point : 0x08000155

  Load Region LR_IROM1 (Base: 0x08000000, Size: 0x000060b0, Max: 0x00010000, ABSOLUTE)

    Execution Region ER_IROM1 (Exec base: 0x08000000, Load base: 0x08000000, Size: 0x00006084, Max: 0x00010000, ABSOLUTE)

    Exec Addr    Load Addr    Size         Type   Attr      Idx    E Section Name        Object

    0x08000000   0x08000000   0x00000154   Data   RO         1064    RESET               startup_gd32l233xx.o
    0x08000154   0x08000154   0x00000000   Code   RO         1543  * .ARM.Collect$$$$00000000  mc_p.l(entry.o)
    0x08000154   0x08000154   0x00000004   Code   RO         1554    .ARM.Collect$$$$00000001  mc_p.l(entry2.o)
    0x08000158   0x08000158   0x00000004   Code   RO         1557    .ARM.Collect$$$$00000004  mc_p.l(entry5.o)
    0x0800015c   0x0800015c   0x00000000   Code   RO         1559    .ARM.Collect$$$$00000008  mc_p.l(entry7b.o)
    0x0800015c   0x0800015c   0x00000000   Code   RO         1561    .ARM.Collect$$$$0000000A  mc_p.l(entry8b.o)
    0x0800015c   0x0800015c   0x00000008   Code   RO         1562    .ARM.Collect$$$$0000000B  mc_p.l(entry9a.o)
    0x08000164   0x08000164   0x00000000   Code   RO         1564    .ARM.Collect$$$$0000000D  mc_p.l(entry10a.o)
    0x08000164   0x08000164   0x00000000   Code   RO         1566    .ARM.Collect$$$$0000000F  mc_p.l(entry11a.o)
    0x08000164   0x08000164   0x00000004   Code   RO         1555    .ARM.Collect$$$$00002712  mc_p.l(entry2.o)
    0x08000168   0x08000168   0x0000001c   Code   RO         1065    .text               startup_gd32l233xx.o
    0x08000184   0x08000184   0x00000024   Code   RO         1546    .text               mc_p.l(memcpya.o)
    0x080001a8   0x080001a8   0x00000024   Code   RO         1548    .text               mc_p.l(memseta.o)
    0x080001cc   0x080001cc   0x00000030   Code   RO         1568    .text               mc_p.l(init.o)
    0x080001fc   0x080001fc   0x00000042   Code   RO         1180    .text.EXTI10_15_IRQHandler  bsp_port.o
    0x0800023e   0x0800023e   0x0000002e   Code   RO         1264    .text.OPEN_FMQ      spq_function.o
    0x0800026c   0x0800026c   0x00000008   Code   RO         1484    .text.SEGGER_RTT_Init  segger_rtt.o
    0x08000274   0x08000274   0x0000004c   Code   RO         1448    .text.SEGGER_RTT_Write  segger_rtt.o
    0x080002c0   0x080002c0   0x000000ae   Code   RO         1444    .text.SEGGER_RTT_WriteNoLock  segger_rtt.o
    0x0800036e   0x0800036e   0x00000002   PAD
    0x08000370   0x08000370   0x00000394   Code   RO         1510    .text.SEGGER_RTT_vprintf  segger_rtt_printf.o
    0x08000704   0x08000704   0x000000ba   Code   RO         1409    .text.S_QueueDataIn  queque.o
    0x080007be   0x080007be   0x0000005a   Code   RO         1413    .text.S_QueueDataLen  queque.o
    0x08000818   0x08000818   0x0000007a   Code   RO         1411    .text.S_QueueDataOut  queque.o
    0x08000892   0x08000892   0x00000018   Code   RO         1407    .text.S_QueueEmpty  queque.o
    0x080008aa   0x080008aa   0x00000150   Code   RO           27    .text.SystemInit    system_gd32l23x.o
    0x080009fa   0x080009fa   0x0000004e   Code   RO         1138    .text.TIMER5_IRQHandler  bsp_timer.o
    0x08000a48   0x08000a48   0x0000004e   Code   RO         1140    .text.TIMER6_IRQHandler  bsp_timer.o
    0x08000a96   0x08000a96   0x00000052   Code   RO         1116    .text.UART4_IRQHandler  bsp_uart.o
    0x08000ae8   0x08000ae8   0x00000052   Code   RO         1114    .text.USART0_IRQHandler  bsp_uart.o
    0x08000b3a   0x08000b3a   0x000000a4   Code   RO         1424    .text._DoInit       segger_rtt.o
    0x08000bde   0x08000bde   0x0000003e   Code   RO         1438    .text._GetAvailWriteSpace  segger_rtt.o
    0x08000c1c   0x08000c1c   0x000001cc   Code   RO         1514    .text._PrintInt     segger_rtt_printf.o
    0x08000de8   0x08000de8   0x000001b6   Code   RO         1516    .text._PrintUnsigned  segger_rtt_printf.o
    0x08000f9e   0x08000f9e   0x00000074   Code   RO         1512    .text._StoreChar    segger_rtt_printf.o
    0x08001012   0x08001012   0x000000e4   Code   RO         1442    .text._WriteBlocking  segger_rtt.o
    0x080010f6   0x080010f6   0x0000008c   Code   RO         1440    .text._WriteNoCheck  segger_rtt.o
    0x08001182   0x08001182   0x00000036   Code   RO          280    .text.__NVIC_EnableIRQ  gd32l23x_misc.o
    0x080011b8   0x080011b8   0x00000088   Code   RO          278    .text.__NVIC_SetPriority  gd32l23x_misc.o
    0x08001240   0x08001240   0x00000020   Code   RO         1206    .text.__NVIC_SystemReset  bsp_cpu.o
    0x08001260   0x08001260   0x00000026   Code   RO           29    .text._soft_delay_  system_gd32l23x.o
    0x08001286   0x08001286   0x000000cc   Code   RO            4    .text.bsp_config    app_main.o
    0x08001352   0x08001352   0x000000ae   Code   RO         1176    .text.bsp_exti_init  bsp_port.o
    0x08001400   0x08001400   0x0000002a   Code   RO         1174    .text.bsp_get_port_value  bsp_port.o
    0x0800142a   0x0800142a   0x0000002a   Code   RO         1110    .text.bsp_get_uart_rx_io_status  bsp_uart.o
    0x08001454   0x08001454   0x00000072   Code   RO         1168    .text.bsp_port_init  bsp_port.o
    0x080014c6   0x080014c6   0x00000056   Code   RO         1170    .text.bsp_port_set  bsp_port.o
    0x0800151c   0x0800151c   0x0000002a   Code   RO         1172    .text.bsp_port_toggle  bsp_port.o
    0x08001546   0x08001546   0x000000c0   Code   RO         1134    .text.bsp_timer_init  bsp_timer.o
    0x08001606   0x08001606   0x0000018c   Code   RO         1106    .text.bsp_uart_init  bsp_uart.o
    0x08001792   0x08001792   0x00000048   Code   RO         1108    .text.bsp_usart_send_byte  bsp_uart.o
    0x080017da   0x080017da   0x00000036   Code   RO         1529    .text.check_update  iap.o
    0x08001810   0x08001810   0x00000008   Code   RO         1208    .text.clear_reset_flag  bsp_cpu.o
    0x08001818   0x08001818   0x00000020   Code   RO         1256    .text.delay_2_5us_optimized  spq_function.o
    0x08001838   0x08001838   0x00000046   Code   RO         1393    .text.delay_ms      port_config.o
    0x0800187e   0x0800187e   0x00000002   Code   RO         1365    .text.do_nothing    pc_cmd_handle.o
    0x08001880   0x08001880   0x0000000c   Code   RO           10    .text.duanlu_exti_handler  app_main.o
    0x0800188c   0x0800188c   0x00000010   Code   RO         1210    .text.enter_critical_section  bsp_cpu.o
    0x0800189c   0x0800189c   0x0000000e   Code   RO         1200    .text.enter_low_power  bsp_cpu.o
    0x080018aa   0x080018aa   0x00000010   Code   RO         1212    .text.exit_critical_section  bsp_cpu.o
    0x080018ba   0x080018ba   0x00000018   Code   RO         1202    .text.exit_low_power  bsp_cpu.o
    0x080018d2   0x080018d2   0x00000002   PAD
    0x080018d4   0x080018d4   0x00000116   Code   RO          210    .text.exti_init     gd32l23x_exti.o
    0x080019ea   0x080019ea   0x00000014   Code   RO          230    .text.exti_interrupt_flag_clear  gd32l23x_exti.o
    0x080019fe   0x080019fe   0x0000002e   Code   RO          228    .text.exti_interrupt_flag_get  gd32l23x_exti.o
    0x08001a2c   0x08001a2c   0x00000034   Code   RO         1178    .text.exti_register_callback  bsp_port.o
    0x08001a60   0x08001a60   0x0000006e   Code   RO         1397    .text.fmc_contiune_write  port_config.o
    0x08001ace   0x08001ace   0x0000007e   Code   RO         1153    .text.fmc_erase_pages  bsp_flash.o
    0x08001b4c   0x08001b4c   0x00000024   Code   RO          692    .text.fmc_flag_clear  gd32l23x_fmc.o
    0x08001b70   0x08001b70   0x00000024   Code   RO         1155    .text.fmc_flags_clear  bsp_flash.o
    0x08001b94   0x08001b94   0x00000012   Code   RO          630    .text.fmc_lock      gd32l23x_fmc.o
    0x08001ba6   0x08001ba6   0x00000062   Code   RO          642    .text.fmc_page_erase  gd32l23x_fmc.o
    0x08001c08   0x08001c08   0x0000005a   Code   RO          644    .text.fmc_ready_wait  gd32l23x_fmc.o
    0x08001c62   0x08001c62   0x00000098   Code   RO          702    .text.fmc_state_get  gd32l23x_fmc.o
    0x08001cfa   0x08001cfa   0x00000032   Code   RO          628    .text.fmc_unlock    gd32l23x_fmc.o
    0x08001d2c   0x08001d2c   0x00000054   Code   RO          648    .text.fmc_word_program  gd32l23x_fmc.o
    0x08001d80   0x08001d80   0x00000074   Code   RO         1159    .text.fmc_write_word  bsp_flash.o
    0x08001df4   0x08001df4   0x000001fe   Code   RO         1258    .text.get_current_charging_state  spq_function.o
    0x08001ff2   0x08001ff2   0x0000019a   Code   RO         1266    .text.get_current_key_state  spq_function.o
    0x0800218c   0x0800218c   0x0000002a   Code   RO         1380    .text.get_key_handler  key_cmd_handle.o
    0x080021b6   0x080021b6   0x000000d2   Code   RO         1234    .text.get_package_data  spq_function.o
    0x08002288   0x08002288   0x0000008e   Code   RO         1248    .text.get_package_direction  spq_function.o
    0x08002316   0x08002316   0x00000048   Code   RO         1246    .text.get_sum       spq_function.o
    0x0800235e   0x0800235e   0x000000c0   Code   RO          261    .text.gpio_af_set   gd32l23x_gpio.o
    0x0800241e   0x0800241e   0x00000010   Code   RO          247    .text.gpio_bit_reset  gd32l23x_gpio.o
    0x0800242e   0x0800242e   0x00000010   Code   RO          245    .text.gpio_bit_set  gd32l23x_gpio.o
    0x0800243e   0x0800243e   0x00000010   Code   RO          265    .text.gpio_bit_toggle  gd32l23x_gpio.o
    0x0800244e   0x0800244e   0x0000002a   Code   RO          253    .text.gpio_input_bit_get  gd32l23x_gpio.o
    0x08002478   0x08002478   0x0000008e   Code   RO          241    .text.gpio_mode_set  gd32l23x_gpio.o
    0x08002506   0x08002506   0x0000008a   Code   RO          243    .text.gpio_output_options_set  gd32l23x_gpio.o
    0x08002590   0x08002590   0x0000004a   Code   RO         1262    .text.handle_duanlu  spq_function.o
    0x080025da   0x080025da   0x00000002   PAD
    0x080025dc   0x080025dc   0x00000478   Code   RO         1250    .text.handle_key_data  spq_function.o
    0x08002a54   0x08002a54   0x0000071c   Code   RO         1254    .text.handle_key_state  spq_function.o
    0x08003170   0x08003170   0x00000234   Code   RO         1260    .text.handle_led_state  spq_function.o
    0x080033a4   0x080033a4   0x00000496   Code   RO         1252    .text.handle_pc_data  spq_function.o
    0x0800383a   0x0800383a   0x0000002c   Code   RO         1242    .text.init_args     spq_function.o
    0x08003866   0x08003866   0x0000005c   Code   RO         1531    .text.jump_bootloader  iap.o
    0x080038c2   0x080038c2   0x00000030   Code   RO           12    .text.key_rx_handler  app_main.o
    0x080038f2   0x080038f2   0x0000000c   Code   RO            6    .text.key_state_timer_handler  app_main.o
    0x080038fe   0x080038fe   0x0000000c   Code   RO            8    .text.led_state_timer_handler  app_main.o
    0x0800390a   0x0800390a   0x0000015c   Code   RO            2    .text.main          app_main.o
    0x08003a66   0x08003a66   0x00000010   Code   RO         1204    .text.mcu_software_reset  bsp_cpu.o
    0x08003a76   0x08003a76   0x0000002c   Code   RO          276    .text.nvic_irq_enable  gd32l23x_misc.o
    0x08003aa2   0x08003aa2   0x00000028   Code   RO          290    .text.nvic_vector_table_set  gd32l23x_misc.o
    0x08003aca   0x08003aca   0x00000094   Code   RO         1359    .text.on_get_device_info  pc_cmd_handle.o
    0x08003b5e   0x08003b5e   0x000000ea   Code   RO         1355    .text.on_get_key_state  pc_cmd_handle.o
    0x08003c48   0x08003c48   0x00000084   Code   RO         1378    .text.on_key_response_package  key_cmd_handle.o
    0x08003ccc   0x08003ccc   0x000000be   Code   RO         1376    .text.on_key_response_state  key_cmd_handle.o
    0x08003d8a   0x08003d8a   0x0000017e   Code   RO         1341    .text.on_kiss_adapter_id  pc_cmd_handle.o
    0x08003f08   0x08003f08   0x00000124   Code   RO         1361    .text.on_other_command  pc_cmd_handle.o
    0x0800402c   0x0800402c   0x00000044   Code   RO         1343    .text.on_reset_adapter_id  pc_cmd_handle.o
    0x08004070   0x08004070   0x00000100   Code   RO         1339    .text.on_set_adapter_address  pc_cmd_handle.o
    0x08004170   0x08004170   0x000000a0   Code   RO         1351    .text.on_set_key_address  pc_cmd_handle.o
    0x08004210   0x08004210   0x0000006c   Code   RO         1353    .text.on_set_key_id  pc_cmd_handle.o
    0x0800427c   0x0800427c   0x00000050   Code   RO         1363    .text.on_set_mode   pc_cmd_handle.o
    0x080042cc   0x080042cc   0x00000060   Code   RO         1357    .text.on_sync_end   pc_cmd_handle.o
    0x0800432c   0x0800432c   0x00000168   Code   RO         1345    .text.on_update_command  pc_cmd_handle.o
    0x08004494   0x08004494   0x000000fa   Code   RO         1349    .text.on_update_interrupt_table  pc_cmd_handle.o
    0x0800458e   0x0800458e   0x00000364   Code   RO         1347    .text.on_update_program  pc_cmd_handle.o
    0x080048f2   0x080048f2   0x00000030   Code   RO           14    .text.pc_rx_handler  app_main.o
    0x08004922   0x08004922   0x00000064   Code   RO          862    .text.pmu_to_sleepmode  gd32l23x_pmu.o
    0x08004986   0x08004986   0x00000028   Code   RO         1221    .text.print_log     bsp_log.o
    0x080049ae   0x080049ae   0x00000062   Code   RO         1268    .text.query_key_charging_state  spq_function.o
    0x08004a10   0x08004a10   0x00000014   Code   RO          385    .text.rcu_all_reset_flag_clear  gd32l23x_rcu.o
    0x08004a24   0x08004a24   0x0000086a   Code   RO          383    .text.rcu_clock_freq_get  gd32l23x_rcu.o
    0x0800528e   0x0800528e   0x0000003a   Code   RO          361    .text.rcu_flag_get  gd32l23x_rcu.o
    0x080052c8   0x080052c8   0x00000028   Code   RO          307    .text.rcu_periph_clock_enable  gd32l23x_rcu.o
    0x080052f0   0x080052f0   0x00000028   Code   RO          317    .text.rcu_periph_reset_disable  gd32l23x_rcu.o
    0x08005318   0x08005318   0x00000028   Code   RO          315    .text.rcu_periph_reset_enable  gd32l23x_rcu.o
    0x08005340   0x08005340   0x00000150   Code   RO         1244    .text.reg_handler   spq_function.o
    0x08005490   0x08005490   0x00000014   Code   RO         1223    .text.segger_rtt_init  bsp_log.o
    0x080054a4   0x080054a4   0x00000056   Code   RO         1232    .text.send_ack_from_package  spq_function.o
    0x080054fa   0x080054fa   0x00000058   Code   RO         1238    .text.send_nack_from_package  spq_function.o
    0x08005552   0x08005552   0x00000082   Code   RO         1395    .text.send_to_key   port_config.o
    0x080055d4   0x080055d4   0x00000082   Code   RO         1391    .text.send_to_pc    port_config.o
    0x08005656   0x08005656   0x00000002   PAD
    0x08005658   0x08005658   0x000000ba   Code   RO          406    .text.syscfg_exti_line_config  gd32l23x_syscfg.o
    0x08005712   0x08005712   0x00000142   Code   RO           37    .text.system_clock_64m_hxtal  system_gd32l23x.o
    0x08005854   0x08005854   0x00000008   Code   RO           31    .text.system_clock_config  system_gd32l23x.o
    0x0800585c   0x0800585c   0x00000012   Code   RO          923    .text.timer_auto_reload_shadow_enable  gd32l23x_timer.o
    0x0800586e   0x0800586e   0x000000d6   Code   RO          913    .text.timer_deinit  gd32l23x_timer.o
    0x08005944   0x08005944   0x00000012   Code   RO          919    .text.timer_enable  gd32l23x_timer.o
    0x08005956   0x08005956   0x000000a2   Code   RO          917    .text.timer_init    gd32l23x_timer.o
    0x080059f8   0x080059f8   0x00000014   Code   RO         1023    .text.timer_interrupt_enable  gd32l23x_timer.o
    0x08005a0c   0x08005a0c   0x00000012   Code   RO         1029    .text.timer_interrupt_flag_clear  gd32l23x_timer.o
    0x08005a1e   0x08005a1e   0x0000003a   Code   RO         1027    .text.timer_interrupt_flag_get  gd32l23x_timer.o
    0x08005a58   0x08005a58   0x00000034   Code   RO         1136    .text.timer_register_callback  bsp_timer.o
    0x08005a8c   0x08005a8c   0x00000022   Code   RO          915    .text.timer_struct_para_init  gd32l23x_timer.o
    0x08005aae   0x08005aae   0x00000034   Code   RO         1112    .text.uart_register_callback  bsp_uart.o
    0x08005ae2   0x08005ae2   0x00000086   Code   RO         1389    .text.uart_send     port_config.o
    0x08005b68   0x08005b68   0x000000f0   Code   RO          429    .text.usart_baudrate_set  gd32l23x_usart.o
    0x08005c58   0x08005c58   0x00000012   Code   RO          465    .text.usart_data_receive  gd32l23x_usart.o
    0x08005c6a   0x08005c6a   0x00000018   Code   RO          463    .text.usart_data_transmit  gd32l23x_usart.o
    0x08005c82   0x08005c82   0x00000096   Code   RO          427    .text.usart_deinit  gd32l23x_usart.o
    0x08005d18   0x08005d18   0x00000012   Code   RO          437    .text.usart_enable  gd32l23x_usart.o
    0x08005d2a   0x08005d2a   0x0000003c   Code   RO          557    .text.usart_flag_get  gd32l23x_usart.o
    0x08005d66   0x08005d66   0x00000022   Code   RO          563    .text.usart_interrupt_disable  gd32l23x_usart.o
    0x08005d88   0x08005d88   0x00000022   Code   RO          561    .text.usart_interrupt_enable  gd32l23x_usart.o
    0x08005daa   0x08005daa   0x00000062   Code   RO          565    .text.usart_interrupt_flag_get  gd32l23x_usart.o
    0x08005e0c   0x08005e0c   0x0000002e   Code   RO          431    .text.usart_parity_config  gd32l23x_usart.o
    0x08005e3a   0x08005e3a   0x0000001e   Code   RO          443    .text.usart_receive_config  gd32l23x_usart.o
    0x08005e58   0x08005e58   0x0000002e   Code   RO          435    .text.usart_stop_bit_set  gd32l23x_usart.o
    0x08005e86   0x08005e86   0x0000001e   Code   RO          441    .text.usart_transmit_config  gd32l23x_usart.o
    0x08005ea4   0x08005ea4   0x0000002e   Code   RO          433    .text.usart_word_length_set  gd32l23x_usart.o
    0x08005ed2   0x08005ed2   0x0000000e   Code   RO         1572    i.__scatterload_copy  mc_p.l(handlers.o)
    0x08005ee0   0x08005ee0   0x00000002   Code   RO         1573    i.__scatterload_null  mc_p.l(handlers.o)
    0x08005ee2   0x08005ee2   0x0000000e   Code   RO         1574    i.__scatterload_zeroinit  mc_p.l(handlers.o)
    0x08005ef0   0x08005ef0   0x00000004   Data   RO         1187    .rodata.EXTI_GPIO   bsp_port.o
    0x08005ef4   0x08005ef4   0x00000002   Data   RO         1186    .rodata.EXTI_GPIO_CLK  bsp_port.o
    0x08005ef6   0x08005ef6   0x00000001   Data   RO         1189    .rodata.EXTI_IRQn   bsp_port.o
    0x08005ef7   0x08005ef7   0x00000001   PAD
    0x08005ef8   0x08005ef8   0x00000004   Data   RO         1192    .rodata.EXTI_LINE   bsp_port.o
    0x08005efc   0x08005efc   0x00000004   Data   RO         1188    .rodata.EXTI_PIN    bsp_port.o
    0x08005f00   0x08005f00   0x00000001   Data   RO         1191    .rodata.EXTI_PIN_SOURCE  bsp_port.o
    0x08005f01   0x08005f01   0x00000001   Data   RO         1190    .rodata.EXTI_PORT_SOURCE  bsp_port.o
    0x08005f02   0x08005f02   0x00000012   Data   RO         1183    .rodata.PORT_CLK    bsp_port.o
    0x08005f14   0x08005f14   0x00000024   Data   RO         1184    .rodata.PORT_GPIO   bsp_port.o
    0x08005f38   0x08005f38   0x00000024   Data   RO         1185    .rodata.PORT_PIN    bsp_port.o
    0x08005f5c   0x08005f5c   0x00000004   Data   RO         1144    .rodata.TIMER_CLK   bsp_timer.o
    0x08005f60   0x08005f60   0x00000008   Data   RO         1145    .rodata.TIMER_ID    bsp_timer.o
    0x08005f68   0x08005f68   0x00000002   Data   RO         1143    .rodata.TIMER_IRQn  bsp_timer.o
    0x08005f6a   0x08005f6a   0x00000002   PAD
    0x08005f6c   0x08005f6c   0x00000008   Data   RO         1123    .rodata.USART_AF    bsp_uart.o
    0x08005f74   0x08005f74   0x00000004   Data   RO         1121    .rodata.USART_CLK   bsp_uart.o
    0x08005f78   0x08005f78   0x00000004   Data   RO         1120    .rodata.USART_GPIO_CLK  bsp_uart.o
    0x08005f7c   0x08005f7c   0x00000008   Data   RO         1122    .rodata.USART_GPIO_PORT  bsp_uart.o
    0x08005f84   0x08005f84   0x00000008   Data   RO         1126    .rodata.USART_ID    bsp_uart.o
    0x08005f8c   0x08005f8c   0x00000002   Data   RO         1119    .rodata.USART_IRQ   bsp_uart.o
    0x08005f8e   0x08005f8e   0x00000002   PAD
    0x08005f90   0x08005f90   0x00000008   Data   RO         1125    .rodata.USART_RX_PIN  bsp_uart.o
    0x08005f98   0x08005f98   0x00000008   Data   RO         1124    .rodata.USART_TX_PIN  bsp_uart.o
    0x08005fa0   0x08005fa0   0x00000011   Data   RO         1499    .rodata._DoInit._aInitStr  segger_rtt.o
    0x08005fb1   0x08005fb1   0x00000010   Data   RO         1521    .rodata._PrintUnsigned._aV2C  segger_rtt_printf.o
    0x08005fc1   0x08005fc1   0x00000037   Data   RO           16    .rodata.str1.1      app_main.o
    0x08005ff8   0x08005ff8   0x0000002b   Data   RO         1327    .rodata.str1.1      spq_function.o
    0x08006023   0x08006023   0x0000002f   Data   RO         1399    .rodata.str1.1      port_config.o
    0x08006052   0x08006052   0x00000009   Data   RO         1500    .rodata.str1.1      segger_rtt.o
    0x0800605b   0x0800605b   0x00000007   Data   RO         1520    .rodata.str1.1      segger_rtt_printf.o
    0x08006062   0x08006062   0x00000002   PAD
    0x08006064   0x08006064   0x00000020   Data   RO         1571    Region$$Table       anon$$obj.o


    Execution Region RW_IRAM1 (Exec base: 0x20000000, Load base: 0x08006088, Size: 0x000014b8, Max: 0x00008000, ABSOLUTE)

    Exec Addr    Load Addr    Size         Type   Attr      Idx    E Section Name        Object

    0x20000000   0x08006088   0x00000002   Data   RW         1279    .data.g_blink       spq_function.o
    0x20000002   0x0800608a   0x00000002   Data   RW         1317    .data.g_disable_charging_time  spq_function.o
    0x20000004   0x0800608c   0x00000002   Data   RW         1275    .data.g_key_address  spq_function.o
    0x20000006   0x0800608e   0x00000002   PAD
    0x20000008   0x08006090   0x00000004   Data   RW         1277    .data.g_key_id      spq_function.o
    0x2000000c   0x08006094   0x00000015   Data   RW         1274    .data.g_key_state_data  spq_function.o
    0x20000021   0x080060a9   0x00000001   PAD
    0x20000022   0x080060aa   0x00000002   Data   RW         1292    .data.g_on_new_state  spq_function.o
    0x20000024   0x080060ac   0x00000002   Data   RW         1315    .data.g_update_index  spq_function.o
    0x20000026   0x080060ae   0x00000002   Data   RW         1318    .data.send_delay_from_uart1  spq_function.o
    0x20000028        -       0x00000001   Zero   RW         1299    .bss.RxData0        spq_function.o
    0x20000029        -       0x00000001   Zero   RW         1307    .bss.RxData1        spq_function.o
    0x2000002a   0x080060b0   0x00000002   PAD
    0x2000002c        -       0x000000a8   Zero   RW         1496    .bss._SEGGER_RTT    segger_rtt.o
    0x200000d4        -       0x00000010   Zero   RW         1502    .bss._acDownBuffer  segger_rtt.o
    0x200000e4        -       0x00000400   Zero   RW         1501    .bss._acUpBuffer    segger_rtt.o
    0x200004e4        -       0x00000002   Zero   RW         1325    .bss.dataIndex0     spq_function.o
    0x200004e6        -       0x00000002   Zero   RW         1328    .bss.dataIndex1     spq_function.o
    0x200004e8        -       0x00000004   Zero   RW         1303    .bss.dataLen0       spq_function.o
    0x200004ec        -       0x00000004   Zero   RW         1311    .bss.dataLen1       spq_function.o
    0x200004f0        -       0x00000004   Zero   RW         1182    .bss.exti_handlers  bsp_port.o
    0x200004f4        -       0x00000100   Zero   RW         1284    .bss.g_buf          spq_function.o
    0x200005f4        -       0x00000002   Zero   RW         1290    .bss.g_check_key_flag  spq_function.o
    0x200005f6        -       0x00000002   Zero   RW         1291    .bss.g_checking_key_state  spq_function.o
    0x200005f8        -       0x00000002   Zero   RW         1319    .bss.g_comm_port_error  spq_function.o
    0x200005fa        -       0x00000002   Zero   RW         1316    .bss.g_current_package_index  spq_function.o
    0x200005fc        -       0x00000004   Zero   RW         1321    .bss.g_default_pc_handler  spq_function.o
    0x20000600        -       0x00000002   Zero   RW         1276    .bss.g_key_charge_state  spq_function.o
    0x20000602        -       0x00000001   Zero   RW         1288    .bss.g_key_flags    spq_function.o
    0x20000603   0x080060b0   0x00000001   PAD
    0x20000604        -       0x00000002   Zero   RW         1297    .bss.g_key_sync     spq_function.o
    0x20000606        -       0x00000008   Zero   RW         1330    .bss.g_last_checking_time  spq_function.o
    0x2000060e        -       0x00000008   Zero   RW         1324    .bss.g_last_time    spq_function.o
    0x20000616        -       0x00000002   Zero   RW         1287    .bss.g_mode         spq_function.o
    0x20000618        -       0x00000008   Zero   RW         1323    .bss.g_now_time     spq_function.o
    0x20000620        -       0x00000002   Zero   RW         1293    .bss.g_p35_high_count  spq_function.o
    0x20000622        -       0x00000002   Zero   RW         1304    .bss.g_p_new_uart0  spq_function.o
    0x20000624        -       0x00000002   Zero   RW         1312    .bss.g_p_new_uart1  spq_function.o
    0x20000626        -       0x00000002   Zero   RW         1305    .bss.g_p_old_uart0  spq_function.o
    0x20000628        -       0x00000002   Zero   RW         1313    .bss.g_p_old_uart1  spq_function.o
    0x2000062a   0x080060b0   0x00000002   PAD
    0x2000062c        -       0x00000010   Zero   RW         1322    .bss.g_package      spq_function.o
    0x2000063c        -       0x00000400   Zero   RW         1320    .bss.g_pc_handler   spq_function.o
    0x20000a3c        -       0x00000002   Zero   RW         1285    .bss.g_port1_error  spq_function.o
    0x20000a3e        -       0x00000002   Zero   RW         1283    .bss.g_query_charge_timeout  spq_function.o
    0x20000a40        -       0x00000002   Zero   RW         1282    .bss.g_query_key_timeout  spq_function.o
    0x20000a42        -       0x00000002   Zero   RW         1294    .bss.g_recv_key_state  spq_function.o
    0x20000a44        -       0x00000008   Zero   RW         1331    .bss.g_recv_key_time  spq_function.o
    0x20000a4c        -       0x00000002   Zero   RW         1278    .bss.g_recv_task_flag  spq_function.o
    0x20000a4e        -       0x00000001   Zero   RW         1273    .bss.g_temp_char    spq_function.o
    0x20000a4f        -       0x00000001   Zero   RW         1271    .bss.g_temp_uchar   spq_function.o
    0x20000a50        -       0x00000002   Zero   RW         1270    .bss.g_temp_uint    spq_function.o
    0x20000a52        -       0x00000002   Zero   RW         1280    .bss.g_timerA_tick  spq_function.o
    0x20000a54        -       0x00000002   Zero   RW         1281    .bss.g_timerB_tick  spq_function.o
    0x20000a56        -       0x00000002   Zero   RW         1289    .bss.g_uart_data_flags  spq_function.o
    0x20000a58        -       0x00000010   Zero   RW         1326    .bss.g_uart_package0  spq_function.o
    0x20000a68        -       0x00000010   Zero   RW         1329    .bss.g_uart_package1  spq_function.o
    0x20000a78        -       0x00000002   Zero   RW         1314    .bss.g_update_step  spq_function.o
    0x20000a7a        -       0x00000002   Zero   RW         1295    .bss.gc_check_full_count  spq_function.o
    0x20000a7c        -       0x00000002   Zero   RW         1296    .bss.gc_query_key_count  spq_function.o
    0x20000a7e        -       0x00000001   Zero   RW         1298    .bss.headerFlag0    spq_function.o
    0x20000a7f        -       0x00000001   Zero   RW         1306    .bss.headerFlag1    spq_function.o
    0x20000a80        -       0x0000020c   Zero   RW           18    .bss.keyBuf         app_main.o
    0x20000c8c        -       0x00000004   Zero   RW         1367    .bss.on_update_program.data_buff  pc_cmd_handle.o
    0x20000c90        -       0x00000001   Zero   RW         1368    .bss.on_update_program.data_len  pc_cmd_handle.o
    0x20000c91   0x080060b0   0x00000003   PAD
    0x20000c94        -       0x0000020c   Zero   RW           17    .bss.pcBuf          app_main.o
    0x20000ea0        -       0x00000002   Zero   RW         1300    .bss.sum0           spq_function.o
    0x20000ea2        -       0x00000002   Zero   RW         1308    .bss.sum1           spq_function.o
    0x20000ea4        -       0x00000002   Zero   RW         1301    .bss.tempUartUint0  spq_function.o
    0x20000ea6        -       0x00000002   Zero   RW         1309    .bss.tempUartUint1  spq_function.o
    0x20000ea8        -       0x00000008   Zero   RW         1142    .bss.timer_handlers  bsp_timer.o
    0x20000eb0        -       0x00000100   Zero   RW         1302    .bss.uartData0      spq_function.o
    0x20000fb0        -       0x00000100   Zero   RW         1310    .bss.uartData1      spq_function.o
    0x200010b0        -       0x00000008   Zero   RW         1118    .bss.usart_handlers  bsp_uart.o
    0x200010b8        -       0x00000400   Zero   RW         1062    STACK               startup_gd32l233xx.o


==============================================================================

Image component sizes


      Code (inc. data)   RO Data    RW Data    ZI Data      Debug   Object Name

       684          0         55          0       1048       2680   app_main.o
       126          0          0          0          0       1861   bsp_cpu.o
       278          0          0          0          0       1575   bsp_flash.o
        60          0          0          0          0        864   bsp_log.o
       576          0        107          0          4       5283   bsp_port.o
       400          0         14          0          8       4101   bsp_timer.o
       726          0         50          0          8       5792   bsp_uart.o
       344          0          0          0          0       3178   gd32l23x_exti.o
       528          0          0          0          0       8589   gd32l23x_fmc.o
       562          0          0          0          0       4515   gd32l23x_gpio.o
       274          0          0          0          0       4437   gd32l23x_misc.o
       100          0          0          0          0       5763   gd32l23x_pmu.o
      2352          0          0          0          0      13971   gd32l23x_rcu.o
       186          0          0          0          0       2656   gd32l23x_syscfg.o
       542          0          0          0          0      14764   gd32l23x_timer.o
       874          0          0          0          0      14132   gd32l23x_usart.o
       146          0          0          0          0       2126   iap.o
       364          0          0          0          0        878   key_cmd_handle.o
      3304          0          0          0          5       3990   pc_cmd_handle.o
       574          0         47          0          0       2263   port_config.o
       422          0          0          0          0       1520   queque.o
       852          0         26          0       1208      13967   segger_rtt.o
      1930          0         23          0          0       4162   segger_rtt_printf.o
      6850          0         43         37       1951       8555   spq_function.o
        28          8        340          0       1024        716   startup_gd32l233xx.o
       704          0          0          0          0       2527   system_gd32l23x.o

    ----------------------------------------------------------------------
     23794          8        744         40       5264     134865   Object Totals
         0          0         32          0          0          0   (incl. Generated)
         8          0          7          3          8          0   (incl. Padding)

    ----------------------------------------------------------------------

      Code (inc. data)   RO Data    RW Data    ZI Data      Debug   Library Member Name

         0          0          0          0          0          0   entry.o
         0          0          0          0          0          0   entry10a.o
         0          0          0          0          0          0   entry11a.o
         8          4          0          0          0          0   entry2.o
         4          0          0          0          0          0   entry5.o
         0          0          0          0          0          0   entry7b.o
         0          0          0          0          0          0   entry8b.o
         8          4          0          0          0          0   entry9a.o
        30          0          0          0          0          0   handlers.o
        48         10          0          0          0         68   init.o
        36          0          0          0          0         60   memcpya.o
        36          0          0          0          0        100   memseta.o

    ----------------------------------------------------------------------
       170         18          0          0          0        228   Library Totals
         0          0          0          0          0          0   (incl. Padding)

    ----------------------------------------------------------------------

      Code (inc. data)   RO Data    RW Data    ZI Data      Debug   Library Name

       170         18          0          0          0        228   mc_p.l

    ----------------------------------------------------------------------
       170         18          0          0          0        228   Library Totals

    ----------------------------------------------------------------------

==============================================================================


      Code (inc. data)   RO Data    RW Data    ZI Data      Debug   

     23964         26        744         40       5264     134721   Grand Totals
     23964         26        744         40       5264     134721   ELF Image Totals
     23964         26        744         40          0          0   ROM Totals

==============================================================================

    Total RO  Size (Code + RO Data)                24708 (  24.13kB)
    Total RW  Size (RW Data + ZI Data)              5304 (   5.18kB)
    Total ROM Size (Code + RO Data + RW Data)      24748 (  24.17kB)

==============================================================================

