<html>
<body>
<pre>
<h1>礦ision Build Log</h1>
<h2>Tool Versions:</h2>
IDE-Version: μVision V5.41.0.0
Copyright (C) 2024 ARM Ltd and ARM Germany GmbH. All rights reserved.
License Information: 32 a947025770@163.com, 31, LIC=PE7DL-0UPSK-UHW8H-WZGBT-Z1PVC-YLPJC
 
Tool Versions:
Toolchain:       MDK-ARM Plus  Version: 5.41.0.0
Toolchain Path:  D:\Keil_v5\ARM\ARMCLANG\Bin
C Compiler:      ArmClang.exe V6.22
Assembler:       Armasm.exe V6.22
Linker/Locator:  ArmLink.exe V6.22
Library Manager: ArmAr.exe V6.22
Hex Converter:   FromElf.exe V6.22
CPU DLL:         
Dialog DLL:      
Target DLL:      Segger\JL2CM3.dll V2.99.45.0
Dialog DLL:      TCM.DLL V1.56.4.0
 
<h2>Project:</h2>
d:\zdb\CDQ\CDQ_Motor\Template\Keil_project\Project.uvprojx
Project File Date:  10/11/2025

<h2>Output:</h2>
*** Using Compiler 'V6.22', folder: 'D:\Keil_v5\ARM\ARMCLANG\Bin'
Build target 'SPQ_APP'
compiling actuator.c...
linking...
Program Size: Code=28376 RO-data=836 RW-data=44 ZI-data=6332  
FromELF: creating hex file...
After Build - User command #1: cmd /c "".\tools\merge_hex.bat" "d:\zdb\CDQ\CDQ_Motor\Template\Keil_project\output\app\app.HEX""
[成功] 固件合并完成: 
After Build - User command #2: fromelf --bin --output=.\output\update_firmware\app.bin "d:\zdb\CDQ\CDQ_Motor\Template\Keil_project\output\app\app.axf"
".\output\app\app.axf" - 0 Error(s), 0 Warning(s).

<h2>Software Packages used:</h2>

Package Vendor: ARM
                https://www.keil.com/pack/ARM.CMSIS.6.1.0.pack
                ARM::CMSIS@6.1.0
                CMSIS (Common Microcontroller Software Interface Standard)
   * Component: CORE Version: 6.1.0

Package Vendor: GigaDevice
                https://gd32mcu.com/data/documents/pack/GigaDevice.GD32L23x_DFP.2.1.0.pack
                GigaDevice::GD32L23x_DFP@2.1.0
                GigaDevice GD32L23x Series Device Support and Examples

<h2>Collection of Component include folders:</h2>
  ./RTE/_SPQ_APP
  D:/Keil_v5/ARM/Pack/ARM/CMSIS/6.1.0/CMSIS/Core/Include
  D:/Keil_v5/ARM/Pack/GigaDevice/GD32L23x_DFP/2.1.0/Device/Include

<h2>Collection of Component Files used:</h2>

   * Component: ARM::CMSIS:CORE@6.1.0
Build Time Elapsed:  00:00:02
</pre>
</body>
</html>
